21:09:23 **** Incremental Build of configuration Debug for project RTOSBasis ****
make -j12 all 
arm-none-eabi-gcc "../Core/Src/main.c" -mcpu=cortex-m4 -std=gnu11 -g3 -DDEBUG -DUSE_HAL_DRIVER -DSTM32L476xx -c -I../Core/Inc -I../Drivers/STM32L4xx_HAL_Driver/Inc -I../Drivers/STM32L4xx_HAL_Driver/Inc/Legacy -I../Drivers/CMSIS/Device/ST/STM32L4xx/Include -I../Drivers/CMSIS/Include -I../Middlewares/Third_Party/FreeRTOS/Source/include -I../Middlewares/Third_Party/FreeRTOS/Source/CMSIS_RTOS_V2 -I../Middlewares/Third_Party/FreeRTOS/Source/portable/GCC/ARM_CM4F -O0 -ffunction-sections -fdata-sections -Wall -fstack-usage -fcyclomatic-complexity -MMD -MP -MF"Core/Src/main.d" -MT"Core/Src/main.o" --specs=nano.specs -mfpu=fpv4-sp-d16 -mfloat-abi=hard -mthumb -o "Core/Src/main.o"
arm-none-eabi-gcc -o "RTOSBasis.elf" @"objects.list"   -mcpu=cortex-m4 -T"D:\Develop\FYP\ProjectsRtos\RTOSBasis\STM32L476RGTX_FLASH.ld" --specs=nosys.specs -Wl,-Map="RTOSBasis.map" -Wl,--gc-sections -static --specs=nano.specs -mfpu=fpv4-sp-d16 -mfloat-abi=hard -mthumb -Wl,--start-group -lc -lm -Wl,--end-group
Finished building target: RTOSBasis.elf
 
arm-none-eabi-size  RTOSBasis.elf 
arm-none-eabi-objdump -h -S RTOSBasis.elf  > "RTOSBasis.list"
   text	   data	    bss	    dec	    hex	filename
  19212	     16	   8056	  27284	   6a94	RTOSBasis.elf
Finished building: default.size.stdout
 
Finished building: RTOSBasis.list
 

21:09:25 Build Finished. 0 errors, 0 warnings. (took 1s.293ms)

