01:08:40 **** Incremental Build of configuration Debug for project 74HC595 ****
make -j12 all 
arm-none-eabi-gcc "../Core/Src/main.c" -mcpu=cortex-m4 -std=gnu11 -g3 -DDEBUG -DUSE_HAL_DRIVER -DSTM32L476xx -c -I../Core/Inc -I../Drivers/STM32L4xx_HAL_Driver/Inc -I../Drivers/STM32L4xx_HAL_Driver/Inc/Legacy -I../Drivers/CMSIS/Device/ST/STM32L4xx/Include -I../Drivers/CMSIS/Include -O0 -ffunction-sections -fdata-sections -Wall -fstack-usage -fcyclomatic-complexity -MMD -MP -MF"Core/Src/main.d" -MT"Core/Src/main.o" --specs=nano.specs -mfpu=fpv4-sp-d16 -mfloat-abi=hard -mthumb -o "Core/Src/main.o"
../Core/Src/main.c: In function 'main':
../Core/Src/main.c:137:5: warning: implicit declaration of function 'printf' [-Wimplicit-function-declaration]
  137 |     printf("Displayed number: %d\n", cnt); // Make sure to initialize UART for printf
      |     ^~~~~~
../Core/Src/main.c:17:1: note: include '<stdio.h>' or provide a declaration of 'printf'
   16 | #include "main.h"
  +++ |+#include <stdio.h>
   17 | 
../Core/Src/main.c:137:5: warning: incompatible implicit declaration of built-in function 'printf' [-Wbuiltin-declaration-mismatch]
  137 |     printf("Displayed number: %d\n", cnt); // Make sure to initialize UART for printf
      |     ^~~~~~
../Core/Src/main.c:137:5: note: include '<stdio.h>' or provide a declaration of 'printf'
arm-none-eabi-gcc -o "74HC595.elf" @"objects.list"   -mcpu=cortex-m4 -T"D:\Develop\FYP\STM32CubeIDEworkspace_1.13.0\74HC595\STM32L476RGTX_FLASH.ld" --specs=nosys.specs -Wl,-Map="74HC595.map" -Wl,--gc-sections -static --specs=nano.specs -mfpu=fpv4-sp-d16 -mfloat-abi=hard -mthumb -Wl,--start-group -lc -lm -Wl,--end-group
Finished building target: 74HC595.elf
 
arm-none-eabi-size  74HC595.elf 
arm-none-eabi-objdump -h -S 74HC595.elf  > "74HC595.list"
   text	   data	    bss	    dec	    hex	filename
  18236	    124	   2124	  20484	   5004	74HC595.elf
Finished building: default.size.stdout
 
Finished building: 74HC595.list
 

01:08:41 Build Finished. 0 errors, 2 warnings. (took 1s.137ms)

