18:26:52 **** Build of configuration Debug for project LED ****
make -j12 all 
arm-none-eabi-gcc "../Drivers/STM32L4xx_HAL_Driver/Src/stm32l4xx_hal.c" -mcpu=cortex-m4 -std=gnu11 -g3 -DDEBUG -DUSE_HAL_DRIVER -DSTM32L476xx -c -I../Core/Inc -I../Drivers/STM32L4xx_HAL_Driver/Inc -I../Drivers/STM32L4xx_HAL_Driver/Inc/Legacy -I../Drivers/CMSIS/Device/ST/STM32L4xx/Include -I../Drivers/CMSIS/Include -O0 -ffunction-sections -fdata-sections -Wall -fstack-usage -fcyclomatic-complexity -MMD -MP -MF"Drivers/STM32L4xx_HAL_Driver/Src/stm32l4xx_hal.d" -MT"Drivers/STM32L4xx_HAL_Driver/Src/stm32l4xx_hal.o" --specs=nano.specs -mfpu=fpv4-sp-d16 -mfloat-abi=hard -mthumb -o "Drivers/STM32L4xx_HAL_Driver/Src/stm32l4xx_hal.o"
arm-none-eabi-gcc "../Drivers/STM32L4xx_HAL_Driver/Src/stm32l4xx_hal_cortex.c" -mcpu=cortex-m4 -std=gnu11 -g3 -DDEBUG -DUSE_HAL_DRIVER -DSTM32L476xx -c -I../Core/Inc -I../Drivers/STM32L4xx_HAL_Driver/Inc -I../Drivers/STM32L4xx_HAL_Driver/Inc/Legacy -I../Drivers/CMSIS/Device/ST/STM32L4xx/Include -I../Drivers/CMSIS/Include -O0 -ffunction-sections -fdata-sections -Wall -fstack-usage -fcyclomatic-complexity -MMD -MP -MF"Drivers/STM32L4xx_HAL_Driver/Src/stm32l4xx_hal_cortex.d" -MT"Drivers/STM32L4xx_HAL_Driver/Src/stm32l4xx_hal_cortex.o" --specs=nano.specs -mfpu=fpv4-sp-d16 -mfloat-abi=hard -mthumb -o "Drivers/STM32L4xx_HAL_Driver/Src/stm32l4xx_hal_cortex.o"
arm-none-eabi-gcc "../Drivers/STM32L4xx_HAL_Driver/Src/stm32l4xx_hal_dma.c" -mcpu=cortex-m4 -std=gnu11 -g3 -DDEBUG -DUSE_HAL_DRIVER -DSTM32L476xx -c -I../Core/Inc -I../Drivers/STM32L4xx_HAL_Driver/Inc -I../Drivers/STM32L4xx_HAL_Driver/Inc/Legacy -I../Drivers/CMSIS/Device/ST/STM32L4xx/Include -I../Drivers/CMSIS/Include -O0 -ffunction-sections -fdata-sections -Wall -fstack-usage -fcyclomatic-complexity -MMD -MP -MF"Drivers/STM32L4xx_HAL_Driver/Src/stm32l4xx_hal_dma.d" -MT"Drivers/STM32L4xx_HAL_Driver/Src/stm32l4xx_hal_dma.o" --specs=nano.specs -mfpu=fpv4-sp-d16 -mfloat-abi=hard -mthumb -o "Drivers/STM32L4xx_HAL_Driver/Src/stm32l4xx_hal_dma.o"
arm-none-eabi-gcc "../Drivers/STM32L4xx_HAL_Driver/Src/stm32l4xx_hal_dma_ex.c" -mcpu=cortex-m4 -std=gnu11 -g3 -DDEBUG -DUSE_HAL_DRIVER -DSTM32L476xx -c -I../Core/Inc -I../Drivers/STM32L4xx_HAL_Driver/Inc -I../Drivers/STM32L4xx_HAL_Driver/Inc/Legacy -I../Drivers/CMSIS/Device/ST/STM32L4xx/Include -I../Drivers/CMSIS/Include -O0 -ffunction-sections -fdata-sections -Wall -fstack-usage -fcyclomatic-complexity -MMD -MP -MF"Drivers/STM32L4xx_HAL_Driver/Src/stm32l4xx_hal_dma_ex.d" -MT"Drivers/STM32L4xx_HAL_Driver/Src/stm32l4xx_hal_dma_ex.o" --specs=nano.specs -mfpu=fpv4-sp-d16 -mfloat-abi=hard -mthumb -o "Drivers/STM32L4xx_HAL_Driver/Src/stm32l4xx_hal_dma_ex.o"
arm-none-eabi-gcc "../Drivers/STM32L4xx_HAL_Driver/Src/stm32l4xx_hal_exti.c" -mcpu=cortex-m4 -std=gnu11 -g3 -DDEBUG -DUSE_HAL_DRIVER -DSTM32L476xx -c -I../Core/Inc -I../Drivers/STM32L4xx_HAL_Driver/Inc -I../Drivers/STM32L4xx_HAL_Driver/Inc/Legacy -I../Drivers/CMSIS/Device/ST/STM32L4xx/Include -I../Drivers/CMSIS/Include -O0 -ffunction-sections -fdata-sections -Wall -fstack-usage -fcyclomatic-complexity -MMD -MP -MF"Drivers/STM32L4xx_HAL_Driver/Src/stm32l4xx_hal_exti.d" -MT"Drivers/STM32L4xx_HAL_Driver/Src/stm32l4xx_hal_exti.o" --specs=nano.specs -mfpu=fpv4-sp-d16 -mfloat-abi=hard -mthumb -o "Drivers/STM32L4xx_HAL_Driver/Src/stm32l4xx_hal_exti.o"
arm-none-eabi-gcc "../Drivers/STM32L4xx_HAL_Driver/Src/stm32l4xx_hal_flash.c" -mcpu=cortex-m4 -std=gnu11 -g3 -DDEBUG -DUSE_HAL_DRIVER -DSTM32L476xx -c -I../Core/Inc -I../Drivers/STM32L4xx_HAL_Driver/Inc -I../Drivers/STM32L4xx_HAL_Driver/Inc/Legacy -I../Drivers/CMSIS/Device/ST/STM32L4xx/Include -I../Drivers/CMSIS/Include -O0 -ffunction-sections -fdata-sections -Wall -fstack-usage -fcyclomatic-complexity -MMD -MP -MF"Drivers/STM32L4xx_HAL_Driver/Src/stm32l4xx_hal_flash.d" -MT"Drivers/STM32L4xx_HAL_Driver/Src/stm32l4xx_hal_flash.o" --specs=nano.specs -mfpu=fpv4-sp-d16 -mfloat-abi=hard -mthumb -o "Drivers/STM32L4xx_HAL_Driver/Src/stm32l4xx_hal_flash.o"
arm-none-eabi-gcc "../Drivers/STM32L4xx_HAL_Driver/Src/stm32l4xx_hal_flash_ex.c" -mcpu=cortex-m4 -std=gnu11 -g3 -DDEBUG -DUSE_HAL_DRIVER -DSTM32L476xx -c -I../Core/Inc -I../Drivers/STM32L4xx_HAL_Driver/Inc -I../Drivers/STM32L4xx_HAL_Driver/Inc/Legacy -I../Drivers/CMSIS/Device/ST/STM32L4xx/Include -I../Drivers/CMSIS/Include -O0 -ffunction-sections -fdata-sections -Wall -fstack-usage -fcyclomatic-complexity -MMD -MP -MF"Drivers/STM32L4xx_HAL_Driver/Src/stm32l4xx_hal_flash_ex.d" -MT"Drivers/STM32L4xx_HAL_Driver/Src/stm32l4xx_hal_flash_ex.o" --specs=nano.specs -mfpu=fpv4-sp-d16 -mfloat-abi=hard -mthumb -o "Drivers/STM32L4xx_HAL_Driver/Src/stm32l4xx_hal_flash_ex.o"
arm-none-eabi-gcc "../Drivers/STM32L4xx_HAL_Driver/Src/stm32l4xx_hal_flash_ramfunc.c" -mcpu=cortex-m4 -std=gnu11 -g3 -DDEBUG -DUSE_HAL_DRIVER -DSTM32L476xx -c -I../Core/Inc -I../Drivers/STM32L4xx_HAL_Driver/Inc -I../Drivers/STM32L4xx_HAL_Driver/Inc/Legacy -I../Drivers/CMSIS/Device/ST/STM32L4xx/Include -I../Drivers/CMSIS/Include -O0 -ffunction-sections -fdata-sections -Wall -fstack-usage -fcyclomatic-complexity -MMD -MP -MF"Drivers/STM32L4xx_HAL_Driver/Src/stm32l4xx_hal_flash_ramfunc.d" -MT"Drivers/STM32L4xx_HAL_Driver/Src/stm32l4xx_hal_flash_ramfunc.o" --specs=nano.specs -mfpu=fpv4-sp-d16 -mfloat-abi=hard -mthumb -o "Drivers/STM32L4xx_HAL_Driver/Src/stm32l4xx_hal_flash_ramfunc.o"
arm-none-eabi-gcc "../Drivers/STM32L4xx_HAL_Driver/Src/stm32l4xx_hal_gpio.c" -mcpu=cortex-m4 -std=gnu11 -g3 -DDEBUG -DUSE_HAL_DRIVER -DSTM32L476xx -c -I../Core/Inc -I../Drivers/STM32L4xx_HAL_Driver/Inc -I../Drivers/STM32L4xx_HAL_Driver/Inc/Legacy -I../Drivers/CMSIS/Device/ST/STM32L4xx/Include -I../Drivers/CMSIS/Include -O0 -ffunction-sections -fdata-sections -Wall -fstack-usage -fcyclomatic-complexity -MMD -MP -MF"Drivers/STM32L4xx_HAL_Driver/Src/stm32l4xx_hal_gpio.d" -MT"Drivers/STM32L4xx_HAL_Driver/Src/stm32l4xx_hal_gpio.o" --specs=nano.specs -mfpu=fpv4-sp-d16 -mfloat-abi=hard -mthumb -o "Drivers/STM32L4xx_HAL_Driver/Src/stm32l4xx_hal_gpio.o"
arm-none-eabi-gcc "../Drivers/STM32L4xx_HAL_Driver/Src/stm32l4xx_hal_pwr.c" -mcpu=cortex-m4 -std=gnu11 -g3 -DDEBUG -DUSE_HAL_DRIVER -DSTM32L476xx -c -I../Core/Inc -I../Drivers/STM32L4xx_HAL_Driver/Inc -I../Drivers/STM32L4xx_HAL_Driver/Inc/Legacy -I../Drivers/CMSIS/Device/ST/STM32L4xx/Include -I../Drivers/CMSIS/Include -O0 -ffunction-sections -fdata-sections -Wall -fstack-usage -fcyclomatic-complexity -MMD -MP -MF"Drivers/STM32L4xx_HAL_Driver/Src/stm32l4xx_hal_pwr.d" -MT"Drivers/STM32L4xx_HAL_Driver/Src/stm32l4xx_hal_pwr.o" --specs=nano.specs -mfpu=fpv4-sp-d16 -mfloat-abi=hard -mthumb -o "Drivers/STM32L4xx_HAL_Driver/Src/stm32l4xx_hal_pwr.o"
arm-none-eabi-gcc "../Drivers/STM32L4xx_HAL_Driver/Src/stm32l4xx_hal_pwr_ex.c" -mcpu=cortex-m4 -std=gnu11 -g3 -DDEBUG -DUSE_HAL_DRIVER -DSTM32L476xx -c -I../Core/Inc -I../Drivers/STM32L4xx_HAL_Driver/Inc -I../Drivers/STM32L4xx_HAL_Driver/Inc/Legacy -I../Drivers/CMSIS/Device/ST/STM32L4xx/Include -I../Drivers/CMSIS/Include -O0 -ffunction-sections -fdata-sections -Wall -fstack-usage -fcyclomatic-complexity -MMD -MP -MF"Drivers/STM32L4xx_HAL_Driver/Src/stm32l4xx_hal_pwr_ex.d" -MT"Drivers/STM32L4xx_HAL_Driver/Src/stm32l4xx_hal_pwr_ex.o" --specs=nano.specs -mfpu=fpv4-sp-d16 -mfloat-abi=hard -mthumb -o "Drivers/STM32L4xx_HAL_Driver/Src/stm32l4xx_hal_pwr_ex.o"
arm-none-eabi-gcc "../Drivers/STM32L4xx_HAL_Driver/Src/stm32l4xx_hal_rcc.c" -mcpu=cortex-m4 -std=gnu11 -g3 -DDEBUG -DUSE_HAL_DRIVER -DSTM32L476xx -c -I../Core/Inc -I../Drivers/STM32L4xx_HAL_Driver/Inc -I../Drivers/STM32L4xx_HAL_Driver/Inc/Legacy -I../Drivers/CMSIS/Device/ST/STM32L4xx/Include -I../Drivers/CMSIS/Include -O0 -ffunction-sections -fdata-sections -Wall -fstack-usage -fcyclomatic-complexity -MMD -MP -MF"Drivers/STM32L4xx_HAL_Driver/Src/stm32l4xx_hal_rcc.d" -MT"Drivers/STM32L4xx_HAL_Driver/Src/stm32l4xx_hal_rcc.o" --specs=nano.specs -mfpu=fpv4-sp-d16 -mfloat-abi=hard -mthumb -o "Drivers/STM32L4xx_HAL_Driver/Src/stm32l4xx_hal_rcc.o"
arm-none-eabi-gcc "../Drivers/STM32L4xx_HAL_Driver/Src/stm32l4xx_hal_rcc_ex.c" -mcpu=cortex-m4 -std=gnu11 -g3 -DDEBUG -DUSE_HAL_DRIVER -DSTM32L476xx -c -I../Core/Inc -I../Drivers/STM32L4xx_HAL_Driver/Inc -I../Drivers/STM32L4xx_HAL_Driver/Inc/Legacy -I../Drivers/CMSIS/Device/ST/STM32L4xx/Include -I../Drivers/CMSIS/Include -O0 -ffunction-sections -fdata-sections -Wall -fstack-usage -fcyclomatic-complexity -MMD -MP -MF"Drivers/STM32L4xx_HAL_Driver/Src/stm32l4xx_hal_rcc_ex.d" -MT"Drivers/STM32L4xx_HAL_Driver/Src/stm32l4xx_hal_rcc_ex.o" --specs=nano.specs -mfpu=fpv4-sp-d16 -mfloat-abi=hard -mthumb -o "Drivers/STM32L4xx_HAL_Driver/Src/stm32l4xx_hal_rcc_ex.o"
arm-none-eabi-gcc "../Drivers/STM32L4xx_HAL_Driver/Src/stm32l4xx_hal_tim.c" -mcpu=cortex-m4 -std=gnu11 -g3 -DDEBUG -DUSE_HAL_DRIVER -DSTM32L476xx -c -I../Core/Inc -I../Drivers/STM32L4xx_HAL_Driver/Inc -I../Drivers/STM32L4xx_HAL_Driver/Inc/Legacy -I../Drivers/CMSIS/Device/ST/STM32L4xx/Include -I../Drivers/CMSIS/Include -O0 -ffunction-sections -fdata-sections -Wall -fstack-usage -fcyclomatic-complexity -MMD -MP -MF"Drivers/STM32L4xx_HAL_Driver/Src/stm32l4xx_hal_tim.d" -MT"Drivers/STM32L4xx_HAL_Driver/Src/stm32l4xx_hal_tim.o" --specs=nano.specs -mfpu=fpv4-sp-d16 -mfloat-abi=hard -mthumb -o "Drivers/STM32L4xx_HAL_Driver/Src/stm32l4xx_hal_tim.o"
arm-none-eabi-gcc "../Drivers/STM32L4xx_HAL_Driver/Src/stm32l4xx_hal_tim_ex.c" -mcpu=cortex-m4 -std=gnu11 -g3 -DDEBUG -DUSE_HAL_DRIVER -DSTM32L476xx -c -I../Core/Inc -I../Drivers/STM32L4xx_HAL_Driver/Inc -I../Drivers/STM32L4xx_HAL_Driver/Inc/Legacy -I../Drivers/CMSIS/Device/ST/STM32L4xx/Include -I../Drivers/CMSIS/Include -O0 -ffunction-sections -fdata-sections -Wall -fstack-usage -fcyclomatic-complexity -MMD -MP -MF"Drivers/STM32L4xx_HAL_Driver/Src/stm32l4xx_hal_tim_ex.d" -MT"Drivers/STM32L4xx_HAL_Driver/Src/stm32l4xx_hal_tim_ex.o" --specs=nano.specs -mfpu=fpv4-sp-d16 -mfloat-abi=hard -mthumb -o "Drivers/STM32L4xx_HAL_Driver/Src/stm32l4xx_hal_tim_ex.o"
arm-none-eabi-gcc "../Drivers/STM32L4xx_HAL_Driver/Src/stm32l4xx_hal_uart.c" -mcpu=cortex-m4 -std=gnu11 -g3 -DDEBUG -DUSE_HAL_DRIVER -DSTM32L476xx -c -I../Core/Inc -I../Drivers/STM32L4xx_HAL_Driver/Inc -I../Drivers/STM32L4xx_HAL_Driver/Inc/Legacy -I../Drivers/CMSIS/Device/ST/STM32L4xx/Include -I../Drivers/CMSIS/Include -O0 -ffunction-sections -fdata-sections -Wall -fstack-usage -fcyclomatic-complexity -MMD -MP -MF"Drivers/STM32L4xx_HAL_Driver/Src/stm32l4xx_hal_uart.d" -MT"Drivers/STM32L4xx_HAL_Driver/Src/stm32l4xx_hal_uart.o" --specs=nano.specs -mfpu=fpv4-sp-d16 -mfloat-abi=hard -mthumb -o "Drivers/STM32L4xx_HAL_Driver/Src/stm32l4xx_hal_uart.o"
arm-none-eabi-gcc "../Drivers/STM32L4xx_HAL_Driver/Src/stm32l4xx_hal_uart_ex.c" -mcpu=cortex-m4 -std=gnu11 -g3 -DDEBUG -DUSE_HAL_DRIVER -DSTM32L476xx -c -I../Core/Inc -I../Drivers/STM32L4xx_HAL_Driver/Inc -I../Drivers/STM32L4xx_HAL_Driver/Inc/Legacy -I../Drivers/CMSIS/Device/ST/STM32L4xx/Include -I../Drivers/CMSIS/Include -O0 -ffunction-sections -fdata-sections -Wall -fstack-usage -fcyclomatic-complexity -MMD -MP -MF"Drivers/STM32L4xx_HAL_Driver/Src/stm32l4xx_hal_uart_ex.d" -MT"Drivers/STM32L4xx_HAL_Driver/Src/stm32l4xx_hal_uart_ex.o" --specs=nano.specs -mfpu=fpv4-sp-d16 -mfloat-abi=hard -mthumb -o "Drivers/STM32L4xx_HAL_Driver/Src/stm32l4xx_hal_uart_ex.o"
arm-none-eabi-gcc -mcpu=cortex-m4 -g3 -DDEBUG -c -x assembler-with-cpp -MMD -MP -MF"Core/Startup/startup_stm32l476rgtx.d" -MT"Core/Startup/startup_stm32l476rgtx.o" --specs=nano.specs -mfpu=fpv4-sp-d16 -mfloat-abi=hard -mthumb -o "Core/Startup/startup_stm32l476rgtx.o" "../Core/Startup/startup_stm32l476rgtx.s"
arm-none-eabi-gcc "../Core/Src/main.c" -mcpu=cortex-m4 -std=gnu11 -g3 -DDEBUG -DUSE_HAL_DRIVER -DSTM32L476xx -c -I../Core/Inc -I../Drivers/STM32L4xx_HAL_Driver/Inc -I../Drivers/STM32L4xx_HAL_Driver/Inc/Legacy -I../Drivers/CMSIS/Device/ST/STM32L4xx/Include -I../Drivers/CMSIS/Include -O0 -ffunction-sections -fdata-sections -Wall -fstack-usage -fcyclomatic-complexity -MMD -MP -MF"Core/Src/main.d" -MT"Core/Src/main.o" --specs=nano.specs -mfpu=fpv4-sp-d16 -mfloat-abi=hard -mthumb -o "Core/Src/main.o"
arm-none-eabi-gcc "../Core/Src/stm32l4xx_hal_msp.c" -mcpu=cortex-m4 -std=gnu11 -g3 -DDEBUG -DUSE_HAL_DRIVER -DSTM32L476xx -c -I../Core/Inc -I../Drivers/STM32L4xx_HAL_Driver/Inc -I../Drivers/STM32L4xx_HAL_Driver/Inc/Legacy -I../Drivers/CMSIS/Device/ST/STM32L4xx/Include -I../Drivers/CMSIS/Include -O0 -ffunction-sections -fdata-sections -Wall -fstack-usage -fcyclomatic-complexity -MMD -MP -MF"Core/Src/stm32l4xx_hal_msp.d" -MT"Core/Src/stm32l4xx_hal_msp.o" --specs=nano.specs -mfpu=fpv4-sp-d16 -mfloat-abi=hard -mthumb -o "Core/Src/stm32l4xx_hal_msp.o"
arm-none-eabi-gcc "../Core/Src/stm32l4xx_it.c" -mcpu=cortex-m4 -std=gnu11 -g3 -DDEBUG -DUSE_HAL_DRIVER -DSTM32L476xx -c -I../Core/Inc -I../Drivers/STM32L4xx_HAL_Driver/Inc -I../Drivers/STM32L4xx_HAL_Driver/Inc/Legacy -I../Drivers/CMSIS/Device/ST/STM32L4xx/Include -I../Drivers/CMSIS/Include -O0 -ffunction-sections -fdata-sections -Wall -fstack-usage -fcyclomatic-complexity -MMD -MP -MF"Core/Src/stm32l4xx_it.d" -MT"Core/Src/stm32l4xx_it.o" --specs=nano.specs -mfpu=fpv4-sp-d16 -mfloat-abi=hard -mthumb -o "Core/Src/stm32l4xx_it.o"
arm-none-eabi-gcc "../Core/Src/syscalls.c" -mcpu=cortex-m4 -std=gnu11 -g3 -DDEBUG -DUSE_HAL_DRIVER -DSTM32L476xx -c -I../Core/Inc -I../Drivers/STM32L4xx_HAL_Driver/Inc -I../Drivers/STM32L4xx_HAL_Driver/Inc/Legacy -I../Drivers/CMSIS/Device/ST/STM32L4xx/Include -I../Drivers/CMSIS/Include -O0 -ffunction-sections -fdata-sections -Wall -fstack-usage -fcyclomatic-complexity -MMD -MP -MF"Core/Src/syscalls.d" -MT"Core/Src/syscalls.o" --specs=nano.specs -mfpu=fpv4-sp-d16 -mfloat-abi=hard -mthumb -o "Core/Src/syscalls.o"
arm-none-eabi-gcc "../Core/Src/sysmem.c" -mcpu=cortex-m4 -std=gnu11 -g3 -DDEBUG -DUSE_HAL_DRIVER -DSTM32L476xx -c -I../Core/Inc -I../Drivers/STM32L4xx_HAL_Driver/Inc -I../Drivers/STM32L4xx_HAL_Driver/Inc/Legacy -I../Drivers/CMSIS/Device/ST/STM32L4xx/Include -I../Drivers/CMSIS/Include -O0 -ffunction-sections -fdata-sections -Wall -fstack-usage -fcyclomatic-complexity -MMD -MP -MF"Core/Src/sysmem.d" -MT"Core/Src/sysmem.o" --specs=nano.specs -mfpu=fpv4-sp-d16 -mfloat-abi=hard -mthumb -o "Core/Src/sysmem.o"
arm-none-eabi-gcc "../Core/Src/system_stm32l4xx.c" -mcpu=cortex-m4 -std=gnu11 -g3 -DDEBUG -DUSE_HAL_DRIVER -DSTM32L476xx -c -I../Core/Inc -I../Drivers/STM32L4xx_HAL_Driver/Inc -I../Drivers/STM32L4xx_HAL_Driver/Inc/Legacy -I../Drivers/CMSIS/Device/ST/STM32L4xx/Include -I../Drivers/CMSIS/Include -O0 -ffunction-sections -fdata-sections -Wall -fstack-usage -fcyclomatic-complexity -MMD -MP -MF"Core/Src/system_stm32l4xx.d" -MT"Core/Src/system_stm32l4xx.o" --specs=nano.specs -mfpu=fpv4-sp-d16 -mfloat-abi=hard -mthumb -o "Core/Src/system_stm32l4xx.o"
../Core/Src/main.c: In function 'main':
../Core/Src/main.c:99:29: error: 'GPIOX' undeclared (first use in this function); did you mean 'GPIOH'?
   99 |           HAL_GPIO_WritePin(GPIOX, GPIO_Pin_5, 1);
      |                             ^~~~~
      |                             GPIOH
../Core/Src/main.c:99:29: note: each undeclared identifier is reported only once for each function it appears in
../Core/Src/main.c:99:36: error: 'GPIO_Pin_5' undeclared (first use in this function); did you mean 'GPIO_PIN_5'?
   99 |           HAL_GPIO_WritePin(GPIOX, GPIO_Pin_5, 1);
      |                                    ^~~~~~~~~~
      |                                    GPIO_PIN_5
make: *** [Core/Src/subdir.mk:34: Core/Src/main.o] Error 1
make: *** Waiting for unfinished jobs....
"make -j12 all" terminated with exit code 2. Build might be incomplete.
18:27:30 **** Incremental Build of configuration Debug for project LED ****
make -j12 all 
arm-none-eabi-gcc "../Core/Src/main.c" -mcpu=cortex-m4 -std=gnu11 -g3 -DDEBUG -DUSE_HAL_DRIVER -DSTM32L476xx -c -I../Core/Inc -I../Drivers/STM32L4xx_HAL_Driver/Inc -I../Drivers/STM32L4xx_HAL_Driver/Inc/Legacy -I../Drivers/CMSIS/Device/ST/STM32L4xx/Include -I../Drivers/CMSIS/Include -O0 -ffunction-sections -fdata-sections -Wall -fstack-usage -fcyclomatic-complexity -MMD -MP -MF"Core/Src/main.d" -MT"Core/Src/main.o" --specs=nano.specs -mfpu=fpv4-sp-d16 -mfloat-abi=hard -mthumb -o "Core/Src/main.o"
../Core/Src/main.c: In function 'main':
../Core/Src/main.c:99:36: error: 'GPIO_Pin_5' undeclared (first use in this function); did you mean 'GPIO_PIN_5'?
   99 |           HAL_GPIO_WritePin(GPIOA, GPIO_Pin_5, 1);
      |                                    ^~~~~~~~~~
      |                                    GPIO_PIN_5
../Core/Src/main.c:99:36: note: each undeclared identifier is reported only once for each function it appears in
make: *** [Core/Src/subdir.mk:34: Core/Src/main.o] Error 1
"make -j12 all" terminated with exit code 2. Build might be incomplete.
18:28:03 **** Incremental Build of configuration Debug for project LED ****
make -j12 all 
arm-none-eabi-gcc "../Core/Src/main.c" -mcpu=cortex-m4 -std=gnu11 -g3 -DDEBUG -DUSE_HAL_DRIVER -DSTM32L476xx -c -I../Core/Inc -I../Drivers/STM32L4xx_HAL_Driver/Inc -I../Drivers/STM32L4xx_HAL_Driver/Inc/Legacy -I../Drivers/CMSIS/Device/ST/STM32L4xx/Include -I../Drivers/CMSIS/Include -O0 -ffunction-sections -fdata-sections -Wall -fstack-usage -fcyclomatic-complexity -MMD -MP -MF"Core/Src/main.d" -MT"Core/Src/main.o" --specs=nano.specs -mfpu=fpv4-sp-d16 -mfloat-abi=hard -mthumb -o "Core/Src/main.o"
arm-none-eabi-gcc -o "LED.elf" @"objects.list"   -mcpu=cortex-m4 -T"D:\Develop\FYP\STM32CubeIDEworkspace_1.13.0\LED\STM32L476RGTX_FLASH.ld" --specs=nosys.specs -Wl,-Map="LED.map" -Wl,--gc-sections -static --specs=nano.specs -mfpu=fpv4-sp-d16 -mfloat-abi=hard -mthumb -Wl,--start-group -lc -lm -Wl,--end-group
Finished building target: LED.elf
 
arm-none-eabi-size   LED.elf 
arm-none-eabi-objdump -h -S  LED.elf  > "LED.list"
   text	   data	    bss	    dec	    hex	filename
  12400	     20	   1708	  14128	   3730	LED.elf
Finished building: default.size.stdout
 
Finished building: LED.list
 
18:29:29 **** Incremental Build of configuration Debug for project LED ****
make -j12 all 
arm-none-eabi-size   LED.elf 
   text	   data	    bss	    dec	    hex	filename
  12400	     20	   1708	  14128	   3730	LED.elf
Finished building: default.size.stdout
 
18:30:59 **** Incremental Build of configuration Debug for project LED ****
make -j12 all 
arm-none-eabi-gcc "../Core/Src/main.c" -mcpu=cortex-m4 -std=gnu11 -g3 -DDEBUG -DUSE_HAL_DRIVER -DSTM32L476xx -c -I../Core/Inc -I../Drivers/STM32L4xx_HAL_Driver/Inc -I../Drivers/STM32L4xx_HAL_Driver/Inc/Legacy -I../Drivers/CMSIS/Device/ST/STM32L4xx/Include -I../Drivers/CMSIS/Include -O0 -ffunction-sections -fdata-sections -Wall -fstack-usage -fcyclomatic-complexity -MMD -MP -MF"Core/Src/main.d" -MT"Core/Src/main.o" --specs=nano.specs -mfpu=fpv4-sp-d16 -mfloat-abi=hard -mthumb -o "Core/Src/main.o"
arm-none-eabi-gcc -o "LED.elf" @"objects.list"   -mcpu=cortex-m4 -T"D:\Develop\FYP\STM32CubeIDEworkspace_1.13.0\LED\STM32L476RGTX_FLASH.ld" --specs=nosys.specs -Wl,-Map="LED.map" -Wl,--gc-sections -static --specs=nano.specs -mfpu=fpv4-sp-d16 -mfloat-abi=hard -mthumb -Wl,--start-group -lc -lm -Wl,--end-group
Finished building target: LED.elf
 
arm-none-eabi-size   LED.elf 
arm-none-eabi-objdump -h -S  LED.elf  > "LED.list"
   text	   data	    bss	    dec	    hex	filename
  12400	     20	   1708	  14128	   3730	LED.elf
Finished building: default.size.stdout
 
Finished building: LED.list
 
13:11:59 **** Build of configuration Debug for project LED ****
make -j12 all 
arm-none-eabi-gcc "../Core/Src/main.c" -mcpu=cortex-m4 -std=gnu11 -g3 -DDEBUG -DUSE_HAL_DRIVER -DSTM32L476xx -c -I../Core/Inc -I../Drivers/STM32L4xx_HAL_Driver/Inc -I../Drivers/STM32L4xx_HAL_Driver/Inc/Legacy -I../Drivers/CMSIS/Device/ST/STM32L4xx/Include -I../Drivers/CMSIS/Include -O0 -ffunction-sections -fdata-sections -Wall -fstack-usage -fcyclomatic-complexity -MMD -MP -MF"Core/Src/main.d" -MT"Core/Src/main.o" --specs=nano.specs -mfpu=fpv4-sp-d16 -mfloat-abi=hard -mthumb -o "Core/Src/main.o"
../Core/Src/main.c: In function 'main':
../Core/Src/main.c:99:11: warning: implicit declaration of function 'HAL_GPIO_Toggle'; did you mean 'HAL_GPIO_TogglePin'? [-Wimplicit-function-declaration]
   99 |           HAL_GPIO_Toggle(GPIOA, GPIO_PIN_5);
      |           ^~~~~~~~~~~~~~~
      |           HAL_GPIO_TogglePin
arm-none-eabi-gcc -o "LED.elf" @"objects.list"   -mcpu=cortex-m4 -T"D:\Develop\FYP\STM32CubeIDEworkspace_1.13.0\LED\STM32L476RGTX_FLASH.ld" --specs=nosys.specs -Wl,-Map="LED.map" -Wl,--gc-sections -static --specs=nano.specs -mfpu=fpv4-sp-d16 -mfloat-abi=hard -mthumb -Wl,--start-group -lc -lm -Wl,--end-group
D:/STM32CubeIDE_1.13.0/STM32CubeIDE/plugins/com.st.stm32cube.ide.mcu.externaltools.gnu-tools-for-stm32.11.3.rel1.win32_1.1.0.202305231506/tools/bin/../lib/gcc/arm-none-eabi/11.3.1/../../../../arm-none-eabi/bin/ld.exe: ./Core/Src/main.o: in function `main':
D:/Develop/FYP/STM32CubeIDEworkspace_1.13.0/LED/Debug/../Core/Src/main.c:99: undefined reference to `HAL_GPIO_Toggle'
collect2.exe: error: ld returned 1 exit status
make: *** [makefile:64: LED.elf] Error 1
"make -j12 all" terminated with exit code 2. Build might be incomplete.
13:12:19 **** Incremental Build of configuration Debug for project LED ****
make -j12 all 
arm-none-eabi-gcc "../Core/Src/main.c" -mcpu=cortex-m4 -std=gnu11 -g3 -DDEBUG -DUSE_HAL_DRIVER -DSTM32L476xx -c -I../Core/Inc -I../Drivers/STM32L4xx_HAL_Driver/Inc -I../Drivers/STM32L4xx_HAL_Driver/Inc/Legacy -I../Drivers/CMSIS/Device/ST/STM32L4xx/Include -I../Drivers/CMSIS/Include -O0 -ffunction-sections -fdata-sections -Wall -fstack-usage -fcyclomatic-complexity -MMD -MP -MF"Core/Src/main.d" -MT"Core/Src/main.o" --specs=nano.specs -mfpu=fpv4-sp-d16 -mfloat-abi=hard -mthumb -o "Core/Src/main.o"
arm-none-eabi-gcc -o "LED.elf" @"objects.list"   -mcpu=cortex-m4 -T"D:\Develop\FYP\STM32CubeIDEworkspace_1.13.0\LED\STM32L476RGTX_FLASH.ld" --specs=nosys.specs -Wl,-Map="LED.map" -Wl,--gc-sections -static --specs=nano.specs -mfpu=fpv4-sp-d16 -mfloat-abi=hard -mthumb -Wl,--start-group -lc -lm -Wl,--end-group
Finished building target: LED.elf
 
arm-none-eabi-size   LED.elf 
arm-none-eabi-objdump -h -S  LED.elf  > "LED.list"
Finished building: LED.list
 
   text	   data	    bss	    dec	    hex	filename
  12432	     20	   1708	  14160	   3750	LED.elf
Finished building: default.size.stdout
 
13:13:16 **** Incremental Build of configuration Debug for project LED ****
make -j12 all 
arm-none-eabi-size   LED.elf 
   text	   data	    bss	    dec	    hex	filename
  12432	     20	   1708	  14160	   3750	LED.elf
Finished building: default.size.stdout
 
13:13:52 **** Incremental Build of configuration Debug for project LED ****
make -j12 all 
arm-none-eabi-size   LED.elf 
   text	   data	    bss	    dec	    hex	filename
  12432	     20	   1708	  14160	   3750	LED.elf
Finished building: default.size.stdout
 
13:14:17 **** Incremental Build of configuration Debug for project LED ****
make -j12 all 
arm-none-eabi-size   LED.elf 
   text	   data	    bss	    dec	    hex	filename
  12432	     20	   1708	  14160	   3750	LED.elf
Finished building: default.size.stdout
 
17:21:47 **** Incremental Build of configuration Debug for project LED ****
make -j12 all 
arm-none-eabi-gcc "../Drivers/STM32L4xx_HAL_Driver/Src/stm32l4xx_hal.c" -mcpu=cortex-m4 -std=gnu11 -g3 -DDEBUG -DUSE_HAL_DRIVER -DSTM32L476xx -c -I../Core/Inc -I../Drivers/STM32L4xx_HAL_Driver/Inc -I../Drivers/STM32L4xx_HAL_Driver/Inc/Legacy -I../Drivers/CMSIS/Device/ST/STM32L4xx/Include -I../Drivers/CMSIS/Include -O0 -ffunction-sections -fdata-sections -Wall -fstack-usage -fcyclomatic-complexity -MMD -MP -MF"Drivers/STM32L4xx_HAL_Driver/Src/stm32l4xx_hal.d" -MT"Drivers/STM32L4xx_HAL_Driver/Src/stm32l4xx_hal.o" --specs=nano.specs -mfpu=fpv4-sp-d16 -mfloat-abi=hard -mthumb -o "Drivers/STM32L4xx_HAL_Driver/Src/stm32l4xx_hal.o"
arm-none-eabi-gcc "../Drivers/STM32L4xx_HAL_Driver/Src/stm32l4xx_hal_cortex.c" -mcpu=cortex-m4 -std=gnu11 -g3 -DDEBUG -DUSE_HAL_DRIVER -DSTM32L476xx -c -I../Core/Inc -I../Drivers/STM32L4xx_HAL_Driver/Inc -I../Drivers/STM32L4xx_HAL_Driver/Inc/Legacy -I../Drivers/CMSIS/Device/ST/STM32L4xx/Include -I../Drivers/CMSIS/Include -O0 -ffunction-sections -fdata-sections -Wall -fstack-usage -fcyclomatic-complexity -MMD -MP -MF"Drivers/STM32L4xx_HAL_Driver/Src/stm32l4xx_hal_cortex.d" -MT"Drivers/STM32L4xx_HAL_Driver/Src/stm32l4xx_hal_cortex.o" --specs=nano.specs -mfpu=fpv4-sp-d16 -mfloat-abi=hard -mthumb -o "Drivers/STM32L4xx_HAL_Driver/Src/stm32l4xx_hal_cortex.o"
arm-none-eabi-gcc "../Drivers/STM32L4xx_HAL_Driver/Src/stm32l4xx_hal_dma.c" -mcpu=cortex-m4 -std=gnu11 -g3 -DDEBUG -DUSE_HAL_DRIVER -DSTM32L476xx -c -I../Core/Inc -I../Drivers/STM32L4xx_HAL_Driver/Inc -I../Drivers/STM32L4xx_HAL_Driver/Inc/Legacy -I../Drivers/CMSIS/Device/ST/STM32L4xx/Include -I../Drivers/CMSIS/Include -O0 -ffunction-sections -fdata-sections -Wall -fstack-usage -fcyclomatic-complexity -MMD -MP -MF"Drivers/STM32L4xx_HAL_Driver/Src/stm32l4xx_hal_dma.d" -MT"Drivers/STM32L4xx_HAL_Driver/Src/stm32l4xx_hal_dma.o" --specs=nano.specs -mfpu=fpv4-sp-d16 -mfloat-abi=hard -mthumb -o "Drivers/STM32L4xx_HAL_Driver/Src/stm32l4xx_hal_dma.o"
arm-none-eabi-gcc "../Drivers/STM32L4xx_HAL_Driver/Src/stm32l4xx_hal_dma_ex.c" -mcpu=cortex-m4 -std=gnu11 -g3 -DDEBUG -DUSE_HAL_DRIVER -DSTM32L476xx -c -I../Core/Inc -I../Drivers/STM32L4xx_HAL_Driver/Inc -I../Drivers/STM32L4xx_HAL_Driver/Inc/Legacy -I../Drivers/CMSIS/Device/ST/STM32L4xx/Include -I../Drivers/CMSIS/Include -O0 -ffunction-sections -fdata-sections -Wall -fstack-usage -fcyclomatic-complexity -MMD -MP -MF"Drivers/STM32L4xx_HAL_Driver/Src/stm32l4xx_hal_dma_ex.d" -MT"Drivers/STM32L4xx_HAL_Driver/Src/stm32l4xx_hal_dma_ex.o" --specs=nano.specs -mfpu=fpv4-sp-d16 -mfloat-abi=hard -mthumb -o "Drivers/STM32L4xx_HAL_Driver/Src/stm32l4xx_hal_dma_ex.o"
arm-none-eabi-gcc "../Drivers/STM32L4xx_HAL_Driver/Src/stm32l4xx_hal_exti.c" -mcpu=cortex-m4 -std=gnu11 -g3 -DDEBUG -DUSE_HAL_DRIVER -DSTM32L476xx -c -I../Core/Inc -I../Drivers/STM32L4xx_HAL_Driver/Inc -I../Drivers/STM32L4xx_HAL_Driver/Inc/Legacy -I../Drivers/CMSIS/Device/ST/STM32L4xx/Include -I../Drivers/CMSIS/Include -O0 -ffunction-sections -fdata-sections -Wall -fstack-usage -fcyclomatic-complexity -MMD -MP -MF"Drivers/STM32L4xx_HAL_Driver/Src/stm32l4xx_hal_exti.d" -MT"Drivers/STM32L4xx_HAL_Driver/Src/stm32l4xx_hal_exti.o" --specs=nano.specs -mfpu=fpv4-sp-d16 -mfloat-abi=hard -mthumb -o "Drivers/STM32L4xx_HAL_Driver/Src/stm32l4xx_hal_exti.o"
arm-none-eabi-gcc "../Drivers/STM32L4xx_HAL_Driver/Src/stm32l4xx_hal_flash.c" -mcpu=cortex-m4 -std=gnu11 -g3 -DDEBUG -DUSE_HAL_DRIVER -DSTM32L476xx -c -I../Core/Inc -I../Drivers/STM32L4xx_HAL_Driver/Inc -I../Drivers/STM32L4xx_HAL_Driver/Inc/Legacy -I../Drivers/CMSIS/Device/ST/STM32L4xx/Include -I../Drivers/CMSIS/Include -O0 -ffunction-sections -fdata-sections -Wall -fstack-usage -fcyclomatic-complexity -MMD -MP -MF"Drivers/STM32L4xx_HAL_Driver/Src/stm32l4xx_hal_flash.d" -MT"Drivers/STM32L4xx_HAL_Driver/Src/stm32l4xx_hal_flash.o" --specs=nano.specs -mfpu=fpv4-sp-d16 -mfloat-abi=hard -mthumb -o "Drivers/STM32L4xx_HAL_Driver/Src/stm32l4xx_hal_flash.o"
arm-none-eabi-gcc "../Drivers/STM32L4xx_HAL_Driver/Src/stm32l4xx_hal_flash_ex.c" -mcpu=cortex-m4 -std=gnu11 -g3 -DDEBUG -DUSE_HAL_DRIVER -DSTM32L476xx -c -I../Core/Inc -I../Drivers/STM32L4xx_HAL_Driver/Inc -I../Drivers/STM32L4xx_HAL_Driver/Inc/Legacy -I../Drivers/CMSIS/Device/ST/STM32L4xx/Include -I../Drivers/CMSIS/Include -O0 -ffunction-sections -fdata-sections -Wall -fstack-usage -fcyclomatic-complexity -MMD -MP -MF"Drivers/STM32L4xx_HAL_Driver/Src/stm32l4xx_hal_flash_ex.d" -MT"Drivers/STM32L4xx_HAL_Driver/Src/stm32l4xx_hal_flash_ex.o" --specs=nano.specs -mfpu=fpv4-sp-d16 -mfloat-abi=hard -mthumb -o "Drivers/STM32L4xx_HAL_Driver/Src/stm32l4xx_hal_flash_ex.o"
arm-none-eabi-gcc "../Drivers/STM32L4xx_HAL_Driver/Src/stm32l4xx_hal_flash_ramfunc.c" -mcpu=cortex-m4 -std=gnu11 -g3 -DDEBUG -DUSE_HAL_DRIVER -DSTM32L476xx -c -I../Core/Inc -I../Drivers/STM32L4xx_HAL_Driver/Inc -I../Drivers/STM32L4xx_HAL_Driver/Inc/Legacy -I../Drivers/CMSIS/Device/ST/STM32L4xx/Include -I../Drivers/CMSIS/Include -O0 -ffunction-sections -fdata-sections -Wall -fstack-usage -fcyclomatic-complexity -MMD -MP -MF"Drivers/STM32L4xx_HAL_Driver/Src/stm32l4xx_hal_flash_ramfunc.d" -MT"Drivers/STM32L4xx_HAL_Driver/Src/stm32l4xx_hal_flash_ramfunc.o" --specs=nano.specs -mfpu=fpv4-sp-d16 -mfloat-abi=hard -mthumb -o "Drivers/STM32L4xx_HAL_Driver/Src/stm32l4xx_hal_flash_ramfunc.o"
arm-none-eabi-gcc "../Drivers/STM32L4xx_HAL_Driver/Src/stm32l4xx_hal_gpio.c" -mcpu=cortex-m4 -std=gnu11 -g3 -DDEBUG -DUSE_HAL_DRIVER -DSTM32L476xx -c -I../Core/Inc -I../Drivers/STM32L4xx_HAL_Driver/Inc -I../Drivers/STM32L4xx_HAL_Driver/Inc/Legacy -I../Drivers/CMSIS/Device/ST/STM32L4xx/Include -I../Drivers/CMSIS/Include -O0 -ffunction-sections -fdata-sections -Wall -fstack-usage -fcyclomatic-complexity -MMD -MP -MF"Drivers/STM32L4xx_HAL_Driver/Src/stm32l4xx_hal_gpio.d" -MT"Drivers/STM32L4xx_HAL_Driver/Src/stm32l4xx_hal_gpio.o" --specs=nano.specs -mfpu=fpv4-sp-d16 -mfloat-abi=hard -mthumb -o "Drivers/STM32L4xx_HAL_Driver/Src/stm32l4xx_hal_gpio.o"
arm-none-eabi-gcc "../Drivers/STM32L4xx_HAL_Driver/Src/stm32l4xx_hal_i2c.c" -mcpu=cortex-m4 -std=gnu11 -g3 -DDEBUG -DUSE_HAL_DRIVER -DSTM32L476xx -c -I../Core/Inc -I../Drivers/STM32L4xx_HAL_Driver/Inc -I../Drivers/STM32L4xx_HAL_Driver/Inc/Legacy -I../Drivers/CMSIS/Device/ST/STM32L4xx/Include -I../Drivers/CMSIS/Include -O0 -ffunction-sections -fdata-sections -Wall -fstack-usage -fcyclomatic-complexity -MMD -MP -MF"Drivers/STM32L4xx_HAL_Driver/Src/stm32l4xx_hal_i2c.d" -MT"Drivers/STM32L4xx_HAL_Driver/Src/stm32l4xx_hal_i2c.o" --specs=nano.specs -mfpu=fpv4-sp-d16 -mfloat-abi=hard -mthumb -o "Drivers/STM32L4xx_HAL_Driver/Src/stm32l4xx_hal_i2c.o"
arm-none-eabi-gcc "../Drivers/STM32L4xx_HAL_Driver/Src/stm32l4xx_hal_i2c_ex.c" -mcpu=cortex-m4 -std=gnu11 -g3 -DDEBUG -DUSE_HAL_DRIVER -DSTM32L476xx -c -I../Core/Inc -I../Drivers/STM32L4xx_HAL_Driver/Inc -I../Drivers/STM32L4xx_HAL_Driver/Inc/Legacy -I../Drivers/CMSIS/Device/ST/STM32L4xx/Include -I../Drivers/CMSIS/Include -O0 -ffunction-sections -fdata-sections -Wall -fstack-usage -fcyclomatic-complexity -MMD -MP -MF"Drivers/STM32L4xx_HAL_Driver/Src/stm32l4xx_hal_i2c_ex.d" -MT"Drivers/STM32L4xx_HAL_Driver/Src/stm32l4xx_hal_i2c_ex.o" --specs=nano.specs -mfpu=fpv4-sp-d16 -mfloat-abi=hard -mthumb -o "Drivers/STM32L4xx_HAL_Driver/Src/stm32l4xx_hal_i2c_ex.o"
arm-none-eabi-gcc "../Drivers/STM32L4xx_HAL_Driver/Src/stm32l4xx_hal_pwr.c" -mcpu=cortex-m4 -std=gnu11 -g3 -DDEBUG -DUSE_HAL_DRIVER -DSTM32L476xx -c -I../Core/Inc -I../Drivers/STM32L4xx_HAL_Driver/Inc -I../Drivers/STM32L4xx_HAL_Driver/Inc/Legacy -I../Drivers/CMSIS/Device/ST/STM32L4xx/Include -I../Drivers/CMSIS/Include -O0 -ffunction-sections -fdata-sections -Wall -fstack-usage -fcyclomatic-complexity -MMD -MP -MF"Drivers/STM32L4xx_HAL_Driver/Src/stm32l4xx_hal_pwr.d" -MT"Drivers/STM32L4xx_HAL_Driver/Src/stm32l4xx_hal_pwr.o" --specs=nano.specs -mfpu=fpv4-sp-d16 -mfloat-abi=hard -mthumb -o "Drivers/STM32L4xx_HAL_Driver/Src/stm32l4xx_hal_pwr.o"
arm-none-eabi-gcc "../Drivers/STM32L4xx_HAL_Driver/Src/stm32l4xx_hal_pwr_ex.c" -mcpu=cortex-m4 -std=gnu11 -g3 -DDEBUG -DUSE_HAL_DRIVER -DSTM32L476xx -c -I../Core/Inc -I../Drivers/STM32L4xx_HAL_Driver/Inc -I../Drivers/STM32L4xx_HAL_Driver/Inc/Legacy -I../Drivers/CMSIS/Device/ST/STM32L4xx/Include -I../Drivers/CMSIS/Include -O0 -ffunction-sections -fdata-sections -Wall -fstack-usage -fcyclomatic-complexity -MMD -MP -MF"Drivers/STM32L4xx_HAL_Driver/Src/stm32l4xx_hal_pwr_ex.d" -MT"Drivers/STM32L4xx_HAL_Driver/Src/stm32l4xx_hal_pwr_ex.o" --specs=nano.specs -mfpu=fpv4-sp-d16 -mfloat-abi=hard -mthumb -o "Drivers/STM32L4xx_HAL_Driver/Src/stm32l4xx_hal_pwr_ex.o"
arm-none-eabi-gcc "../Drivers/STM32L4xx_HAL_Driver/Src/stm32l4xx_hal_rcc.c" -mcpu=cortex-m4 -std=gnu11 -g3 -DDEBUG -DUSE_HAL_DRIVER -DSTM32L476xx -c -I../Core/Inc -I../Drivers/STM32L4xx_HAL_Driver/Inc -I../Drivers/STM32L4xx_HAL_Driver/Inc/Legacy -I../Drivers/CMSIS/Device/ST/STM32L4xx/Include -I../Drivers/CMSIS/Include -O0 -ffunction-sections -fdata-sections -Wall -fstack-usage -fcyclomatic-complexity -MMD -MP -MF"Drivers/STM32L4xx_HAL_Driver/Src/stm32l4xx_hal_rcc.d" -MT"Drivers/STM32L4xx_HAL_Driver/Src/stm32l4xx_hal_rcc.o" --specs=nano.specs -mfpu=fpv4-sp-d16 -mfloat-abi=hard -mthumb -o "Drivers/STM32L4xx_HAL_Driver/Src/stm32l4xx_hal_rcc.o"
arm-none-eabi-gcc "../Drivers/STM32L4xx_HAL_Driver/Src/stm32l4xx_hal_rcc_ex.c" -mcpu=cortex-m4 -std=gnu11 -g3 -DDEBUG -DUSE_HAL_DRIVER -DSTM32L476xx -c -I../Core/Inc -I../Drivers/STM32L4xx_HAL_Driver/Inc -I../Drivers/STM32L4xx_HAL_Driver/Inc/Legacy -I../Drivers/CMSIS/Device/ST/STM32L4xx/Include -I../Drivers/CMSIS/Include -O0 -ffunction-sections -fdata-sections -Wall -fstack-usage -fcyclomatic-complexity -MMD -MP -MF"Drivers/STM32L4xx_HAL_Driver/Src/stm32l4xx_hal_rcc_ex.d" -MT"Drivers/STM32L4xx_HAL_Driver/Src/stm32l4xx_hal_rcc_ex.o" --specs=nano.specs -mfpu=fpv4-sp-d16 -mfloat-abi=hard -mthumb -o "Drivers/STM32L4xx_HAL_Driver/Src/stm32l4xx_hal_rcc_ex.o"
arm-none-eabi-gcc "../Drivers/STM32L4xx_HAL_Driver/Src/stm32l4xx_hal_tim.c" -mcpu=cortex-m4 -std=gnu11 -g3 -DDEBUG -DUSE_HAL_DRIVER -DSTM32L476xx -c -I../Core/Inc -I../Drivers/STM32L4xx_HAL_Driver/Inc -I../Drivers/STM32L4xx_HAL_Driver/Inc/Legacy -I../Drivers/CMSIS/Device/ST/STM32L4xx/Include -I../Drivers/CMSIS/Include -O0 -ffunction-sections -fdata-sections -Wall -fstack-usage -fcyclomatic-complexity -MMD -MP -MF"Drivers/STM32L4xx_HAL_Driver/Src/stm32l4xx_hal_tim.d" -MT"Drivers/STM32L4xx_HAL_Driver/Src/stm32l4xx_hal_tim.o" --specs=nano.specs -mfpu=fpv4-sp-d16 -mfloat-abi=hard -mthumb -o "Drivers/STM32L4xx_HAL_Driver/Src/stm32l4xx_hal_tim.o"
arm-none-eabi-gcc "../Drivers/STM32L4xx_HAL_Driver/Src/stm32l4xx_hal_tim_ex.c" -mcpu=cortex-m4 -std=gnu11 -g3 -DDEBUG -DUSE_HAL_DRIVER -DSTM32L476xx -c -I../Core/Inc -I../Drivers/STM32L4xx_HAL_Driver/Inc -I../Drivers/STM32L4xx_HAL_Driver/Inc/Legacy -I../Drivers/CMSIS/Device/ST/STM32L4xx/Include -I../Drivers/CMSIS/Include -O0 -ffunction-sections -fdata-sections -Wall -fstack-usage -fcyclomatic-complexity -MMD -MP -MF"Drivers/STM32L4xx_HAL_Driver/Src/stm32l4xx_hal_tim_ex.d" -MT"Drivers/STM32L4xx_HAL_Driver/Src/stm32l4xx_hal_tim_ex.o" --specs=nano.specs -mfpu=fpv4-sp-d16 -mfloat-abi=hard -mthumb -o "Drivers/STM32L4xx_HAL_Driver/Src/stm32l4xx_hal_tim_ex.o"
arm-none-eabi-gcc "../Drivers/STM32L4xx_HAL_Driver/Src/stm32l4xx_hal_uart.c" -mcpu=cortex-m4 -std=gnu11 -g3 -DDEBUG -DUSE_HAL_DRIVER -DSTM32L476xx -c -I../Core/Inc -I../Drivers/STM32L4xx_HAL_Driver/Inc -I../Drivers/STM32L4xx_HAL_Driver/Inc/Legacy -I../Drivers/CMSIS/Device/ST/STM32L4xx/Include -I../Drivers/CMSIS/Include -O0 -ffunction-sections -fdata-sections -Wall -fstack-usage -fcyclomatic-complexity -MMD -MP -MF"Drivers/STM32L4xx_HAL_Driver/Src/stm32l4xx_hal_uart.d" -MT"Drivers/STM32L4xx_HAL_Driver/Src/stm32l4xx_hal_uart.o" --specs=nano.specs -mfpu=fpv4-sp-d16 -mfloat-abi=hard -mthumb -o "Drivers/STM32L4xx_HAL_Driver/Src/stm32l4xx_hal_uart.o"
arm-none-eabi-gcc "../Drivers/STM32L4xx_HAL_Driver/Src/stm32l4xx_hal_uart_ex.c" -mcpu=cortex-m4 -std=gnu11 -g3 -DDEBUG -DUSE_HAL_DRIVER -DSTM32L476xx -c -I../Core/Inc -I../Drivers/STM32L4xx_HAL_Driver/Inc -I../Drivers/STM32L4xx_HAL_Driver/Inc/Legacy -I../Drivers/CMSIS/Device/ST/STM32L4xx/Include -I../Drivers/CMSIS/Include -O0 -ffunction-sections -fdata-sections -Wall -fstack-usage -fcyclomatic-complexity -MMD -MP -MF"Drivers/STM32L4xx_HAL_Driver/Src/stm32l4xx_hal_uart_ex.d" -MT"Drivers/STM32L4xx_HAL_Driver/Src/stm32l4xx_hal_uart_ex.o" --specs=nano.specs -mfpu=fpv4-sp-d16 -mfloat-abi=hard -mthumb -o "Drivers/STM32L4xx_HAL_Driver/Src/stm32l4xx_hal_uart_ex.o"
arm-none-eabi-gcc "../Core/Src/main.c" -mcpu=cortex-m4 -std=gnu11 -g3 -DDEBUG -DUSE_HAL_DRIVER -DSTM32L476xx -c -I../Core/Inc -I../Drivers/STM32L4xx_HAL_Driver/Inc -I../Drivers/STM32L4xx_HAL_Driver/Inc/Legacy -I../Drivers/CMSIS/Device/ST/STM32L4xx/Include -I../Drivers/CMSIS/Include -O0 -ffunction-sections -fdata-sections -Wall -fstack-usage -fcyclomatic-complexity -MMD -MP -MF"Core/Src/main.d" -MT"Core/Src/main.o" --specs=nano.specs -mfpu=fpv4-sp-d16 -mfloat-abi=hard -mthumb -o "Core/Src/main.o"
arm-none-eabi-gcc "../Core/Src/stm32l4xx_hal_msp.c" -mcpu=cortex-m4 -std=gnu11 -g3 -DDEBUG -DUSE_HAL_DRIVER -DSTM32L476xx -c -I../Core/Inc -I../Drivers/STM32L4xx_HAL_Driver/Inc -I../Drivers/STM32L4xx_HAL_Driver/Inc/Legacy -I../Drivers/CMSIS/Device/ST/STM32L4xx/Include -I../Drivers/CMSIS/Include -O0 -ffunction-sections -fdata-sections -Wall -fstack-usage -fcyclomatic-complexity -MMD -MP -MF"Core/Src/stm32l4xx_hal_msp.d" -MT"Core/Src/stm32l4xx_hal_msp.o" --specs=nano.specs -mfpu=fpv4-sp-d16 -mfloat-abi=hard -mthumb -o "Core/Src/stm32l4xx_hal_msp.o"
arm-none-eabi-gcc "../Core/Src/stm32l4xx_it.c" -mcpu=cortex-m4 -std=gnu11 -g3 -DDEBUG -DUSE_HAL_DRIVER -DSTM32L476xx -c -I../Core/Inc -I../Drivers/STM32L4xx_HAL_Driver/Inc -I../Drivers/STM32L4xx_HAL_Driver/Inc/Legacy -I../Drivers/CMSIS/Device/ST/STM32L4xx/Include -I../Drivers/CMSIS/Include -O0 -ffunction-sections -fdata-sections -Wall -fstack-usage -fcyclomatic-complexity -MMD -MP -MF"Core/Src/stm32l4xx_it.d" -MT"Core/Src/stm32l4xx_it.o" --specs=nano.specs -mfpu=fpv4-sp-d16 -mfloat-abi=hard -mthumb -o "Core/Src/stm32l4xx_it.o"
arm-none-eabi-gcc "../Core/Src/system_stm32l4xx.c" -mcpu=cortex-m4 -std=gnu11 -g3 -DDEBUG -DUSE_HAL_DRIVER -DSTM32L476xx -c -I../Core/Inc -I../Drivers/STM32L4xx_HAL_Driver/Inc -I../Drivers/STM32L4xx_HAL_Driver/Inc/Legacy -I../Drivers/CMSIS/Device/ST/STM32L4xx/Include -I../Drivers/CMSIS/Include -O0 -ffunction-sections -fdata-sections -Wall -fstack-usage -fcyclomatic-complexity -MMD -MP -MF"Core/Src/system_stm32l4xx.d" -MT"Core/Src/system_stm32l4xx.o" --specs=nano.specs -mfpu=fpv4-sp-d16 -mfloat-abi=hard -mthumb -o "Core/Src/system_stm32l4xx.o"
../Core/Src/main.c: In function 'main':
../Core/Src/main.c:72:9: error: unknown type name 'unint8_t'; did you mean 'uint8_t'?
   72 |         unint8_t buf[12];
      |         ^~~~~~~~
      |         uint8_t
../Core/Src/main.c:72:18: warning: unused variable 'buf' [-Wunused-variable]
   72 |         unint8_t buf[12];
      |                  ^~~
../Core/Src/main.c: In function 'Error_Handler':
../Core/Src/main.c:296:11: warning: implicit declaration of function 'strcpy' [-Wimplicit-function-declaration]
  296 |           strcpy((char*)buf,"Hello!\r\n");
      |           ^~~~~~
../Core/Src/main.c:21:1: note: include '<string.h>' or provide a declaration of 'strcpy'
   20 | #include "main.h"
  +++ |+#include <string.h>
   21 | 
../Core/Src/main.c:296:11: warning: incompatible implicit declaration of built-in function 'strcpy' [-Wbuiltin-declaration-mismatch]
  296 |           strcpy((char*)buf,"Hello!\r\n");
      |           ^~~~~~
../Core/Src/main.c:296:11: note: include '<string.h>' or provide a declaration of 'strcpy'
../Core/Src/main.c:296:25: error: 'buf' undeclared (first use in this function)
  296 |           strcpy((char*)buf,"Hello!\r\n");
      |                         ^~~
../Core/Src/main.c:296:25: note: each undeclared identifier is reported only once for each function it appears in
../Core/Src/main.c:297:41: warning: implicit declaration of function 'strlen' [-Wimplicit-function-declaration]
  297 |           HAL_UART_Transmit(&huart2,buf,strlen((char*)buf),HAL_MAX_DELAY);
      |                                         ^~~~~~
../Core/Src/main.c:297:41: note: include '<string.h>' or provide a declaration of 'strlen'
../Core/Src/main.c:297:41: warning: incompatible implicit declaration of built-in function 'strlen' [-Wbuiltin-declaration-mismatch]
../Core/Src/main.c:297:41: note: include '<string.h>' or provide a declaration of 'strlen'
make: *** [Core/Src/subdir.mk:34: Core/Src/main.o] Error 1
make: *** Waiting for unfinished jobs....
"make -j12 all" terminated with exit code 2. Build might be incomplete.
17:23:00 **** Incremental Build of configuration Debug for project LED ****
make -j12 all 
arm-none-eabi-gcc "../Core/Src/main.c" -mcpu=cortex-m4 -std=gnu11 -g3 -DDEBUG -DUSE_HAL_DRIVER -DSTM32L476xx -c -I../Core/Inc -I../Drivers/STM32L4xx_HAL_Driver/Inc -I../Drivers/STM32L4xx_HAL_Driver/Inc/Legacy -I../Drivers/CMSIS/Device/ST/STM32L4xx/Include -I../Drivers/CMSIS/Include -O0 -ffunction-sections -fdata-sections -Wall -fstack-usage -fcyclomatic-complexity -MMD -MP -MF"Core/Src/main.d" -MT"Core/Src/main.o" --specs=nano.specs -mfpu=fpv4-sp-d16 -mfloat-abi=hard -mthumb -o "Core/Src/main.o"
../Core/Src/main.c: In function 'main':
../Core/Src/main.c:72:9: error: unknown type name 'unint8_t'; did you mean 'uint8_t'?
   72 |         unint8_t buf[12];
      |         ^~~~~~~~
      |         uint8_t
../Core/Src/main.c:72:18: warning: unused variable 'buf' [-Wunused-variable]
   72 |         unint8_t buf[12];
      |                  ^~~
../Core/Src/main.c: In function 'Error_Handler':
../Core/Src/main.c:296:25: error: 'buf' undeclared (first use in this function)
  296 |           strcpy((char*)buf,"Hello!\r\n");
      |                         ^~~
../Core/Src/main.c:296:25: note: each undeclared identifier is reported only once for each function it appears in
make: *** [Core/Src/subdir.mk:34: Core/Src/main.o] Error 1
"make -j12 all" terminated with exit code 2. Build might be incomplete.
17:23:08 **** Incremental Build of configuration Debug for project LED ****
make -j12 all 
arm-none-eabi-gcc "../Core/Src/main.c" -mcpu=cortex-m4 -std=gnu11 -g3 -DDEBUG -DUSE_HAL_DRIVER -DSTM32L476xx -c -I../Core/Inc -I../Drivers/STM32L4xx_HAL_Driver/Inc -I../Drivers/STM32L4xx_HAL_Driver/Inc/Legacy -I../Drivers/CMSIS/Device/ST/STM32L4xx/Include -I../Drivers/CMSIS/Include -O0 -ffunction-sections -fdata-sections -Wall -fstack-usage -fcyclomatic-complexity -MMD -MP -MF"Core/Src/main.d" -MT"Core/Src/main.o" --specs=nano.specs -mfpu=fpv4-sp-d16 -mfloat-abi=hard -mthumb -o "Core/Src/main.o"
../Core/Src/main.c: In function 'main':
../Core/Src/main.c:72:9: error: unknown type name 'unint8_t'; did you mean 'uint8_t'?
   72 |         unint8_t buf[12];
      |         ^~~~~~~~
      |         uint8_t
../Core/Src/main.c:72:18: warning: unused variable 'buf' [-Wunused-variable]
   72 |         unint8_t buf[12];
      |                  ^~~
../Core/Src/main.c: In function 'Error_Handler':
../Core/Src/main.c:296:25: error: 'buf' undeclared (first use in this function)
  296 |           strcpy((char*)buf,"Hello!\r\n");
      |                         ^~~
../Core/Src/main.c:296:25: note: each undeclared identifier is reported only once for each function it appears in
make: *** [Core/Src/subdir.mk:34: Core/Src/main.o] Error 1
"make -j12 all" terminated with exit code 2. Build might be incomplete.
17:23:47 **** Incremental Build of configuration Debug for project LED ****
make -j12 all 
arm-none-eabi-gcc "../Core/Src/main.c" -mcpu=cortex-m4 -std=gnu11 -g3 -DDEBUG -DUSE_HAL_DRIVER -DSTM32L476xx -c -I../Core/Inc -I../Drivers/STM32L4xx_HAL_Driver/Inc -I../Drivers/STM32L4xx_HAL_Driver/Inc/Legacy -I../Drivers/CMSIS/Device/ST/STM32L4xx/Include -I../Drivers/CMSIS/Include -O0 -ffunction-sections -fdata-sections -Wall -fstack-usage -fcyclomatic-complexity -MMD -MP -MF"Core/Src/main.d" -MT"Core/Src/main.o" --specs=nano.specs -mfpu=fpv4-sp-d16 -mfloat-abi=hard -mthumb -o "Core/Src/main.o"
../Core/Src/main.c: In function 'main':
../Core/Src/main.c:72:17: warning: unused variable 'buf' [-Wunused-variable]
   72 |         uint8_t buf[12];
      |                 ^~~
../Core/Src/main.c: In function 'Error_Handler':
../Core/Src/main.c:296:25: error: 'buf' undeclared (first use in this function)
  296 |           strcpy((char*)buf,"Hello!\r\n");
      |                         ^~~
../Core/Src/main.c:296:25: note: each undeclared identifier is reported only once for each function it appears in
make: *** [Core/Src/subdir.mk:34: Core/Src/main.o] Error 1
"make -j12 all" terminated with exit code 2. Build might be incomplete.
17:24:04 **** Incremental Build of configuration Debug for project LED ****
make -j12 all 
arm-none-eabi-gcc "../Core/Src/main.c" -mcpu=cortex-m4 -std=gnu11 -g3 -DDEBUG -DUSE_HAL_DRIVER -DSTM32L476xx -c -I../Core/Inc -I../Drivers/STM32L4xx_HAL_Driver/Inc -I../Drivers/STM32L4xx_HAL_Driver/Inc/Legacy -I../Drivers/CMSIS/Device/ST/STM32L4xx/Include -I../Drivers/CMSIS/Include -O0 -ffunction-sections -fdata-sections -Wall -fstack-usage -fcyclomatic-complexity -MMD -MP -MF"Core/Src/main.d" -MT"Core/Src/main.o" --specs=nano.specs -mfpu=fpv4-sp-d16 -mfloat-abi=hard -mthumb -o "Core/Src/main.o"
../Core/Src/main.c: In function 'main':
../Core/Src/main.c:72:17: warning: unused variable 'buf' [-Wunused-variable]
   72 |         uint8_t buf[12];
      |                 ^~~
../Core/Src/main.c: In function 'Error_Handler':
../Core/Src/main.c:296:25: error: 'buf' undeclared (first use in this function)
  296 |           strcpy((char*)buf,"Hello!\r\n");
      |                         ^~~
../Core/Src/main.c:296:25: note: each undeclared identifier is reported only once for each function it appears in
make: *** [Core/Src/subdir.mk:34: Core/Src/main.o] Error 1
"make -j12 all" terminated with exit code 2. Build might be incomplete.
17:26:27 **** Incremental Build of configuration Debug for project LED ****
make -j12 all 
arm-none-eabi-gcc "../Core/Src/main.c" -mcpu=cortex-m4 -std=gnu11 -g3 -DDEBUG -DUSE_HAL_DRIVER -DSTM32L476xx -c -I../Core/Inc -I../Drivers/STM32L4xx_HAL_Driver/Inc -I../Drivers/STM32L4xx_HAL_Driver/Inc/Legacy -I../Drivers/CMSIS/Device/ST/STM32L4xx/Include -I../Drivers/CMSIS/Include -O0 -ffunction-sections -fdata-sections -Wall -fstack-usage -fcyclomatic-complexity -MMD -MP -MF"Core/Src/main.d" -MT"Core/Src/main.o" --specs=nano.specs -mfpu=fpv4-sp-d16 -mfloat-abi=hard -mthumb -o "Core/Src/main.o"
../Core/Src/main.c: In function 'main':
../Core/Src/main.c:72:17: warning: unused variable 'buf' [-Wunused-variable]
   72 |         uint8_t buf[12];
      |                 ^~~
../Core/Src/main.c: In function 'Error_Handler':
../Core/Src/main.c:296:25: error: 'buf' undeclared (first use in this function)
  296 |           strcpy((char*)buf,"Hello!\r\n");
      |                         ^~~
../Core/Src/main.c:296:25: note: each undeclared identifier is reported only once for each function it appears in
make: *** [Core/Src/subdir.mk:34: Core/Src/main.o] Error 1
"make -j12 all" terminated with exit code 2. Build might be incomplete.
17:29:20 **** Incremental Build of configuration Debug for project LED ****
make -j12 all 
arm-none-eabi-gcc "../Core/Src/main.c" -mcpu=cortex-m4 -std=gnu11 -g3 -DDEBUG -DUSE_HAL_DRIVER -DSTM32L476xx -c -I../Core/Inc -I../Drivers/STM32L4xx_HAL_Driver/Inc -I../Drivers/STM32L4xx_HAL_Driver/Inc/Legacy -I../Drivers/CMSIS/Device/ST/STM32L4xx/Include -I../Drivers/CMSIS/Include -O0 -ffunction-sections -fdata-sections -Wall -fstack-usage -fcyclomatic-complexity -MMD -MP -MF"Core/Src/main.d" -MT"Core/Src/main.o" --specs=nano.specs -mfpu=fpv4-sp-d16 -mfloat-abi=hard -mthumb -o "Core/Src/main.o"
arm-none-eabi-gcc -o "LED.elf" @"objects.list"   -mcpu=cortex-m4 -T"D:\Develop\FYP\STM32CubeIDEworkspace_1.13.0\LED\STM32L476RGTX_FLASH.ld" --specs=nosys.specs -Wl,-Map="LED.map" -Wl,--gc-sections -static --specs=nano.specs -mfpu=fpv4-sp-d16 -mfloat-abi=hard -mthumb -Wl,--start-group -lc -lm -Wl,--end-group
Finished building target: LED.elf
 
arm-none-eabi-size   LED.elf 
arm-none-eabi-objdump -h -S  LED.elf  > "LED.list"
   text	   data	    bss	    dec	    hex	filename
  13712	     20	   1804	  15536	   3cb0	LED.elf
Finished building: default.size.stdout
 
Finished building: LED.list
 
17:30:35 **** Incremental Build of configuration Debug for project LED ****
make -j12 all 
arm-none-eabi-size   LED.elf 
   text	   data	    bss	    dec	    hex	filename
  13712	     20	   1804	  15536	   3cb0	LED.elf
Finished building: default.size.stdout
 
17:32:22 **** Incremental Build of configuration Debug for project LED ****
make -j12 all 
arm-none-eabi-size   LED.elf 
   text	   data	    bss	    dec	    hex	filename
  13712	     20	   1804	  15536	   3cb0	LED.elf
Finished building: default.size.stdout
 
17:35:27 **** Incremental Build of configuration Debug for project LED ****
make -j12 all 
arm-none-eabi-gcc "../Core/Src/main.c" -mcpu=cortex-m4 -std=gnu11 -g3 -DDEBUG -DUSE_HAL_DRIVER -DSTM32L476xx -c -I../Core/Inc -I../Drivers/STM32L4xx_HAL_Driver/Inc -I../Drivers/STM32L4xx_HAL_Driver/Inc/Legacy -I../Drivers/CMSIS/Device/ST/STM32L4xx/Include -I../Drivers/CMSIS/Include -O0 -ffunction-sections -fdata-sections -Wall -fstack-usage -fcyclomatic-complexity -MMD -MP -MF"Core/Src/main.d" -MT"Core/Src/main.o" --specs=nano.specs -mfpu=fpv4-sp-d16 -mfloat-abi=hard -mthumb -o "Core/Src/main.o"
arm-none-eabi-gcc -o "LED.elf" @"objects.list"   -mcpu=cortex-m4 -T"D:\Develop\FYP\STM32CubeIDEworkspace_1.13.0\LED\STM32L476RGTX_FLASH.ld" --specs=nosys.specs -Wl,-Map="LED.map" -Wl,--gc-sections -static --specs=nano.specs -mfpu=fpv4-sp-d16 -mfloat-abi=hard -mthumb -Wl,--start-group -lc -lm -Wl,--end-group
Finished building target: LED.elf
 
arm-none-eabi-size   LED.elf 
arm-none-eabi-objdump -h -S  LED.elf  > "LED.list"
   text	   data	    bss	    dec	    hex	filename
  13624	     20	   1804	  15448	   3c58	LED.elf
Finished building: default.size.stdout
 
Finished building: LED.list
 
17:35:43 **** Incremental Build of configuration Debug for project LED ****
make -j12 all 
arm-none-eabi-size   LED.elf 
   text	   data	    bss	    dec	    hex	filename
  13624	     20	   1804	  15448	   3c58	LED.elf
Finished building: default.size.stdout
 
17:38:24 **** Incremental Build of configuration Debug for project LED ****
make -j12 all 
arm-none-eabi-gcc "../Core/Src/main.c" -mcpu=cortex-m4 -std=gnu11 -g3 -DDEBUG -DUSE_HAL_DRIVER -DSTM32L476xx -c -I../Core/Inc -I../Drivers/STM32L4xx_HAL_Driver/Inc -I../Drivers/STM32L4xx_HAL_Driver/Inc/Legacy -I../Drivers/CMSIS/Device/ST/STM32L4xx/Include -I../Drivers/CMSIS/Include -O0 -ffunction-sections -fdata-sections -Wall -fstack-usage -fcyclomatic-complexity -MMD -MP -MF"Core/Src/main.d" -MT"Core/Src/main.o" --specs=nano.specs -mfpu=fpv4-sp-d16 -mfloat-abi=hard -mthumb -o "Core/Src/main.o"
../Core/Src/main.c: In function 'Error_Handler':
../Core/Src/main.c:297:25: error: 'buf' undeclared (first use in this function)
  297 |           strcpy((char*)buf,"Hello!\r\n");
      |                         ^~~
../Core/Src/main.c:297:25: note: each undeclared identifier is reported only once for each function it appears in
make: *** [Core/Src/subdir.mk:34: Core/Src/main.o] Error 1
"make -j12 all" terminated with exit code 2. Build might be incomplete.
17:39:12 **** Incremental Build of configuration Debug for project LED ****
make -j12 all 
arm-none-eabi-gcc "../Core/Src/main.c" -mcpu=cortex-m4 -std=gnu11 -g3 -DDEBUG -DUSE_HAL_DRIVER -DSTM32L476xx -c -I../Core/Inc -I../Drivers/STM32L4xx_HAL_Driver/Inc -I../Drivers/STM32L4xx_HAL_Driver/Inc/Legacy -I../Drivers/CMSIS/Device/ST/STM32L4xx/Include -I../Drivers/CMSIS/Include -O0 -ffunction-sections -fdata-sections -Wall -fstack-usage -fcyclomatic-complexity -MMD -MP -MF"Core/Src/main.d" -MT"Core/Src/main.o" --specs=nano.specs -mfpu=fpv4-sp-d16 -mfloat-abi=hard -mthumb -o "Core/Src/main.o"
../Core/Src/main.c: In function 'Error_Handler':
../Core/Src/main.c:297:25: error: 'buf' undeclared (first use in this function)
  297 |           strcpy((char*)buf,"Hello!\r\n");
      |                         ^~~
../Core/Src/main.c:297:25: note: each undeclared identifier is reported only once for each function it appears in
make: *** [Core/Src/subdir.mk:34: Core/Src/main.o] Error 1
"make -j12 all" terminated with exit code 2. Build might be incomplete.
17:40:03 **** Incremental Build of configuration Debug for project LED ****
make -j12 all 
arm-none-eabi-gcc "../Core/Src/main.c" -mcpu=cortex-m4 -std=gnu11 -g3 -DDEBUG -DUSE_HAL_DRIVER -DSTM32L476xx -c -I../Core/Inc -I../Drivers/STM32L4xx_HAL_Driver/Inc -I../Drivers/STM32L4xx_HAL_Driver/Inc/Legacy -I../Drivers/CMSIS/Device/ST/STM32L4xx/Include -I../Drivers/CMSIS/Include -O0 -ffunction-sections -fdata-sections -Wall -fstack-usage -fcyclomatic-complexity -MMD -MP -MF"Core/Src/main.d" -MT"Core/Src/main.o" --specs=nano.specs -mfpu=fpv4-sp-d16 -mfloat-abi=hard -mthumb -o "Core/Src/main.o"
arm-none-eabi-gcc -o "LED.elf" @"objects.list"   -mcpu=cortex-m4 -T"D:\Develop\FYP\STM32CubeIDEworkspace_1.13.0\LED\STM32L476RGTX_FLASH.ld" --specs=nosys.specs -Wl,-Map="LED.map" -Wl,--gc-sections -static --specs=nano.specs -mfpu=fpv4-sp-d16 -mfloat-abi=hard -mthumb -Wl,--start-group -lc -lm -Wl,--end-group
Finished building target: LED.elf
 
arm-none-eabi-size   LED.elf 
arm-none-eabi-objdump -h -S  LED.elf  > "LED.list"
   text	   data	    bss	    dec	    hex	filename
  13648	     20	   1788	  15456	   3c60	LED.elf
Finished building: default.size.stdout
 
Finished building: LED.list
 
17:40:23 **** Incremental Build of configuration Debug for project LED ****
make -j12 all 
arm-none-eabi-size   LED.elf 
   text	   data	    bss	    dec	    hex	filename
  13648	     20	   1788	  15456	   3c60	LED.elf
Finished building: default.size.stdout
 
22:42:21 **** Build of configuration Debug for project LED ****
make -j12 all 
arm-none-eabi-size   LED.elf 
   text	   data	    bss	    dec	    hex	filename
  13648	     20	   1788	  15456	   3c60	LED.elf
Finished building: default.size.stdout
 
23:06:05 **** Incremental Build of configuration Debug for project LED ****
make -j12 all 
arm-none-eabi-gcc "../Core/Src/liquidcrystal_i2c.c" -mcpu=cortex-m4 -std=gnu11 -g3 -DDEBUG -DUSE_HAL_DRIVER -DSTM32L476xx -c -I../Core/Inc -I../Drivers/STM32L4xx_HAL_Driver/Inc -I../Drivers/STM32L4xx_HAL_Driver/Inc/Legacy -I../Drivers/CMSIS/Device/ST/STM32L4xx/Include -I../Drivers/CMSIS/Include -O0 -ffunction-sections -fdata-sections -Wall -fstack-usage -fcyclomatic-complexity -MMD -MP -MF"Core/Src/liquidcrystal_i2c.d" -MT"Core/Src/liquidcrystal_i2c.o" --specs=nano.specs -mfpu=fpv4-sp-d16 -mfloat-abi=hard -mthumb -o "Core/Src/liquidcrystal_i2c.o"
arm-none-eabi-gcc "../Core/Src/main.c" -mcpu=cortex-m4 -std=gnu11 -g3 -DDEBUG -DUSE_HAL_DRIVER -DSTM32L476xx -c -I../Core/Inc -I../Drivers/STM32L4xx_HAL_Driver/Inc -I../Drivers/STM32L4xx_HAL_Driver/Inc/Legacy -I../Drivers/CMSIS/Device/ST/STM32L4xx/Include -I../Drivers/CMSIS/Include -O0 -ffunction-sections -fdata-sections -Wall -fstack-usage -fcyclomatic-complexity -MMD -MP -MF"Core/Src/main.d" -MT"Core/Src/main.o" --specs=nano.specs -mfpu=fpv4-sp-d16 -mfloat-abi=hard -mthumb -o "Core/Src/main.o"
arm-none-eabi-gcc "../Core/Src/stm32l4xx_hal_msp.c" -mcpu=cortex-m4 -std=gnu11 -g3 -DDEBUG -DUSE_HAL_DRIVER -DSTM32L476xx -c -I../Core/Inc -I../Drivers/STM32L4xx_HAL_Driver/Inc -I../Drivers/STM32L4xx_HAL_Driver/Inc/Legacy -I../Drivers/CMSIS/Device/ST/STM32L4xx/Include -I../Drivers/CMSIS/Include -O0 -ffunction-sections -fdata-sections -Wall -fstack-usage -fcyclomatic-complexity -MMD -MP -MF"Core/Src/stm32l4xx_hal_msp.d" -MT"Core/Src/stm32l4xx_hal_msp.o" --specs=nano.specs -mfpu=fpv4-sp-d16 -mfloat-abi=hard -mthumb -o "Core/Src/stm32l4xx_hal_msp.o"
arm-none-eabi-gcc "../Core/Src/stm32l4xx_it.c" -mcpu=cortex-m4 -std=gnu11 -g3 -DDEBUG -DUSE_HAL_DRIVER -DSTM32L476xx -c -I../Core/Inc -I../Drivers/STM32L4xx_HAL_Driver/Inc -I../Drivers/STM32L4xx_HAL_Driver/Inc/Legacy -I../Drivers/CMSIS/Device/ST/STM32L4xx/Include -I../Drivers/CMSIS/Include -O0 -ffunction-sections -fdata-sections -Wall -fstack-usage -fcyclomatic-complexity -MMD -MP -MF"Core/Src/stm32l4xx_it.d" -MT"Core/Src/stm32l4xx_it.o" --specs=nano.specs -mfpu=fpv4-sp-d16 -mfloat-abi=hard -mthumb -o "Core/Src/stm32l4xx_it.o"
arm-none-eabi-gcc "../Core/Src/syscalls.c" -mcpu=cortex-m4 -std=gnu11 -g3 -DDEBUG -DUSE_HAL_DRIVER -DSTM32L476xx -c -I../Core/Inc -I../Drivers/STM32L4xx_HAL_Driver/Inc -I../Drivers/STM32L4xx_HAL_Driver/Inc/Legacy -I../Drivers/CMSIS/Device/ST/STM32L4xx/Include -I../Drivers/CMSIS/Include -O0 -ffunction-sections -fdata-sections -Wall -fstack-usage -fcyclomatic-complexity -MMD -MP -MF"Core/Src/syscalls.d" -MT"Core/Src/syscalls.o" --specs=nano.specs -mfpu=fpv4-sp-d16 -mfloat-abi=hard -mthumb -o "Core/Src/syscalls.o"
arm-none-eabi-gcc "../Core/Src/sysmem.c" -mcpu=cortex-m4 -std=gnu11 -g3 -DDEBUG -DUSE_HAL_DRIVER -DSTM32L476xx -c -I../Core/Inc -I../Drivers/STM32L4xx_HAL_Driver/Inc -I../Drivers/STM32L4xx_HAL_Driver/Inc/Legacy -I../Drivers/CMSIS/Device/ST/STM32L4xx/Include -I../Drivers/CMSIS/Include -O0 -ffunction-sections -fdata-sections -Wall -fstack-usage -fcyclomatic-complexity -MMD -MP -MF"Core/Src/sysmem.d" -MT"Core/Src/sysmem.o" --specs=nano.specs -mfpu=fpv4-sp-d16 -mfloat-abi=hard -mthumb -o "Core/Src/sysmem.o"
arm-none-eabi-gcc "../Core/Src/system_stm32l4xx.c" -mcpu=cortex-m4 -std=gnu11 -g3 -DDEBUG -DUSE_HAL_DRIVER -DSTM32L476xx -c -I../Core/Inc -I../Drivers/STM32L4xx_HAL_Driver/Inc -I../Drivers/STM32L4xx_HAL_Driver/Inc/Legacy -I../Drivers/CMSIS/Device/ST/STM32L4xx/Include -I../Drivers/CMSIS/Include -O0 -ffunction-sections -fdata-sections -Wall -fstack-usage -fcyclomatic-complexity -MMD -MP -MF"Core/Src/system_stm32l4xx.d" -MT"Core/Src/system_stm32l4xx.o" --specs=nano.specs -mfpu=fpv4-sp-d16 -mfloat-abi=hard -mthumb -o "Core/Src/system_stm32l4xx.o"
In file included from ../Core/Src/liquidcrystal_i2c.c:1:
../Core/Inc/liquidcrystal_i2c.h:4:10: fatal error: stm32f4xx_hal.h: No such file or directory
    4 | #include "stm32f4xx_hal.h"
      |          ^~~~~~~~~~~~~~~~~
compilation terminated.
make: *** [Core/Src/subdir.mk:37: Core/Src/liquidcrystal_i2c.o] Error 1
make: *** Waiting for unfinished jobs....
In file included from ../Core/Src/main.c:25:
../Core/Inc/liquidcrystal_i2c.h:4:10: fatal error: stm32f4xx_hal.h: No such file or directory
    4 | #include "stm32f4xx_hal.h"
      |          ^~~~~~~~~~~~~~~~~
compilation terminated.
make: *** [Core/Src/subdir.mk:37: Core/Src/main.o] Error 1
"make -j12 all" terminated with exit code 2. Build might be incomplete.
23:08:28 **** Incremental Build of configuration Debug for project LED ****
make -j12 all 
arm-none-eabi-gcc "../Core/Src/liquidcrystal_i2c.c" -mcpu=cortex-m4 -std=gnu11 -g3 -DDEBUG -DUSE_HAL_DRIVER -DSTM32L476xx -c -I../Core/Inc -I../Drivers/STM32L4xx_HAL_Driver/Inc -I../Drivers/STM32L4xx_HAL_Driver/Inc/Legacy -I../Drivers/CMSIS/Device/ST/STM32L4xx/Include -I../Drivers/CMSIS/Include -O0 -ffunction-sections -fdata-sections -Wall -fstack-usage -fcyclomatic-complexity -MMD -MP -MF"Core/Src/liquidcrystal_i2c.d" -MT"Core/Src/liquidcrystal_i2c.o" --specs=nano.specs -mfpu=fpv4-sp-d16 -mfloat-abi=hard -mthumb -o "Core/Src/liquidcrystal_i2c.o"
arm-none-eabi-gcc "../Core/Src/main.c" -mcpu=cortex-m4 -std=gnu11 -g3 -DDEBUG -DUSE_HAL_DRIVER -DSTM32L476xx -c -I../Core/Inc -I../Drivers/STM32L4xx_HAL_Driver/Inc -I../Drivers/STM32L4xx_HAL_Driver/Inc/Legacy -I../Drivers/CMSIS/Device/ST/STM32L4xx/Include -I../Drivers/CMSIS/Include -O0 -ffunction-sections -fdata-sections -Wall -fstack-usage -fcyclomatic-complexity -MMD -MP -MF"Core/Src/main.d" -MT"Core/Src/main.o" --specs=nano.specs -mfpu=fpv4-sp-d16 -mfloat-abi=hard -mthumb -o "Core/Src/main.o"
In file included from ../Core/Inc/liquidcrystal_i2c.h:4,
                 from ../Core/Src/liquidcrystal_i2c.c:1:
../Core/Inc/stm32f4xx_hal.h:29:10: fatal error: stm32f4xx_hal_conf.h: No such file or directory
   29 | #include "stm32f4xx_hal_conf.h"
      |          ^~~~~~~~~~~~~~~~~~~~~~
compilation terminated.
make: *** [Core/Src/subdir.mk:37: Core/Src/liquidcrystal_i2c.o] Error 1
make: *** Waiting for unfinished jobs....
In file included from ../Core/Inc/liquidcrystal_i2c.h:4,
                 from ../Core/Src/main.c:25:
../Core/Inc/stm32f4xx_hal.h:29:10: fatal error: stm32f4xx_hal_conf.h: No such file or directory
   29 | #include "stm32f4xx_hal_conf.h"
      |          ^~~~~~~~~~~~~~~~~~~~~~
compilation terminated.
make: *** [Core/Src/subdir.mk:37: Core/Src/main.o] Error 1
"make -j12 all" terminated with exit code 2. Build might be incomplete.
23:10:05 **** Incremental Build of configuration Debug for project LED ****
make -j12 all 
arm-none-eabi-gcc "../Core/Src/liquidcrystal_i2c.c" -mcpu=cortex-m4 -std=gnu11 -g3 -DDEBUG -DUSE_HAL_DRIVER -DSTM32L476xx -c -I../Core/Inc -I../Drivers/STM32L4xx_HAL_Driver/Inc -I../Drivers/STM32L4xx_HAL_Driver/Inc/Legacy -I../Drivers/CMSIS/Device/ST/STM32L4xx/Include -I../Drivers/CMSIS/Include -O0 -ffunction-sections -fdata-sections -Wall -fstack-usage -fcyclomatic-complexity -MMD -MP -MF"Core/Src/liquidcrystal_i2c.d" -MT"Core/Src/liquidcrystal_i2c.o" --specs=nano.specs -mfpu=fpv4-sp-d16 -mfloat-abi=hard -mthumb -o "Core/Src/liquidcrystal_i2c.o"
arm-none-eabi-gcc "../Core/Src/main.c" -mcpu=cortex-m4 -std=gnu11 -g3 -DDEBUG -DUSE_HAL_DRIVER -DSTM32L476xx -c -I../Core/Inc -I../Drivers/STM32L4xx_HAL_Driver/Inc -I../Drivers/STM32L4xx_HAL_Driver/Inc/Legacy -I../Drivers/CMSIS/Device/ST/STM32L4xx/Include -I../Drivers/CMSIS/Include -O0 -ffunction-sections -fdata-sections -Wall -fstack-usage -fcyclomatic-complexity -MMD -MP -MF"Core/Src/main.d" -MT"Core/Src/main.o" --specs=nano.specs -mfpu=fpv4-sp-d16 -mfloat-abi=hard -mthumb -o "Core/Src/main.o"
In file included from ../Core/Inc/liquidcrystal_i2c.h:4,
                 from ../Core/Src/liquidcrystal_i2c.c:1:
../Core/Inc/stm32f4xx_hal.h:29:10: fatal error: stm32f4xx_hal_conf.h: No such file or directory
   29 | #include "stm32f4xx_hal_conf.h"
      |          ^~~~~~~~~~~~~~~~~~~~~~
compilation terminated.
make: *** [Core/Src/subdir.mk:37: Core/Src/liquidcrystal_i2c.o] Error 1
make: *** Waiting for unfinished jobs....
In file included from ../Core/Inc/liquidcrystal_i2c.h:4,
                 from ../Core/Src/main.c:25:
../Core/Inc/stm32f4xx_hal.h:29:10: fatal error: stm32f4xx_hal_conf.h: No such file or directory
   29 | #include "stm32f4xx_hal_conf.h"
      |          ^~~~~~~~~~~~~~~~~~~~~~
compilation terminated.
make: *** [Core/Src/subdir.mk:37: Core/Src/main.o] Error 1
"make -j12 all" terminated with exit code 2. Build might be incomplete.
23:14:38 **** Incremental Build of configuration Debug for project LED ****
make -j12 all 
arm-none-eabi-gcc "../Core/Src/liquidcrystal_i2c.c" -mcpu=cortex-m4 -std=gnu11 -g3 -DDEBUG -DUSE_HAL_DRIVER -DSTM32L476xx -c -I../Core/Inc -I../Drivers/STM32L4xx_HAL_Driver/Inc -I../Drivers/STM32L4xx_HAL_Driver/Inc/Legacy -I../Drivers/CMSIS/Device/ST/STM32L4xx/Include -I../Drivers/CMSIS/Include -O0 -ffunction-sections -fdata-sections -Wall -fstack-usage -fcyclomatic-complexity -MMD -MP -MF"Core/Src/liquidcrystal_i2c.d" -MT"Core/Src/liquidcrystal_i2c.o" --specs=nano.specs -mfpu=fpv4-sp-d16 -mfloat-abi=hard -mthumb -o "Core/Src/liquidcrystal_i2c.o"
arm-none-eabi-gcc "../Core/Src/main.c" -mcpu=cortex-m4 -std=gnu11 -g3 -DDEBUG -DUSE_HAL_DRIVER -DSTM32L476xx -c -I../Core/Inc -I../Drivers/STM32L4xx_HAL_Driver/Inc -I../Drivers/STM32L4xx_HAL_Driver/Inc/Legacy -I../Drivers/CMSIS/Device/ST/STM32L4xx/Include -I../Drivers/CMSIS/Include -O0 -ffunction-sections -fdata-sections -Wall -fstack-usage -fcyclomatic-complexity -MMD -MP -MF"Core/Src/main.d" -MT"Core/Src/main.o" --specs=nano.specs -mfpu=fpv4-sp-d16 -mfloat-abi=hard -mthumb -o "Core/Src/main.o"
In file included from ../Drivers/CMSIS/Device/ST/STM32L4xx/Include/stm32l4xx.h:288,
                 from ../Drivers/STM32L4xx_HAL_Driver/Inc/stm32l4xx_hal_def.h:29,
                 from ../Drivers/STM32L4xx_HAL_Driver/Inc/stm32l4xx_hal_rcc.h:27,
                 from ../Core/Inc/stm32l4xx_hal_conf.h:258,
                 from ../Core/Inc/stm32f4xx_hal.h:29,
                 from ../Core/Inc/liquidcrystal_i2c.h:4,
                 from ../Core/Src/liquidcrystal_i2c.c:1:
../Drivers/STM32L4xx_HAL_Driver/Inc/stm32l4xx_hal.h:636:1: error: unknown type name 'HAL_StatusTypeDef'
  636 | HAL_StatusTypeDef HAL_Init(void);
      | ^~~~~~~~~~~~~~~~~
../Drivers/STM32L4xx_HAL_Driver/Inc/stm32l4xx_hal.h:637:1: error: unknown type name 'HAL_StatusTypeDef'
  637 | HAL_StatusTypeDef HAL_DeInit(void);
      | ^~~~~~~~~~~~~~~~~
In file included from ../Core/Inc/liquidcrystal_i2c.h:4,
                 from ../Core/Src/main.c:25:
../Core/Inc/stm32f4xx_hal.h:51:3: error: redeclaration of enumerator 'HAL_TICK_FREQ_10HZ'
   51 |   HAL_TICK_FREQ_10HZ         = 100U,
      |   ^~~~~~~~~~~~~~~~~~
In file included from ../Core/Inc/main.h:30,
                 from ../Core/Src/main.c:20:
../Drivers/STM32L4xx_HAL_Driver/Inc/stm32l4xx_hal.h:49:3: note: previous definition of 'HAL_TICK_FREQ_10HZ' with type 'enum <anonymous>'
   49 |   HAL_TICK_FREQ_10HZ         = 100U,
      |   ^~~~~~~~~~~~~~~~~~
In file included from ../Core/Inc/liquidcrystal_i2c.h:4,
                 from ../Core/Src/main.c:25:
../Core/Inc/stm32f4xx_hal.h:52:3: error: redeclaration of enumerator 'HAL_TICK_FREQ_100HZ'
   52 |   HAL_TICK_FREQ_100HZ        = 10U,
      |   ^~~~~~~~~~~~~~~~~~~
In file included from ../Core/Inc/main.h:30,
                 from ../Core/Src/main.c:20:
../Drivers/STM32L4xx_HAL_Driver/Inc/stm32l4xx_hal.h:50:3: note: previous definition of 'HAL_TICK_FREQ_100HZ' with type 'enum <anonymous>'
   50 |   HAL_TICK_FREQ_100HZ        = 10U,
      |   ^~~~~~~~~~~~~~~~~~~
In file included from ../Core/Inc/liquidcrystal_i2c.h:4,
                 from ../Core/Src/main.c:25:
../Core/Inc/stm32f4xx_hal.h:53:3: error: redeclaration of enumerator 'HAL_TICK_FREQ_1KHZ'
   53 |   HAL_TICK_FREQ_1KHZ         = 1U,
      |   ^~~~~~~~~~~~~~~~~~
In file included from ../Core/Inc/main.h:30,
                 from ../Core/Src/main.c:20:
../Drivers/STM32L4xx_HAL_Driver/Inc/stm32l4xx_hal.h:51:3: note: previous definition of 'HAL_TICK_FREQ_1KHZ' with type 'enum <anonymous>'
   51 |   HAL_TICK_FREQ_1KHZ         = 1U,
      |   ^~~~~~~~~~~~~~~~~~
In file included from ../Core/Inc/liquidcrystal_i2c.h:4,
                 from ../Core/Src/main.c:25:
../Core/Inc/stm32f4xx_hal.h:54:3: error: redeclaration of enumerator 'HAL_TICK_FREQ_DEFAULT'
   54 |   HAL_TICK_FREQ_DEFAULT      = HAL_TICK_FREQ_1KHZ
      |   ^~~~~~~~~~~~~~~~~~~~~
In file included from ../Core/Inc/main.h:30,
                 from ../Core/Src/main.c:20:
../Drivers/STM32L4xx_HAL_Driver/Inc/stm32l4xx_hal.h:52:3: note: previous definition of 'HAL_TICK_FREQ_DEFAULT' with type 'enum <anonymous>'
   52 |   HAL_TICK_FREQ_DEFAULT      = HAL_TICK_FREQ_1KHZ
      |   ^~~~~~~~~~~~~~~~~~~~~
In file included from ../Core/Inc/liquidcrystal_i2c.h:4,
                 from ../Core/Src/main.c:25:
../Core/Inc/stm32f4xx_hal.h:55:3: error: conflicting types for 'HAL_TickFreqTypeDef'; have 'enum <anonymous>'
   55 | } HAL_TickFreqTypeDef;
      |   ^~~~~~~~~~~~~~~~~~~
In file included from ../Core/Inc/main.h:30,
                 from ../Core/Src/main.c:20:
../Drivers/STM32L4xx_HAL_Driver/Inc/stm32l4xx_hal.h:53:3: note: previous declaration of 'HAL_TickFreqTypeDef' with type 'HAL_TickFreqTypeDef'
   53 | } HAL_TickFreqTypeDef;
      |   ^~~~~~~~~~~~~~~~~~~
In file included from ../Core/Inc/liquidcrystal_i2c.h:4,
                 from ../Core/Src/main.c:25:
../Core/Inc/stm32f4xx_hal.h:71: warning: "__HAL_DBGMCU_FREEZE_TIM2" redefined
   71 | #define __HAL_DBGMCU_FREEZE_TIM2()           (DBGMCU->APB1FZ |= (DBGMCU_APB1_FZ_DBG_TIM2_STOP))
      | 
In file included from ../Core/Inc/main.h:30,
                 from ../Core/Src/main.c:20:
../Drivers/STM32L4xx_HAL_Driver/Inc/stm32l4xx_hal.h:271: note: this is the location of the previous definition
  271 | #define __HAL_DBGMCU_FREEZE_TIM2()           SET_BIT(DBGMCU->APB1FZR1, DBGMCU_APB1FZR1_DBG_TIM2_STOP)
      | 
In file included from ../Core/Inc/liquidcrystal_i2c.h:4,
                 from ../Core/Src/main.c:25:
../Core/Inc/stm32f4xx_hal.h:72: warning: "__HAL_DBGMCU_FREEZE_TIM3" redefined
   72 | #define __HAL_DBGMCU_FREEZE_TIM3()           (DBGMCU->APB1FZ |= (DBGMCU_APB1_FZ_DBG_TIM3_STOP))
      | 
In file included from ../Core/Inc/main.h:30,
                 from ../Core/Src/main.c:20:
../Drivers/STM32L4xx_HAL_Driver/Inc/stm32l4xx_hal.h:276: note: this is the location of the previous definition
  276 | #define __HAL_DBGMCU_FREEZE_TIM3()           SET_BIT(DBGMCU->APB1FZR1, DBGMCU_APB1FZR1_DBG_TIM3_STOP)
      | 
In file included from ../Core/Inc/liquidcrystal_i2c.h:4,
                 from ../Core/Src/main.c:25:
../Core/Inc/stm32f4xx_hal.h:73: warning: "__HAL_DBGMCU_FREEZE_TIM4" redefined
   73 | #define __HAL_DBGMCU_FREEZE_TIM4()           (DBGMCU->APB1FZ |= (DBGMCU_APB1_FZ_DBG_TIM4_STOP))
      | 
In file included from ../Core/Inc/main.h:30,
                 from ../Core/Src/main.c:20:
../Drivers/STM32L4xx_HAL_Driver/Inc/stm32l4xx_hal.h:281: note: this is the location of the previous definition
  281 | #define __HAL_DBGMCU_FREEZE_TIM4()           SET_BIT(DBGMCU->APB1FZR1, DBGMCU_APB1FZR1_DBG_TIM4_STOP)
      | 
In file included from ../Core/Inc/liquidcrystal_i2c.h:4,
                 from ../Core/Src/main.c:25:
../Core/Inc/stm32f4xx_hal.h:74: warning: "__HAL_DBGMCU_FREEZE_TIM5" redefined
   74 | #define __HAL_DBGMCU_FREEZE_TIM5()           (DBGMCU->APB1FZ |= (DBGMCU_APB1_FZ_DBG_TIM5_STOP))
      | 
../Drivers/STM32L4xx_HAL_Driver/Inc/stm32l4xx_hal.h:640:1: error: unknown type name 'HAL_StatusTypeDef'
  640 | HAL_StatusTypeDef HAL_InitTick (uint32_t TickPriority);
      | ^~~~~~~~~~~~~~~~~
In file included from ../Core/Inc/main.h:30,
                 from ../Core/Src/main.c:20:
../Drivers/STM32L4xx_HAL_Driver/Inc/stm32l4xx_hal.h:286: note: this is the location of the previous definition
  286 | #define __HAL_DBGMCU_FREEZE_TIM5()           SET_BIT(DBGMCU->APB1FZR1, DBGMCU_APB1FZR1_DBG_TIM5_STOP)
      | 
In file included from ../Core/Inc/liquidcrystal_i2c.h:4,
                 from ../Core/Src/main.c:25:
../Core/Inc/stm32f4xx_hal.h:75: warning: "__HAL_DBGMCU_FREEZE_TIM6" redefined
   75 | #define __HAL_DBGMCU_FREEZE_TIM6()           (DBGMCU->APB1FZ |= (DBGMCU_APB1_FZ_DBG_TIM6_STOP))
      | 
In file included from ../Core/Inc/main.h:30,
                 from ../Core/Src/main.c:20:
../Drivers/STM32L4xx_HAL_Driver/Inc/stm32l4xx_hal.h:291: note: this is the location of the previous definition
  291 | #define __HAL_DBGMCU_FREEZE_TIM6()           SET_BIT(DBGMCU->APB1FZR1, DBGMCU_APB1FZR1_DBG_TIM6_STOP)
      | 
In file included from ../Core/Inc/liquidcrystal_i2c.h:4,
                 from ../Core/Src/main.c:25:
../Core/Inc/stm32f4xx_hal.h:76: warning: "__HAL_DBGMCU_FREEZE_TIM7" redefined
   76 | #define __HAL_DBGMCU_FREEZE_TIM7()           (DBGMCU->APB1FZ |= (DBGMCU_APB1_FZ_DBG_TIM7_STOP))
      | 
In file included from ../Core/Inc/main.h:30,
                 from ../Core/Src/main.c:20:
../Drivers/STM32L4xx_HAL_Driver/Inc/stm32l4xx_hal.h:296: note: this is the location of the previous definition
  296 | #define __HAL_DBGMCU_FREEZE_TIM7()           SET_BIT(DBGMCU->APB1FZR1, DBGMCU_APB1FZR1_DBG_TIM7_STOP)
      | 
In file included from ../Core/Inc/liquidcrystal_i2c.h:4,
                 from ../Core/Src/main.c:25:
../Core/Inc/stm32f4xx_hal.h:80: warning: "__HAL_DBGMCU_FREEZE_RTC" redefined
   80 | #define __HAL_DBGMCU_FREEZE_RTC()            (DBGMCU->APB1FZ |= (DBGMCU_APB1_FZ_DBG_RTC_STOP))
      | 
In file included from ../Core/Inc/main.h:30,
                 from ../Core/Src/main.c:20:
../Drivers/STM32L4xx_HAL_Driver/Inc/stm32l4xx_hal.h:301: note: this is the location of the previous definition
  301 | #define __HAL_DBGMCU_FREEZE_RTC()            SET_BIT(DBGMCU->APB1FZR1, DBGMCU_APB1FZR1_DBG_RTC_STOP)
      | 
In file included from ../Core/Inc/liquidcrystal_i2c.h:4,
                 from ../Core/Src/main.c:25:
../Core/Inc/stm32f4xx_hal.h:81: warning: "__HAL_DBGMCU_FREEZE_WWDG" redefined
   81 | #define __HAL_DBGMCU_FREEZE_WWDG()           (DBGMCU->APB1FZ |= (DBGMCU_APB1_FZ_DBG_WWDG_STOP))
      | 
In file included from ../Core/Inc/main.h:30,
                 from ../Core/Src/main.c:20:
../Drivers/STM32L4xx_HAL_Driver/Inc/stm32l4xx_hal.h:306: note: this is the location of the previous definition
  306 | #define __HAL_DBGMCU_FREEZE_WWDG()           SET_BIT(DBGMCU->APB1FZR1, DBGMCU_APB1FZR1_DBG_WWDG_STOP)
      | 
In file included from ../Core/Inc/liquidcrystal_i2c.h:4,
                 from ../Core/Src/main.c:25:
../Core/Inc/stm32f4xx_hal.h:82: warning: "__HAL_DBGMCU_FREEZE_IWDG" redefined
   82 | #define __HAL_DBGMCU_FREEZE_IWDG()           (DBGMCU->APB1FZ |= (DBGMCU_APB1_FZ_DBG_IWDG_STOP))
      | 
In file included from ../Core/Inc/main.h:30,
                 from ../Core/Src/main.c:20:
../Drivers/STM32L4xx_HAL_Driver/Inc/stm32l4xx_hal.h:311: note: this is the location of the previous definition
  311 | #define __HAL_DBGMCU_FREEZE_IWDG()           SET_BIT(DBGMCU->APB1FZR1, DBGMCU_APB1FZR1_DBG_IWDG_STOP)
      | 
In file included from ../Core/Inc/liquidcrystal_i2c.h:4,
                 from ../Core/Src/main.c:25:
../Core/Inc/stm32f4xx_hal.h:83: warning: "__HAL_DBGMCU_FREEZE_I2C1_TIMEOUT" redefined
   83 | #define __HAL_DBGMCU_FREEZE_I2C1_TIMEOUT()   (DBGMCU->APB1FZ |= (DBGMCU_APB1_FZ_DBG_I2C1_SMBUS_TIMEOUT))
      | 
In file included from ../Core/Inc/main.h:30,
                 from ../Core/Src/main.c:20:
../Drivers/STM32L4xx_HAL_Driver/Inc/stm32l4xx_hal.h:316: note: this is the location of the previous definition
  316 | #define __HAL_DBGMCU_FREEZE_I2C1_TIMEOUT()   SET_BIT(DBGMCU->APB1FZR1, DBGMCU_APB1FZR1_DBG_I2C1_STOP)
      | 
In file included from ../Core/Inc/liquidcrystal_i2c.h:4,
                 from ../Core/Src/main.c:25:
../Core/Inc/stm32f4xx_hal.h:84: warning: "__HAL_DBGMCU_FREEZE_I2C2_TIMEOUT" redefined
   84 | #define __HAL_DBGMCU_FREEZE_I2C2_TIMEOUT()   (DBGMCU->APB1FZ |= (DBGMCU_APB1_FZ_DBG_I2C2_SMBUS_TIMEOUT))
      | 
In file included from ../Core/Inc/main.h:30,
                 from ../Core/Src/main.c:20:
../Drivers/STM32L4xx_HAL_Driver/Inc/stm32l4xx_hal.h:321: note: this is the location of the previous definition
  321 | #define __HAL_DBGMCU_FREEZE_I2C2_TIMEOUT()   SET_BIT(DBGMCU->APB1FZR1, DBGMCU_APB1FZR1_DBG_I2C2_STOP)
      | 
In file included from ../Core/Inc/liquidcrystal_i2c.h:4,
                 from ../Core/Src/main.c:25:
../Core/Inc/stm32f4xx_hal.h:85: warning: "__HAL_DBGMCU_FREEZE_I2C3_TIMEOUT" redefined
   85 | #define __HAL_DBGMCU_FREEZE_I2C3_TIMEOUT()   (DBGMCU->APB1FZ |= (DBGMCU_APB1_FZ_DBG_I2C3_SMBUS_TIMEOUT))
      | 
In file included from ../Core/Inc/main.h:30,
                 from ../Core/Src/main.c:20:
../Drivers/STM32L4xx_HAL_Driver/Inc/stm32l4xx_hal.h:326: note: this is the location of the previous definition
  326 | #define __HAL_DBGMCU_FREEZE_I2C3_TIMEOUT()   SET_BIT(DBGMCU->APB1FZR1, DBGMCU_APB1FZR1_DBG_I2C3_STOP)
      | 
In file included from ../Core/Inc/liquidcrystal_i2c.h:4,
                 from ../Core/Src/main.c:25:
../Core/Inc/stm32f4xx_hal.h:86: warning: "__HAL_DBGMCU_FREEZE_CAN1" redefined
   86 | #define __HAL_DBGMCU_FREEZE_CAN1()           (DBGMCU->APB1FZ |= (DBGMCU_APB1_FZ_DBG_CAN1_STOP))
      | 
In file included from ../Core/Inc/main.h:30,
                 from ../Core/Src/main.c:20:
../Drivers/STM32L4xx_HAL_Driver/Inc/stm32l4xx_hal.h:336: note: this is the location of the previous definition
  336 | #define __HAL_DBGMCU_FREEZE_CAN1()           SET_BIT(DBGMCU->APB1FZR1, DBGMCU_APB1FZR1_DBG_CAN_STOP)
      | 
In file included from ../Core/Inc/liquidcrystal_i2c.h:4,
                 from ../Core/Src/main.c:25:
../Core/Inc/stm32f4xx_hal.h:88: warning: "__HAL_DBGMCU_FREEZE_TIM1" redefined
   88 | #define __HAL_DBGMCU_FREEZE_TIM1()           (DBGMCU->APB2FZ |= (DBGMCU_APB2_FZ_DBG_TIM1_STOP))
      | 
In file included from ../Core/Inc/main.h:30,
                 from ../Core/Src/main.c:20:
../Drivers/STM32L4xx_HAL_Driver/Inc/stm32l4xx_hal.h:356: note: this is the location of the previous definition
  356 | #define __HAL_DBGMCU_FREEZE_TIM1()           SET_BIT(DBGMCU->APB2FZ, DBGMCU_APB2FZ_DBG_TIM1_STOP)
      | 
../Drivers/STM32L4xx_HAL_Driver/Inc/stm32l4xx_hal.h:655:1: error: unknown type name 'HAL_StatusTypeDef'
  655 | HAL_StatusTypeDef  HAL_SetTickFreq(HAL_TickFreqTypeDef Freq);
      | ^~~~~~~~~~~~~~~~~
In file included from ../Core/Inc/liquidcrystal_i2c.h:4,
                 from ../Core/Src/main.c:25:
../Core/Inc/stm32f4xx_hal.h:89: warning: "__HAL_DBGMCU_FREEZE_TIM8" redefined
   89 | #define __HAL_DBGMCU_FREEZE_TIM8()           (DBGMCU->APB2FZ |= (DBGMCU_APB2_FZ_DBG_TIM8_STOP))
      | 
In file included from ../Core/Inc/main.h:30,
                 from ../Core/Src/main.c:20:
../Drivers/STM32L4xx_HAL_Driver/Inc/stm32l4xx_hal.h:361: note: this is the location of the previous definition
  361 | #define __HAL_DBGMCU_FREEZE_TIM8()           SET_BIT(DBGMCU->APB2FZ, DBGMCU_APB2FZ_DBG_TIM8_STOP)
      | 
In file included from ../Core/Inc/liquidcrystal_i2c.h:4,
                 from ../Core/Src/main.c:25:
../Core/Inc/stm32f4xx_hal.h:94: warning: "__HAL_DBGMCU_UNFREEZE_TIM2" redefined
   94 | #define __HAL_DBGMCU_UNFREEZE_TIM2()           (DBGMCU->APB1FZ &= ~(DBGMCU_APB1_FZ_DBG_TIM2_STOP))
      | 
In file included from ../Core/Inc/main.h:30,
                 from ../Core/Src/main.c:20:
../Drivers/STM32L4xx_HAL_Driver/Inc/stm32l4xx_hal.h:272: note: this is the location of the previous definition
  272 | #define __HAL_DBGMCU_UNFREEZE_TIM2()         CLEAR_BIT(DBGMCU->APB1FZR1, DBGMCU_APB1FZR1_DBG_TIM2_STOP)
      | 
In file included from ../Core/Inc/liquidcrystal_i2c.h:4,
                 from ../Core/Src/main.c:25:
../Core/Inc/stm32f4xx_hal.h:95: warning: "__HAL_DBGMCU_UNFREEZE_TIM3" redefined
   95 | #define __HAL_DBGMCU_UNFREEZE_TIM3()           (DBGMCU->APB1FZ &= ~(DBGMCU_APB1_FZ_DBG_TIM3_STOP))
      | 
In file included from ../Core/Inc/main.h:30,
                 from ../Core/Src/main.c:20:
../Drivers/STM32L4xx_HAL_Driver/Inc/stm32l4xx_hal.h:277: note: this is the location of the previous definition
  277 | #define __HAL_DBGMCU_UNFREEZE_TIM3()         CLEAR_BIT(DBGMCU->APB1FZR1, DBGMCU_APB1FZR1_DBG_TIM3_STOP)
      | 
In file included from ../Core/Inc/liquidcrystal_i2c.h:4,
                 from ../Core/Src/main.c:25:
../Core/Inc/stm32f4xx_hal.h:96: warning: "__HAL_DBGMCU_UNFREEZE_TIM4" redefined
   96 | #define __HAL_DBGMCU_UNFREEZE_TIM4()           (DBGMCU->APB1FZ &= ~(DBGMCU_APB1_FZ_DBG_TIM4_STOP))
      | 
In file included from ../Core/Inc/main.h:30,
                 from ../Core/Src/main.c:20:
../Drivers/STM32L4xx_HAL_Driver/Inc/stm32l4xx_hal.h:282: note: this is the location of the previous definition
  282 | #define __HAL_DBGMCU_UNFREEZE_TIM4()         CLEAR_BIT(DBGMCU->APB1FZR1, DBGMCU_APB1FZR1_DBG_TIM4_STOP)
      | 
In file included from ../Core/Inc/liquidcrystal_i2c.h:4,
                 from ../Core/Src/main.c:25:
../Core/Inc/stm32f4xx_hal.h:97: warning: "__HAL_DBGMCU_UNFREEZE_TIM5" redefined
   97 | #define __HAL_DBGMCU_UNFREEZE_TIM5()           (DBGMCU->APB1FZ &= ~(DBGMCU_APB1_FZ_DBG_TIM5_STOP))
      | 
In file included from ../Core/Inc/main.h:30,
                 from ../Core/Src/main.c:20:
../Drivers/STM32L4xx_HAL_Driver/Inc/stm32l4xx_hal.h:287: note: this is the location of the previous definition
  287 | #define __HAL_DBGMCU_UNFREEZE_TIM5()         CLEAR_BIT(DBGMCU->APB1FZR1, DBGMCU_APB1FZR1_DBG_TIM5_STOP)
      | 
In file included from ../Core/Inc/liquidcrystal_i2c.h:4,
                 from ../Core/Src/main.c:25:
../Core/Inc/stm32f4xx_hal.h:98: warning: "__HAL_DBGMCU_UNFREEZE_TIM6" redefined
   98 | #define __HAL_DBGMCU_UNFREEZE_TIM6()           (DBGMCU->APB1FZ &= ~(DBGMCU_APB1_FZ_DBG_TIM6_STOP))
      | 
In file included from ../Core/Inc/main.h:30,
                 from ../Core/Src/main.c:20:
../Drivers/STM32L4xx_HAL_Driver/Inc/stm32l4xx_hal.h:292: note: this is the location of the previous definition
  292 | #define __HAL_DBGMCU_UNFREEZE_TIM6()         CLEAR_BIT(DBGMCU->APB1FZR1, DBGMCU_APB1FZR1_DBG_TIM6_STOP)
      | 
In file included from ../Core/Inc/liquidcrystal_i2c.h:4,
                 from ../Core/Src/main.c:25:
../Core/Inc/stm32f4xx_hal.h:99: warning: "__HAL_DBGMCU_UNFREEZE_TIM7" redefined
   99 | #define __HAL_DBGMCU_UNFREEZE_TIM7()           (DBGMCU->APB1FZ &= ~(DBGMCU_APB1_FZ_DBG_TIM7_STOP))
      | 
In file included from ../Core/Inc/main.h:30,
                 from ../Core/Src/main.c:20:
../Drivers/STM32L4xx_HAL_Driver/Inc/stm32l4xx_hal.h:297: note: this is the location of the previous definition
[...]
arm-none-eabi-gcc "../Drivers/STM32L4xx_HAL_Driver/Src/stm32l4xx_hal_uart_ex.c" -mcpu=cortex-m4 -std=gnu11 -g3 -DDEBUG -DUSE_HAL_DRIVER -DSTM32L476xx -c -I../Core/Inc -I../Drivers/STM32L4xx_HAL_Driver/Inc -I../Drivers/STM32L4xx_HAL_Driver/Inc/Legacy -I../Drivers/CMSIS/Device/ST/STM32L4xx/Include -I../Drivers/CMSIS/Include -O0 -ffunction-sections -fdata-sections -Wall -fstack-usage -fcyclomatic-complexity -MMD -MP -MF"Drivers/STM32L4xx_HAL_Driver/Src/stm32l4xx_hal_uart_ex.d" -MT"Drivers/STM32L4xx_HAL_Driver/Src/stm32l4xx_hal_uart_ex.o" --specs=nano.specs -mfpu=fpv4-sp-d16 -mfloat-abi=hard -mthumb -o "Drivers/STM32L4xx_HAL_Driver/Src/stm32l4xx_hal_uart_ex.o"
arm-none-eabi-gcc -mcpu=cortex-m4 -g3 -DDEBUG -c -x assembler-with-cpp -MMD -MP -MF"Core/Startup/startup_stm32l476rgtx.d" -MT"Core/Startup/startup_stm32l476rgtx.o" --specs=nano.specs -mfpu=fpv4-sp-d16 -mfloat-abi=hard -mthumb -o "Core/Startup/startup_stm32l476rgtx.o" "../Core/Startup/startup_stm32l476rgtx.s"
arm-none-eabi-gcc "../Core/Src/main.c" -mcpu=cortex-m4 -std=gnu11 -g3 -DDEBUG -DUSE_HAL_DRIVER -DSTM32L476xx -c -I../Core/Inc -I../Drivers/STM32L4xx_HAL_Driver/Inc -I../Drivers/STM32L4xx_HAL_Driver/Inc/Legacy -I../Drivers/CMSIS/Device/ST/STM32L4xx/Include -I../Drivers/CMSIS/Include -O0 -ffunction-sections -fdata-sections -Wall -fstack-usage -fcyclomatic-complexity -MMD -MP -MF"Core/Src/main.d" -MT"Core/Src/main.o" --specs=nano.specs -mfpu=fpv4-sp-d16 -mfloat-abi=hard -mthumb -o "Core/Src/main.o"
arm-none-eabi-gcc "../Core/Src/stm32l4xx_hal_msp.c" -mcpu=cortex-m4 -std=gnu11 -g3 -DDEBUG -DUSE_HAL_DRIVER -DSTM32L476xx -c -I../Core/Inc -I../Drivers/STM32L4xx_HAL_Driver/Inc -I../Drivers/STM32L4xx_HAL_Driver/Inc/Legacy -I../Drivers/CMSIS/Device/ST/STM32L4xx/Include -I../Drivers/CMSIS/Include -O0 -ffunction-sections -fdata-sections -Wall -fstack-usage -fcyclomatic-complexity -MMD -MP -MF"Core/Src/stm32l4xx_hal_msp.d" -MT"Core/Src/stm32l4xx_hal_msp.o" --specs=nano.specs -mfpu=fpv4-sp-d16 -mfloat-abi=hard -mthumb -o "Core/Src/stm32l4xx_hal_msp.o"
arm-none-eabi-gcc "../Core/Src/stm32l4xx_it.c" -mcpu=cortex-m4 -std=gnu11 -g3 -DDEBUG -DUSE_HAL_DRIVER -DSTM32L476xx -c -I../Core/Inc -I../Drivers/STM32L4xx_HAL_Driver/Inc -I../Drivers/STM32L4xx_HAL_Driver/Inc/Legacy -I../Drivers/CMSIS/Device/ST/STM32L4xx/Include -I../Drivers/CMSIS/Include -O0 -ffunction-sections -fdata-sections -Wall -fstack-usage -fcyclomatic-complexity -MMD -MP -MF"Core/Src/stm32l4xx_it.d" -MT"Core/Src/stm32l4xx_it.o" --specs=nano.specs -mfpu=fpv4-sp-d16 -mfloat-abi=hard -mthumb -o "Core/Src/stm32l4xx_it.o"
arm-none-eabi-gcc "../Core/Src/syscalls.c" -mcpu=cortex-m4 -std=gnu11 -g3 -DDEBUG -DUSE_HAL_DRIVER -DSTM32L476xx -c -I../Core/Inc -I../Drivers/STM32L4xx_HAL_Driver/Inc -I../Drivers/STM32L4xx_HAL_Driver/Inc/Legacy -I../Drivers/CMSIS/Device/ST/STM32L4xx/Include -I../Drivers/CMSIS/Include -O0 -ffunction-sections -fdata-sections -Wall -fstack-usage -fcyclomatic-complexity -MMD -MP -MF"Core/Src/syscalls.d" -MT"Core/Src/syscalls.o" --specs=nano.specs -mfpu=fpv4-sp-d16 -mfloat-abi=hard -mthumb -o "Core/Src/syscalls.o"
arm-none-eabi-gcc "../Core/Src/sysmem.c" -mcpu=cortex-m4 -std=gnu11 -g3 -DDEBUG -DUSE_HAL_DRIVER -DSTM32L476xx -c -I../Core/Inc -I../Drivers/STM32L4xx_HAL_Driver/Inc -I../Drivers/STM32L4xx_HAL_Driver/Inc/Legacy -I../Drivers/CMSIS/Device/ST/STM32L4xx/Include -I../Drivers/CMSIS/Include -O0 -ffunction-sections -fdata-sections -Wall -fstack-usage -fcyclomatic-complexity -MMD -MP -MF"Core/Src/sysmem.d" -MT"Core/Src/sysmem.o" --specs=nano.specs -mfpu=fpv4-sp-d16 -mfloat-abi=hard -mthumb -o "Core/Src/sysmem.o"
arm-none-eabi-gcc "../Core/Src/system_stm32l4xx.c" -mcpu=cortex-m4 -std=gnu11 -g3 -DDEBUG -DUSE_HAL_DRIVER -DSTM32L476xx -c -I../Core/Inc -I../Drivers/STM32L4xx_HAL_Driver/Inc -I../Drivers/STM32L4xx_HAL_Driver/Inc/Legacy -I../Drivers/CMSIS/Device/ST/STM32L4xx/Include -I../Drivers/CMSIS/Include -O0 -ffunction-sections -fdata-sections -Wall -fstack-usage -fcyclomatic-complexity -MMD -MP -MF"Core/Src/system_stm32l4xx.d" -MT"Core/Src/system_stm32l4xx.o" --specs=nano.specs -mfpu=fpv4-sp-d16 -mfloat-abi=hard -mthumb -o "Core/Src/system_stm32l4xx.o"
arm-none-eabi-gcc -o "Timer_Leraning_ISR_Demo.elf" @"objects.list"   -mcpu=cortex-m4 -T"D:\Develop\FYP\STM32CubeIDEworkspace_1.13.0\Timer_Leraning_ISR_Demo\STM32L476RGTX_FLASH.ld" --specs=nosys.specs -Wl,-Map="Timer_Leraning_ISR_Demo.map" -Wl,--gc-sections -static --specs=nano.specs -mfpu=fpv4-sp-d16 -mfloat-abi=hard -mthumb -Wl,--start-group -lc -lm -Wl,--end-group
Finished building target: Timer_Leraning_ISR_Demo.elf
 
arm-none-eabi-size  Timer_Leraning_ISR_Demo.elf 
arm-none-eabi-objdump -h -S Timer_Leraning_ISR_Demo.elf  > "Timer_Leraning_ISR_Demo.list"
   text	   data	    bss	    dec	    hex	filename
  13992	     12	   1780	  15784	   3da8	Timer_Leraning_ISR_Demo.elf
Finished building: default.size.stdout
 
Finished building: Timer_Leraning_ISR_Demo.list
 
00:15:25 **** Incremental Build of configuration Debug for project Timer_Leraning_ISR_Demo ****
make -j12 all 
arm-none-eabi-size  Timer_Leraning_ISR_Demo.elf 
   text	   data	    bss	    dec	    hex	filename
  13992	     12	   1780	  15784	   3da8	Timer_Leraning_ISR_Demo.elf
Finished building: default.size.stdout
 
00:15:55 **** Incremental Build of configuration Debug for project Timer_Leraning_ISR_Demo ****
make -j12 all 
arm-none-eabi-gcc "../Core/Src/main.c" -mcpu=cortex-m4 -std=gnu11 -g3 -DDEBUG -DUSE_HAL_DRIVER -DSTM32L476xx -c -I../Core/Inc -I../Drivers/STM32L4xx_HAL_Driver/Inc -I../Drivers/STM32L4xx_HAL_Driver/Inc/Legacy -I../Drivers/CMSIS/Device/ST/STM32L4xx/Include -I../Drivers/CMSIS/Include -O0 -ffunction-sections -fdata-sections -Wall -fstack-usage -fcyclomatic-complexity -MMD -MP -MF"Core/Src/main.d" -MT"Core/Src/main.o" --specs=nano.specs -mfpu=fpv4-sp-d16 -mfloat-abi=hard -mthumb -o "Core/Src/main.o"
arm-none-eabi-gcc -o "Timer_Leraning_ISR_Demo.elf" @"objects.list"   -mcpu=cortex-m4 -T"D:\Develop\FYP\STM32CubeIDEworkspace_1.13.0\Timer_Leraning_ISR_Demo\STM32L476RGTX_FLASH.ld" --specs=nosys.specs -Wl,-Map="Timer_Leraning_ISR_Demo.map" -Wl,--gc-sections -static --specs=nano.specs -mfpu=fpv4-sp-d16 -mfloat-abi=hard -mthumb -Wl,--start-group -lc -lm -Wl,--end-group
Finished building target: Timer_Leraning_ISR_Demo.elf
 
arm-none-eabi-size  Timer_Leraning_ISR_Demo.elf 
arm-none-eabi-objdump -h -S Timer_Leraning_ISR_Demo.elf  > "Timer_Leraning_ISR_Demo.list"
   text	   data	    bss	    dec	    hex	filename
  13992	     12	   1780	  15784	   3da8	Timer_Leraning_ISR_Demo.elf
Finished building: default.size.stdout
 
Finished building: Timer_Leraning_ISR_Demo.list
 
00:16:25 **** Incremental Build of configuration Debug for project Timer_Leraning_ISR_Demo ****
make -j12 all 
arm-none-eabi-size  Timer_Leraning_ISR_Demo.elf 
   text	   data	    bss	    dec	    hex	filename
  13992	     12	   1780	  15784	   3da8	Timer_Leraning_ISR_Demo.elf
Finished building: default.size.stdout
 
00:17:50 **** Incremental Build of configuration Debug for project Timer_Leraning_ISR_Demo ****
make -j12 all 
arm-none-eabi-size  Timer_Leraning_ISR_Demo.elf 
   text	   data	    bss	    dec	    hex	filename
  13992	     12	   1780	  15784	   3da8	Timer_Leraning_ISR_Demo.elf
Finished building: default.size.stdout
 
00:18:06 **** Incremental Build of configuration Debug for project Timer_Leraning_ISR_Demo ****
make -j12 all 
arm-none-eabi-size  Timer_Leraning_ISR_Demo.elf 
   text	   data	    bss	    dec	    hex	filename
  13992	     12	   1780	  15784	   3da8	Timer_Leraning_ISR_Demo.elf
Finished building: default.size.stdout
 
00:18:23 **** Incremental Build of configuration Debug for project Timer_Leraning_ISR_Demo ****
make -j12 all 
arm-none-eabi-size  Timer_Leraning_ISR_Demo.elf 
   text	   data	    bss	    dec	    hex	filename
  13992	     12	   1780	  15784	   3da8	Timer_Leraning_ISR_Demo.elf
Finished building: default.size.stdout
 
00:18:31 **** Incremental Build of configuration Debug for project Timer_Leraning_ISR_Demo ****
make -j12 all 
arm-none-eabi-size  Timer_Leraning_ISR_Demo.elf 
   text	   data	    bss	    dec	    hex	filename
  13992	     12	   1780	  15784	   3da8	Timer_Leraning_ISR_Demo.elf
Finished building: default.size.stdout
 
00:18:38 **** Incremental Build of configuration Debug for project Timer_Leraning_ISR_Demo ****
make -j12 all 
arm-none-eabi-size  Timer_Leraning_ISR_Demo.elf 
   text	   data	    bss	    dec	    hex	filename
  13992	     12	   1780	  15784	   3da8	Timer_Leraning_ISR_Demo.elf
Finished building: default.size.stdout
 
00:19:15 **** Incremental Build of configuration Debug for project Timer_Leraning_ISR_Demo ****
make -j12 all 
arm-none-eabi-size  Timer_Leraning_ISR_Demo.elf 
   text	   data	    bss	    dec	    hex	filename
  13992	     12	   1780	  15784	   3da8	Timer_Leraning_ISR_Demo.elf
Finished building: default.size.stdout
 
00:19:55 **** Incremental Build of configuration Debug for project Timer_Leraning_ISR_Demo ****
make -j12 all 
arm-none-eabi-size  Timer_Leraning_ISR_Demo.elf 
   text	   data	    bss	    dec	    hex	filename
  13992	     12	   1780	  15784	   3da8	Timer_Leraning_ISR_Demo.elf
Finished building: default.size.stdout
 
00:20:03 **** Incremental Build of configuration Debug for project Timer_Leraning_ISR_Demo ****
make -j12 all 
arm-none-eabi-size  Timer_Leraning_ISR_Demo.elf 
   text	   data	    bss	    dec	    hex	filename
  13992	     12	   1780	  15784	   3da8	Timer_Leraning_ISR_Demo.elf
Finished building: default.size.stdout
 
00:20:11 **** Incremental Build of configuration Debug for project Timer_Leraning_ISR_Demo ****
make -j12 all 
arm-none-eabi-size  Timer_Leraning_ISR_Demo.elf 
   text	   data	    bss	    dec	    hex	filename
  13992	     12	   1780	  15784	   3da8	Timer_Leraning_ISR_Demo.elf
Finished building: default.size.stdout
 
00:20:18 **** Incremental Build of configuration Debug for project Timer_Leraning_ISR_Demo ****
make -j12 all 
arm-none-eabi-size  Timer_Leraning_ISR_Demo.elf 
   text	   data	    bss	    dec	    hex	filename
  13992	     12	   1780	  15784	   3da8	Timer_Leraning_ISR_Demo.elf
Finished building: default.size.stdout
 
00:20:41 **** Incremental Build of configuration Debug for project Timer_Leraning_ISR_Demo ****
make -j12 all 
arm-none-eabi-size  Timer_Leraning_ISR_Demo.elf 
   text	   data	    bss	    dec	    hex	filename
  13992	     12	   1780	  15784	   3da8	Timer_Leraning_ISR_Demo.elf
Finished building: default.size.stdout
 
00:21:10 **** Build of configuration Debug for project Timer_Learning_Demo ****
make -j12 all 
arm-none-eabi-size  Timer_Learning_Demo.elf 
   text	   data	    bss	    dec	    hex	filename
  16260	     92	   2116	  18468	   4824	Timer_Learning_Demo.elf
Finished building: default.size.stdout
 
00:24:32 **** Incremental Build of configuration Debug for project Timer_Leraning_ISR_Demo ****
make -j12 all 
arm-none-eabi-size  Timer_Leraning_ISR_Demo.elf 
   text	   data	    bss	    dec	    hex	filename
  13992	     12	   1780	  15784	   3da8	Timer_Leraning_ISR_Demo.elf
Finished building: default.size.stdout
 
16:08:29 **** Incremental Build of configuration Debug for project Timer_Leraning_ISR_Demo ****
make -j12 all 
arm-none-eabi-gcc "../Core/Src/main.c" -mcpu=cortex-m4 -std=gnu11 -g3 -DDEBUG -DUSE_HAL_DRIVER -DSTM32L476xx -c -I../Core/Inc -I../Drivers/STM32L4xx_HAL_Driver/Inc -I../Drivers/STM32L4xx_HAL_Driver/Inc/Legacy -I../Drivers/CMSIS/Device/ST/STM32L4xx/Include -I../Drivers/CMSIS/Include -O0 -ffunction-sections -fdata-sections -Wall -fstack-usage -fcyclomatic-complexity -MMD -MP -MF"Core/Src/main.d" -MT"Core/Src/main.o" --specs=nano.specs -mfpu=fpv4-sp-d16 -mfloat-abi=hard -mthumb -o "Core/Src/main.o"
arm-none-eabi-gcc -o "Timer_Leraning_ISR_Demo.elf" @"objects.list"   -mcpu=cortex-m4 -T"D:\Develop\FYP\STM32CubeIDEworkspace_1.13.0\Timer_Leraning_ISR_Demo\STM32L476RGTX_FLASH.ld" --specs=nosys.specs -Wl,-Map="Timer_Leraning_ISR_Demo.map" -Wl,--gc-sections -static --specs=nano.specs -mfpu=fpv4-sp-d16 -mfloat-abi=hard -mthumb -Wl,--start-group -lc -lm -Wl,--end-group
Finished building target: Timer_Leraning_ISR_Demo.elf
 
arm-none-eabi-size  Timer_Leraning_ISR_Demo.elf 
arm-none-eabi-objdump -h -S Timer_Leraning_ISR_Demo.elf  > "Timer_Leraning_ISR_Demo.list"
   text	   data	    bss	    dec	    hex	filename
  14004	     12	   1780	  15796	   3db4	Timer_Leraning_ISR_Demo.elf
Finished building: default.size.stdout
 
Finished building: Timer_Leraning_ISR_Demo.list
 
17:33:34 **** Incremental Build of configuration Debug for project Timer_Leraning_ISR_Demo ****
make -j12 all 
arm-none-eabi-size  Timer_Leraning_ISR_Demo.elf 
   text	   data	    bss	    dec	    hex	filename
  14004	     12	   1780	  15796	   3db4	Timer_Leraning_ISR_Demo.elf
Finished building: default.size.stdout
 
17:42:03 **** Incremental Build of configuration Debug for project Timer_Leraning_ISR_Demo ****
make -j12 all 
arm-none-eabi-size  Timer_Leraning_ISR_Demo.elf 
   text	   data	    bss	    dec	    hex	filename
  14004	     12	   1780	  15796	   3db4	Timer_Leraning_ISR_Demo.elf
Finished building: default.size.stdout
 
17:45:00 **** Incremental Build of configuration Debug for project Timer_Leraning_ISR_Demo ****
make -j12 all 
arm-none-eabi-gcc "../Core/Src/main.c" -mcpu=cortex-m4 -std=gnu11 -g3 -DDEBUG -DUSE_HAL_DRIVER -DSTM32L476xx -c -I../Core/Inc -I../Drivers/STM32L4xx_HAL_Driver/Inc -I../Drivers/STM32L4xx_HAL_Driver/Inc/Legacy -I../Drivers/CMSIS/Device/ST/STM32L4xx/Include -I../Drivers/CMSIS/Include -O0 -ffunction-sections -fdata-sections -Wall -fstack-usage -fcyclomatic-complexity -MMD -MP -MF"Core/Src/main.d" -MT"Core/Src/main.o" --specs=nano.specs -mfpu=fpv4-sp-d16 -mfloat-abi=hard -mthumb -o "Core/Src/main.o"
arm-none-eabi-gcc -o "Timer_Leraning_ISR_Demo.elf" @"objects.list"   -mcpu=cortex-m4 -T"D:\Develop\FYP\STM32CubeIDEworkspace_1.13.0\Timer_Leraning_ISR_Demo\STM32L476RGTX_FLASH.ld" --specs=nosys.specs -Wl,-Map="Timer_Leraning_ISR_Demo.map" -Wl,--gc-sections -static --specs=nano.specs -mfpu=fpv4-sp-d16 -mfloat-abi=hard -mthumb -Wl,--start-group -lc -lm -Wl,--end-group
Finished building target: Timer_Leraning_ISR_Demo.elf
 
arm-none-eabi-size  Timer_Leraning_ISR_Demo.elf 
arm-none-eabi-objdump -h -S Timer_Leraning_ISR_Demo.elf  > "Timer_Leraning_ISR_Demo.list"
   text	   data	    bss	    dec	    hex	filename
  13992	     12	   1780	  15784	   3da8	Timer_Leraning_ISR_Demo.elf
Finished building: default.size.stdout
 
Finished building: Timer_Leraning_ISR_Demo.list
 
17:45:23 **** Incremental Build of configuration Debug for project Timer_Leraning_ISR_Demo ****
make -j12 all 
arm-none-eabi-gcc "../Core/Src/main.c" -mcpu=cortex-m4 -std=gnu11 -g3 -DDEBUG -DUSE_HAL_DRIVER -DSTM32L476xx -c -I../Core/Inc -I../Drivers/STM32L4xx_HAL_Driver/Inc -I../Drivers/STM32L4xx_HAL_Driver/Inc/Legacy -I../Drivers/CMSIS/Device/ST/STM32L4xx/Include -I../Drivers/CMSIS/Include -O0 -ffunction-sections -fdata-sections -Wall -fstack-usage -fcyclomatic-complexity -MMD -MP -MF"Core/Src/main.d" -MT"Core/Src/main.o" --specs=nano.specs -mfpu=fpv4-sp-d16 -mfloat-abi=hard -mthumb -o "Core/Src/main.o"
arm-none-eabi-gcc -o "Timer_Leraning_ISR_Demo.elf" @"objects.list"   -mcpu=cortex-m4 -T"D:\Develop\FYP\STM32CubeIDEworkspace_1.13.0\Timer_Leraning_ISR_Demo\STM32L476RGTX_FLASH.ld" --specs=nosys.specs -Wl,-Map="Timer_Leraning_ISR_Demo.map" -Wl,--gc-sections -static --specs=nano.specs -mfpu=fpv4-sp-d16 -mfloat-abi=hard -mthumb -Wl,--start-group -lc -lm -Wl,--end-group
Finished building target: Timer_Leraning_ISR_Demo.elf
 
arm-none-eabi-size  Timer_Leraning_ISR_Demo.elf 
arm-none-eabi-objdump -h -S Timer_Leraning_ISR_Demo.elf  > "Timer_Leraning_ISR_Demo.list"
   text	   data	    bss	    dec	    hex	filename
  14080	     12	   1780	  15872	   3e00	Timer_Leraning_ISR_Demo.elf
Finished building: default.size.stdout
 
Finished building: Timer_Leraning_ISR_Demo.list
 
17:47:18 **** Incremental Build of configuration Debug for project Timer_Leraning_ISR_Demo ****
make -j12 all 
arm-none-eabi-gcc -o "Timer_Leraning_ISR_Demo.elf" @"objects.list"   -mcpu=cortex-m4 -T"D:\Develop\FYP\STM32CubeIDEworkspace_1.13.0\Timer_Leraning_ISR_Demo\STM32L476RGTX_FLASH.ld" --specs=nosys.specs -Wl,-Map="Timer_Leraning_ISR_Demo.map" -Wl,--gc-sections -static --specs=nano.specs -mfpu=fpv4-sp-d16 -mfloat-abi=hard -mthumb -Wl,--start-group -lc -lm -Wl,--end-group
Finished building target: Timer_Leraning_ISR_Demo.elf
 
arm-none-eabi-size  Timer_Leraning_ISR_Demo.elf 
arm-none-eabi-objdump -h -S Timer_Leraning_ISR_Demo.elf  > "Timer_Leraning_ISR_Demo.list"
   text	   data	    bss	    dec	    hex	filename
  14080	     12	   1780	  15872	   3e00	Timer_Leraning_ISR_Demo.elf
Finished building: default.size.stdout
 
Finished building: Timer_Leraning_ISR_Demo.list
 
17:50:12 **** Incremental Build of configuration Debug for project Timer_Leraning_ISR_Demo ****
make -j12 all 
arm-none-eabi-size  Timer_Leraning_ISR_Demo.elf 
   text	   data	    bss	    dec	    hex	filename
  14080	     12	   1780	  15872	   3e00	Timer_Leraning_ISR_Demo.elf
Finished building: default.size.stdout
 
17:50:24 **** Incremental Build of configuration Debug for project Timer_Leraning_ISR_Demo ****
make -j12 all 
arm-none-eabi-gcc "../Core/Src/main.c" -mcpu=cortex-m4 -std=gnu11 -g3 -DDEBUG -DUSE_HAL_DRIVER -DSTM32L476xx -c -I../Core/Inc -I../Drivers/STM32L4xx_HAL_Driver/Inc -I../Drivers/STM32L4xx_HAL_Driver/Inc/Legacy -I../Drivers/CMSIS/Device/ST/STM32L4xx/Include -I../Drivers/CMSIS/Include -O0 -ffunction-sections -fdata-sections -Wall -fstack-usage -fcyclomatic-complexity -MMD -MP -MF"Core/Src/main.d" -MT"Core/Src/main.o" --specs=nano.specs -mfpu=fpv4-sp-d16 -mfloat-abi=hard -mthumb -o "Core/Src/main.o"
arm-none-eabi-gcc -o "Timer_Leraning_ISR_Demo.elf" @"objects.list"   -mcpu=cortex-m4 -T"D:\Develop\FYP\STM32CubeIDEworkspace_1.13.0\Timer_Leraning_ISR_Demo\STM32L476RGTX_FLASH.ld" --specs=nosys.specs -Wl,-Map="Timer_Leraning_ISR_Demo.map" -Wl,--gc-sections -static --specs=nano.specs -mfpu=fpv4-sp-d16 -mfloat-abi=hard -mthumb -Wl,--start-group -lc -lm -Wl,--end-group
Finished building target: Timer_Leraning_ISR_Demo.elf
 
arm-none-eabi-size  Timer_Leraning_ISR_Demo.elf 
arm-none-eabi-objdump -h -S Timer_Leraning_ISR_Demo.elf  > "Timer_Leraning_ISR_Demo.list"
   text	   data	    bss	    dec	    hex	filename
  14084	     12	   1780	  15876	   3e04	Timer_Leraning_ISR_Demo.elf
Finished building: default.size.stdout
 
Finished building: Timer_Leraning_ISR_Demo.list
 
14:19:50 **** Build of configuration Debug for project Timer_Learning_Demo ****
make -j12 all 
arm-none-eabi-size  Timer_Learning_Demo.elf 
   text	   data	    bss	    dec	    hex	filename
  16260	     92	   2116	  18468	   4824	Timer_Learning_Demo.elf
Finished building: default.size.stdout
 
14:20:29 **** Incremental Build of configuration Debug for project Timer_Learning_Demo ****
make -j12 all 
arm-none-eabi-size  Timer_Learning_Demo.elf 
   text	   data	    bss	    dec	    hex	filename
  16260	     92	   2116	  18468	   4824	Timer_Learning_Demo.elf
Finished building: default.size.stdout
 
14:20:52 **** Incremental Build of configuration Debug for project Timer_Learning_Demo ****
make -j12 all 
arm-none-eabi-size  Timer_Learning_Demo.elf 
   text	   data	    bss	    dec	    hex	filename
  16260	     92	   2116	  18468	   4824	Timer_Learning_Demo.elf
Finished building: default.size.stdout
 
14:21:32 **** Incremental Build of configuration Debug for project Timer_Learning_Demo ****
make -j12 all 
arm-none-eabi-size  Timer_Learning_Demo.elf 
   text	   data	    bss	    dec	    hex	filename
  16260	     92	   2116	  18468	   4824	Timer_Learning_Demo.elf
Finished building: default.size.stdout
 
14:22:25 **** Incremental Build of configuration Debug for project Timer_Learning_Demo ****
make -j12 all 
arm-none-eabi-size  Timer_Learning_Demo.elf 
   text	   data	    bss	    dec	    hex	filename
  16260	     92	   2116	  18468	   4824	Timer_Learning_Demo.elf
Finished building: default.size.stdout
 
