15:52:00 **** Incremental Build of configuration Debug for project MCP3008 ****
make -j12 all 
arm-none-eabi-gcc "../Core/Src/main.c" -mcpu=cortex-m4 -std=gnu11 -g3 -DDEBUG -DUSE_HAL_DRIVER -DSTM32L476xx -c -I../Core/Inc -I../Drivers/STM32L4xx_HAL_Driver/Inc -I../Drivers/STM32L4xx_HAL_Driver/Inc/Legacy -I../Drivers/CMSIS/Device/ST/STM32L4xx/Include -I../Drivers/CMSIS/Include -O0 -ffunction-sections -fdata-sections -Wall -fstack-usage -fcyclomatic-complexity -MMD -MP -MF"Core/Src/main.d" -MT"Core/Src/main.o" --specs=nano.specs -mfpu=fpv4-sp-d16 -mfloat-abi=hard -mthumb -o "Core/Src/main.o"
arm-none-eabi-gcc -o "MCP3008.elf" @"objects.list"   -mcpu=cortex-m4 -T"D:\Develop\FYP\STM32CubeIDEworkspace_1.13.0\MCP3008\STM32L476RGTX_FLASH.ld" --specs=nosys.specs -Wl,-Map="MCP3008.map" -Wl,--gc-sections -static --specs=nano.specs -mfpu=fpv4-sp-d16 -mfloat-abi=hard -mthumb -Wl,--start-group -lc -lm -Wl,--end-group
Finished building target: MCP3008.elf
 
arm-none-eabi-size  MCP3008.elf 
arm-none-eabi-objdump -h -S MCP3008.elf  > "MCP3008.list"
   text	   data	    bss	    dec	    hex	filename
  19804	    104	   2160	  22068	   5634	MCP3008.elf
Finished building: default.size.stdout
 
Finished building: MCP3008.list
 
15:52:05 **** Incremental Build of configuration Debug for project MCP3008 ****
make -j12 all 
arm-none-eabi-size  MCP3008.elf 
   text	   data	    bss	    dec	    hex	filename
  19804	    104	   2160	  22068	   5634	MCP3008.elf
Finished building: default.size.stdout
 
17:06:55 **** Incremental Build of configuration Debug for project MCP3008 ****
make -j12 all 
arm-none-eabi-size  MCP3008.elf 
   text	   data	    bss	    dec	    hex	filename
  19804	    104	   2160	  22068	   5634	MCP3008.elf
Finished building: default.size.stdout
 
17:27:05 **** Incremental Build of configuration Debug for project MCP3008 ****
make -j12 all 
arm-none-eabi-gcc "../Core/Src/main.c" -mcpu=cortex-m4 -std=gnu11 -g3 -DDEBUG -DUSE_HAL_DRIVER -DSTM32L476xx -c -I../Core/Inc -I../Drivers/STM32L4xx_HAL_Driver/Inc -I../Drivers/STM32L4xx_HAL_Driver/Inc/Legacy -I../Drivers/CMSIS/Device/ST/STM32L4xx/Include -I../Drivers/CMSIS/Include -O0 -ffunction-sections -fdata-sections -Wall -fstack-usage -fcyclomatic-complexity -MMD -MP -MF"Core/Src/main.d" -MT"Core/Src/main.o" --specs=nano.specs -mfpu=fpv4-sp-d16 -mfloat-abi=hard -mthumb -o "Core/Src/main.o"
arm-none-eabi-gcc -o "MCP3008.elf" @"objects.list"   -mcpu=cortex-m4 -T"D:\Develop\FYP\STM32CubeIDEworkspace_1.13.0\MCP3008\STM32L476RGTX_FLASH.ld" --specs=nosys.specs -Wl,-Map="MCP3008.map" -Wl,--gc-sections -static --specs=nano.specs -mfpu=fpv4-sp-d16 -mfloat-abi=hard -mthumb -Wl,--start-group -lc -lm -Wl,--end-group
Finished building target: MCP3008.elf
 
arm-none-eabi-size  MCP3008.elf 
arm-none-eabi-objdump -h -S MCP3008.elf  > "MCP3008.list"
   text	   data	    bss	    dec	    hex	filename
  19844	    104	   2160	  22108	   565c	MCP3008.elf
Finished building: default.size.stdout
 
Finished building: MCP3008.list
 
17:29:18 **** Incremental Build of configuration Debug for project MCP3008 ****
make -j12 all 
arm-none-eabi-size  MCP3008.elf 
   text	   data	    bss	    dec	    hex	filename
  19844	    104	   2160	  22108	   565c	MCP3008.elf
Finished building: default.size.stdout
 
17:42:42 **** Incremental Build of configuration Debug for project MCP3008 ****
make -j12 all 
arm-none-eabi-gcc "../Core/Src/main.c" -mcpu=cortex-m4 -std=gnu11 -g3 -DDEBUG -DUSE_HAL_DRIVER -DSTM32L476xx -c -I../Core/Inc -I../Drivers/STM32L4xx_HAL_Driver/Inc -I../Drivers/STM32L4xx_HAL_Driver/Inc/Legacy -I../Drivers/CMSIS/Device/ST/STM32L4xx/Include -I../Drivers/CMSIS/Include -O0 -ffunction-sections -fdata-sections -Wall -fstack-usage -fcyclomatic-complexity -MMD -MP -MF"Core/Src/main.d" -MT"Core/Src/main.o" --specs=nano.specs -mfpu=fpv4-sp-d16 -mfloat-abi=hard -mthumb -o "Core/Src/main.o"
../Core/Src/main.c: In function 'SPI_TransmitReceive':
../Core/Src/main.c:80:17: warning: overflow in conversion from 'int' to 'uint8_t' {aka 'unsigned char'} changes value from '(int)channel << 4 | 255' to '255' [-Woverflow]
   80 |     txData[1] = (0xff | (channel << 4)); // �?�端模�?，动�?设置 channel
      |                 ^
arm-none-eabi-gcc -o "MCP3008.elf" @"objects.list"   -mcpu=cortex-m4 -T"D:\Develop\FYP\STM32CubeIDEworkspace_1.13.0\MCP3008\STM32L476RGTX_FLASH.ld" --specs=nosys.specs -Wl,-Map="MCP3008.map" -Wl,--gc-sections -static --specs=nano.specs -mfpu=fpv4-sp-d16 -mfloat-abi=hard -mthumb -Wl,--start-group -lc -lm -Wl,--end-group
Finished building target: MCP3008.elf
 
arm-none-eabi-size  MCP3008.elf 
arm-none-eabi-objdump -h -S MCP3008.elf  > "MCP3008.list"
   text	   data	    bss	    dec	    hex	filename
  19628	    104	   2160	  21892	   5584	MCP3008.elf
Finished building: default.size.stdout
 
Finished building: MCP3008.list
 
15:35:34 **** Build of configuration Debug for project Pin_Config_Test ****
make -j12 all 
arm-none-eabi-gcc "../Drivers/STM32L4xx_HAL_Driver/Src/stm32l4xx_hal.c" -mcpu=cortex-m4 -std=gnu11 -g3 -DDEBUG -DUSE_HAL_DRIVER -DSTM32L476xx -c -I../Core/Inc -I../Drivers/STM32L4xx_HAL_Driver/Inc -I../Drivers/STM32L4xx_HAL_Driver/Inc/Legacy -I../Drivers/CMSIS/Device/ST/STM32L4xx/Include -I../Drivers/CMSIS/Include -O0 -ffunction-sections -fdata-sections -Wall -fstack-usage -fcyclomatic-complexity -MMD -MP -MF"Drivers/STM32L4xx_HAL_Driver/Src/stm32l4xx_hal.d" -MT"Drivers/STM32L4xx_HAL_Driver/Src/stm32l4xx_hal.o" --specs=nano.specs -mfpu=fpv4-sp-d16 -mfloat-abi=hard -mthumb -o "Drivers/STM32L4xx_HAL_Driver/Src/stm32l4xx_hal.o"
arm-none-eabi-gcc "../Drivers/STM32L4xx_HAL_Driver/Src/stm32l4xx_hal_cortex.c" -mcpu=cortex-m4 -std=gnu11 -g3 -DDEBUG -DUSE_HAL_DRIVER -DSTM32L476xx -c -I../Core/Inc -I../Drivers/STM32L4xx_HAL_Driver/Inc -I../Drivers/STM32L4xx_HAL_Driver/Inc/Legacy -I../Drivers/CMSIS/Device/ST/STM32L4xx/Include -I../Drivers/CMSIS/Include -O0 -ffunction-sections -fdata-sections -Wall -fstack-usage -fcyclomatic-complexity -MMD -MP -MF"Drivers/STM32L4xx_HAL_Driver/Src/stm32l4xx_hal_cortex.d" -MT"Drivers/STM32L4xx_HAL_Driver/Src/stm32l4xx_hal_cortex.o" --specs=nano.specs -mfpu=fpv4-sp-d16 -mfloat-abi=hard -mthumb -o "Drivers/STM32L4xx_HAL_Driver/Src/stm32l4xx_hal_cortex.o"
arm-none-eabi-gcc "../Drivers/STM32L4xx_HAL_Driver/Src/stm32l4xx_hal_dma.c" -mcpu=cortex-m4 -std=gnu11 -g3 -DDEBUG -DUSE_HAL_DRIVER -DSTM32L476xx -c -I../Core/Inc -I../Drivers/STM32L4xx_HAL_Driver/Inc -I../Drivers/STM32L4xx_HAL_Driver/Inc/Legacy -I../Drivers/CMSIS/Device/ST/STM32L4xx/Include -I../Drivers/CMSIS/Include -O0 -ffunction-sections -fdata-sections -Wall -fstack-usage -fcyclomatic-complexity -MMD -MP -MF"Drivers/STM32L4xx_HAL_Driver/Src/stm32l4xx_hal_dma.d" -MT"Drivers/STM32L4xx_HAL_Driver/Src/stm32l4xx_hal_dma.o" --specs=nano.specs -mfpu=fpv4-sp-d16 -mfloat-abi=hard -mthumb -o "Drivers/STM32L4xx_HAL_Driver/Src/stm32l4xx_hal_dma.o"
arm-none-eabi-gcc "../Drivers/STM32L4xx_HAL_Driver/Src/stm32l4xx_hal_dma_ex.c" -mcpu=cortex-m4 -std=gnu11 -g3 -DDEBUG -DUSE_HAL_DRIVER -DSTM32L476xx -c -I../Core/Inc -I../Drivers/STM32L4xx_HAL_Driver/Inc -I../Drivers/STM32L4xx_HAL_Driver/Inc/Legacy -I../Drivers/CMSIS/Device/ST/STM32L4xx/Include -I../Drivers/CMSIS/Include -O0 -ffunction-sections -fdata-sections -Wall -fstack-usage -fcyclomatic-complexity -MMD -MP -MF"Drivers/STM32L4xx_HAL_Driver/Src/stm32l4xx_hal_dma_ex.d" -MT"Drivers/STM32L4xx_HAL_Driver/Src/stm32l4xx_hal_dma_ex.o" --specs=nano.specs -mfpu=fpv4-sp-d16 -mfloat-abi=hard -mthumb -o "Drivers/STM32L4xx_HAL_Driver/Src/stm32l4xx_hal_dma_ex.o"
arm-none-eabi-gcc "../Drivers/STM32L4xx_HAL_Driver/Src/stm32l4xx_hal_exti.c" -mcpu=cortex-m4 -std=gnu11 -g3 -DDEBUG -DUSE_HAL_DRIVER -DSTM32L476xx -c -I../Core/Inc -I../Drivers/STM32L4xx_HAL_Driver/Inc -I../Drivers/STM32L4xx_HAL_Driver/Inc/Legacy -I../Drivers/CMSIS/Device/ST/STM32L4xx/Include -I../Drivers/CMSIS/Include -O0 -ffunction-sections -fdata-sections -Wall -fstack-usage -fcyclomatic-complexity -MMD -MP -MF"Drivers/STM32L4xx_HAL_Driver/Src/stm32l4xx_hal_exti.d" -MT"Drivers/STM32L4xx_HAL_Driver/Src/stm32l4xx_hal_exti.o" --specs=nano.specs -mfpu=fpv4-sp-d16 -mfloat-abi=hard -mthumb -o "Drivers/STM32L4xx_HAL_Driver/Src/stm32l4xx_hal_exti.o"
arm-none-eabi-gcc "../Drivers/STM32L4xx_HAL_Driver/Src/stm32l4xx_hal_flash.c" -mcpu=cortex-m4 -std=gnu11 -g3 -DDEBUG -DUSE_HAL_DRIVER -DSTM32L476xx -c -I../Core/Inc -I../Drivers/STM32L4xx_HAL_Driver/Inc -I../Drivers/STM32L4xx_HAL_Driver/Inc/Legacy -I../Drivers/CMSIS/Device/ST/STM32L4xx/Include -I../Drivers/CMSIS/Include -O0 -ffunction-sections -fdata-sections -Wall -fstack-usage -fcyclomatic-complexity -MMD -MP -MF"Drivers/STM32L4xx_HAL_Driver/Src/stm32l4xx_hal_flash.d" -MT"Drivers/STM32L4xx_HAL_Driver/Src/stm32l4xx_hal_flash.o" --specs=nano.specs -mfpu=fpv4-sp-d16 -mfloat-abi=hard -mthumb -o "Drivers/STM32L4xx_HAL_Driver/Src/stm32l4xx_hal_flash.o"
arm-none-eabi-gcc "../Drivers/STM32L4xx_HAL_Driver/Src/stm32l4xx_hal_flash_ex.c" -mcpu=cortex-m4 -std=gnu11 -g3 -DDEBUG -DUSE_HAL_DRIVER -DSTM32L476xx -c -I../Core/Inc -I../Drivers/STM32L4xx_HAL_Driver/Inc -I../Drivers/STM32L4xx_HAL_Driver/Inc/Legacy -I../Drivers/CMSIS/Device/ST/STM32L4xx/Include -I../Drivers/CMSIS/Include -O0 -ffunction-sections -fdata-sections -Wall -fstack-usage -fcyclomatic-complexity -MMD -MP -MF"Drivers/STM32L4xx_HAL_Driver/Src/stm32l4xx_hal_flash_ex.d" -MT"Drivers/STM32L4xx_HAL_Driver/Src/stm32l4xx_hal_flash_ex.o" --specs=nano.specs -mfpu=fpv4-sp-d16 -mfloat-abi=hard -mthumb -o "Drivers/STM32L4xx_HAL_Driver/Src/stm32l4xx_hal_flash_ex.o"
arm-none-eabi-gcc "../Drivers/STM32L4xx_HAL_Driver/Src/stm32l4xx_hal_flash_ramfunc.c" -mcpu=cortex-m4 -std=gnu11 -g3 -DDEBUG -DUSE_HAL_DRIVER -DSTM32L476xx -c -I../Core/Inc -I../Drivers/STM32L4xx_HAL_Driver/Inc -I../Drivers/STM32L4xx_HAL_Driver/Inc/Legacy -I../Drivers/CMSIS/Device/ST/STM32L4xx/Include -I../Drivers/CMSIS/Include -O0 -ffunction-sections -fdata-sections -Wall -fstack-usage -fcyclomatic-complexity -MMD -MP -MF"Drivers/STM32L4xx_HAL_Driver/Src/stm32l4xx_hal_flash_ramfunc.d" -MT"Drivers/STM32L4xx_HAL_Driver/Src/stm32l4xx_hal_flash_ramfunc.o" --specs=nano.specs -mfpu=fpv4-sp-d16 -mfloat-abi=hard -mthumb -o "Drivers/STM32L4xx_HAL_Driver/Src/stm32l4xx_hal_flash_ramfunc.o"
arm-none-eabi-gcc "../Drivers/STM32L4xx_HAL_Driver/Src/stm32l4xx_hal_gpio.c" -mcpu=cortex-m4 -std=gnu11 -g3 -DDEBUG -DUSE_HAL_DRIVER -DSTM32L476xx -c -I../Core/Inc -I../Drivers/STM32L4xx_HAL_Driver/Inc -I../Drivers/STM32L4xx_HAL_Driver/Inc/Legacy -I../Drivers/CMSIS/Device/ST/STM32L4xx/Include -I../Drivers/CMSIS/Include -O0 -ffunction-sections -fdata-sections -Wall -fstack-usage -fcyclomatic-complexity -MMD -MP -MF"Drivers/STM32L4xx_HAL_Driver/Src/stm32l4xx_hal_gpio.d" -MT"Drivers/STM32L4xx_HAL_Driver/Src/stm32l4xx_hal_gpio.o" --specs=nano.specs -mfpu=fpv4-sp-d16 -mfloat-abi=hard -mthumb -o "Drivers/STM32L4xx_HAL_Driver/Src/stm32l4xx_hal_gpio.o"
arm-none-eabi-gcc "../Drivers/STM32L4xx_HAL_Driver/Src/stm32l4xx_hal_i2c.c" -mcpu=cortex-m4 -std=gnu11 -g3 -DDEBUG -DUSE_HAL_DRIVER -DSTM32L476xx -c -I../Core/Inc -I../Drivers/STM32L4xx_HAL_Driver/Inc -I../Drivers/STM32L4xx_HAL_Driver/Inc/Legacy -I../Drivers/CMSIS/Device/ST/STM32L4xx/Include -I../Drivers/CMSIS/Include -O0 -ffunction-sections -fdata-sections -Wall -fstack-usage -fcyclomatic-complexity -MMD -MP -MF"Drivers/STM32L4xx_HAL_Driver/Src/stm32l4xx_hal_i2c.d" -MT"Drivers/STM32L4xx_HAL_Driver/Src/stm32l4xx_hal_i2c.o" --specs=nano.specs -mfpu=fpv4-sp-d16 -mfloat-abi=hard -mthumb -o "Drivers/STM32L4xx_HAL_Driver/Src/stm32l4xx_hal_i2c.o"
arm-none-eabi-gcc "../Drivers/STM32L4xx_HAL_Driver/Src/stm32l4xx_hal_i2c_ex.c" -mcpu=cortex-m4 -std=gnu11 -g3 -DDEBUG -DUSE_HAL_DRIVER -DSTM32L476xx -c -I../Core/Inc -I../Drivers/STM32L4xx_HAL_Driver/Inc -I../Drivers/STM32L4xx_HAL_Driver/Inc/Legacy -I../Drivers/CMSIS/Device/ST/STM32L4xx/Include -I../Drivers/CMSIS/Include -O0 -ffunction-sections -fdata-sections -Wall -fstack-usage -fcyclomatic-complexity -MMD -MP -MF"Drivers/STM32L4xx_HAL_Driver/Src/stm32l4xx_hal_i2c_ex.d" -MT"Drivers/STM32L4xx_HAL_Driver/Src/stm32l4xx_hal_i2c_ex.o" --specs=nano.specs -mfpu=fpv4-sp-d16 -mfloat-abi=hard -mthumb -o "Drivers/STM32L4xx_HAL_Driver/Src/stm32l4xx_hal_i2c_ex.o"
arm-none-eabi-gcc "../Drivers/STM32L4xx_HAL_Driver/Src/stm32l4xx_hal_pwr.c" -mcpu=cortex-m4 -std=gnu11 -g3 -DDEBUG -DUSE_HAL_DRIVER -DSTM32L476xx -c -I../Core/Inc -I../Drivers/STM32L4xx_HAL_Driver/Inc -I../Drivers/STM32L4xx_HAL_Driver/Inc/Legacy -I../Drivers/CMSIS/Device/ST/STM32L4xx/Include -I../Drivers/CMSIS/Include -O0 -ffunction-sections -fdata-sections -Wall -fstack-usage -fcyclomatic-complexity -MMD -MP -MF"Drivers/STM32L4xx_HAL_Driver/Src/stm32l4xx_hal_pwr.d" -MT"Drivers/STM32L4xx_HAL_Driver/Src/stm32l4xx_hal_pwr.o" --specs=nano.specs -mfpu=fpv4-sp-d16 -mfloat-abi=hard -mthumb -o "Drivers/STM32L4xx_HAL_Driver/Src/stm32l4xx_hal_pwr.o"
arm-none-eabi-gcc "../Drivers/STM32L4xx_HAL_Driver/Src/stm32l4xx_hal_pwr_ex.c" -mcpu=cortex-m4 -std=gnu11 -g3 -DDEBUG -DUSE_HAL_DRIVER -DSTM32L476xx -c -I../Core/Inc -I../Drivers/STM32L4xx_HAL_Driver/Inc -I../Drivers/STM32L4xx_HAL_Driver/Inc/Legacy -I../Drivers/CMSIS/Device/ST/STM32L4xx/Include -I../Drivers/CMSIS/Include -O0 -ffunction-sections -fdata-sections -Wall -fstack-usage -fcyclomatic-complexity -MMD -MP -MF"Drivers/STM32L4xx_HAL_Driver/Src/stm32l4xx_hal_pwr_ex.d" -MT"Drivers/STM32L4xx_HAL_Driver/Src/stm32l4xx_hal_pwr_ex.o" --specs=nano.specs -mfpu=fpv4-sp-d16 -mfloat-abi=hard -mthumb -o "Drivers/STM32L4xx_HAL_Driver/Src/stm32l4xx_hal_pwr_ex.o"
arm-none-eabi-gcc "../Drivers/STM32L4xx_HAL_Driver/Src/stm32l4xx_hal_rcc.c" -mcpu=cortex-m4 -std=gnu11 -g3 -DDEBUG -DUSE_HAL_DRIVER -DSTM32L476xx -c -I../Core/Inc -I../Drivers/STM32L4xx_HAL_Driver/Inc -I../Drivers/STM32L4xx_HAL_Driver/Inc/Legacy -I../Drivers/CMSIS/Device/ST/STM32L4xx/Include -I../Drivers/CMSIS/Include -O0 -ffunction-sections -fdata-sections -Wall -fstack-usage -fcyclomatic-complexity -MMD -MP -MF"Drivers/STM32L4xx_HAL_Driver/Src/stm32l4xx_hal_rcc.d" -MT"Drivers/STM32L4xx_HAL_Driver/Src/stm32l4xx_hal_rcc.o" --specs=nano.specs -mfpu=fpv4-sp-d16 -mfloat-abi=hard -mthumb -o "Drivers/STM32L4xx_HAL_Driver/Src/stm32l4xx_hal_rcc.o"
arm-none-eabi-gcc "../Drivers/STM32L4xx_HAL_Driver/Src/stm32l4xx_hal_rcc_ex.c" -mcpu=cortex-m4 -std=gnu11 -g3 -DDEBUG -DUSE_HAL_DRIVER -DSTM32L476xx -c -I../Core/Inc -I../Drivers/STM32L4xx_HAL_Driver/Inc -I../Drivers/STM32L4xx_HAL_Driver/Inc/Legacy -I../Drivers/CMSIS/Device/ST/STM32L4xx/Include -I../Drivers/CMSIS/Include -O0 -ffunction-sections -fdata-sections -Wall -fstack-usage -fcyclomatic-complexity -MMD -MP -MF"Drivers/STM32L4xx_HAL_Driver/Src/stm32l4xx_hal_rcc_ex.d" -MT"Drivers/STM32L4xx_HAL_Driver/Src/stm32l4xx_hal_rcc_ex.o" --specs=nano.specs -mfpu=fpv4-sp-d16 -mfloat-abi=hard -mthumb -o "Drivers/STM32L4xx_HAL_Driver/Src/stm32l4xx_hal_rcc_ex.o"
arm-none-eabi-gcc "../Drivers/STM32L4xx_HAL_Driver/Src/stm32l4xx_hal_tim.c" -mcpu=cortex-m4 -std=gnu11 -g3 -DDEBUG -DUSE_HAL_DRIVER -DSTM32L476xx -c -I../Core/Inc -I../Drivers/STM32L4xx_HAL_Driver/Inc -I../Drivers/STM32L4xx_HAL_Driver/Inc/Legacy -I../Drivers/CMSIS/Device/ST/STM32L4xx/Include -I../Drivers/CMSIS/Include -O0 -ffunction-sections -fdata-sections -Wall -fstack-usage -fcyclomatic-complexity -MMD -MP -MF"Drivers/STM32L4xx_HAL_Driver/Src/stm32l4xx_hal_tim.d" -MT"Drivers/STM32L4xx_HAL_Driver/Src/stm32l4xx_hal_tim.o" --specs=nano.specs -mfpu=fpv4-sp-d16 -mfloat-abi=hard -mthumb -o "Drivers/STM32L4xx_HAL_Driver/Src/stm32l4xx_hal_tim.o"
arm-none-eabi-gcc "../Drivers/STM32L4xx_HAL_Driver/Src/stm32l4xx_hal_tim_ex.c" -mcpu=cortex-m4 -std=gnu11 -g3 -DDEBUG -DUSE_HAL_DRIVER -DSTM32L476xx -c -I../Core/Inc -I../Drivers/STM32L4xx_HAL_Driver/Inc -I../Drivers/STM32L4xx_HAL_Driver/Inc/Legacy -I../Drivers/CMSIS/Device/ST/STM32L4xx/Include -I../Drivers/CMSIS/Include -O0 -ffunction-sections -fdata-sections -Wall -fstack-usage -fcyclomatic-complexity -MMD -MP -MF"Drivers/STM32L4xx_HAL_Driver/Src/stm32l4xx_hal_tim_ex.d" -MT"Drivers/STM32L4xx_HAL_Driver/Src/stm32l4xx_hal_tim_ex.o" --specs=nano.specs -mfpu=fpv4-sp-d16 -mfloat-abi=hard -mthumb -o "Drivers/STM32L4xx_HAL_Driver/Src/stm32l4xx_hal_tim_ex.o"
arm-none-eabi-gcc "../Drivers/STM32L4xx_HAL_Driver/Src/stm32l4xx_hal_uart.c" -mcpu=cortex-m4 -std=gnu11 -g3 -DDEBUG -DUSE_HAL_DRIVER -DSTM32L476xx -c -I../Core/Inc -I../Drivers/STM32L4xx_HAL_Driver/Inc -I../Drivers/STM32L4xx_HAL_Driver/Inc/Legacy -I../Drivers/CMSIS/Device/ST/STM32L4xx/Include -I../Drivers/CMSIS/Include -O0 -ffunction-sections -fdata-sections -Wall -fstack-usage -fcyclomatic-complexity -MMD -MP -MF"Drivers/STM32L4xx_HAL_Driver/Src/stm32l4xx_hal_uart.d" -MT"Drivers/STM32L4xx_HAL_Driver/Src/stm32l4xx_hal_uart.o" --specs=nano.specs -mfpu=fpv4-sp-d16 -mfloat-abi=hard -mthumb -o "Drivers/STM32L4xx_HAL_Driver/Src/stm32l4xx_hal_uart.o"
arm-none-eabi-gcc "../Drivers/STM32L4xx_HAL_Driver/Src/stm32l4xx_hal_uart_ex.c" -mcpu=cortex-m4 -std=gnu11 -g3 -DDEBUG -DUSE_HAL_DRIVER -DSTM32L476xx -c -I../Core/Inc -I../Drivers/STM32L4xx_HAL_Driver/Inc -I../Drivers/STM32L4xx_HAL_Driver/Inc/Legacy -I../Drivers/CMSIS/Device/ST/STM32L4xx/Include -I../Drivers/CMSIS/Include -O0 -ffunction-sections -fdata-sections -Wall -fstack-usage -fcyclomatic-complexity -MMD -MP -MF"Drivers/STM32L4xx_HAL_Driver/Src/stm32l4xx_hal_uart_ex.d" -MT"Drivers/STM32L4xx_HAL_Driver/Src/stm32l4xx_hal_uart_ex.o" --specs=nano.specs -mfpu=fpv4-sp-d16 -mfloat-abi=hard -mthumb -o "Drivers/STM32L4xx_HAL_Driver/Src/stm32l4xx_hal_uart_ex.o"
arm-none-eabi-gcc -mcpu=cortex-m4 -g3 -DDEBUG -c -x assembler-with-cpp -MMD -MP -MF"Core/Startup/startup_stm32l476rgtx.d" -MT"Core/Startup/startup_stm32l476rgtx.o" --specs=nano.specs -mfpu=fpv4-sp-d16 -mfloat-abi=hard -mthumb -o "Core/Startup/startup_stm32l476rgtx.o" "../Core/Startup/startup_stm32l476rgtx.s"
arm-none-eabi-gcc "../Core/Src/main.c" -mcpu=cortex-m4 -std=gnu11 -g3 -DDEBUG -DUSE_HAL_DRIVER -DSTM32L476xx -c -I../Core/Inc -I../Drivers/STM32L4xx_HAL_Driver/Inc -I../Drivers/STM32L4xx_HAL_Driver/Inc/Legacy -I../Drivers/CMSIS/Device/ST/STM32L4xx/Include -I../Drivers/CMSIS/Include -O0 -ffunction-sections -fdata-sections -Wall -fstack-usage -fcyclomatic-complexity -MMD -MP -MF"Core/Src/main.d" -MT"Core/Src/main.o" --specs=nano.specs -mfpu=fpv4-sp-d16 -mfloat-abi=hard -mthumb -o "Core/Src/main.o"
arm-none-eabi-gcc "../Core/Src/stm32l4xx_hal_msp.c" -mcpu=cortex-m4 -std=gnu11 -g3 -DDEBUG -DUSE_HAL_DRIVER -DSTM32L476xx -c -I../Core/Inc -I../Drivers/STM32L4xx_HAL_Driver/Inc -I../Drivers/STM32L4xx_HAL_Driver/Inc/Legacy -I../Drivers/CMSIS/Device/ST/STM32L4xx/Include -I../Drivers/CMSIS/Include -O0 -ffunction-sections -fdata-sections -Wall -fstack-usage -fcyclomatic-complexity -MMD -MP -MF"Core/Src/stm32l4xx_hal_msp.d" -MT"Core/Src/stm32l4xx_hal_msp.o" --specs=nano.specs -mfpu=fpv4-sp-d16 -mfloat-abi=hard -mthumb -o "Core/Src/stm32l4xx_hal_msp.o"
arm-none-eabi-gcc "../Core/Src/stm32l4xx_it.c" -mcpu=cortex-m4 -std=gnu11 -g3 -DDEBUG -DUSE_HAL_DRIVER -DSTM32L476xx -c -I../Core/Inc -I../Drivers/STM32L4xx_HAL_Driver/Inc -I../Drivers/STM32L4xx_HAL_Driver/Inc/Legacy -I../Drivers/CMSIS/Device/ST/STM32L4xx/Include -I../Drivers/CMSIS/Include -O0 -ffunction-sections -fdata-sections -Wall -fstack-usage -fcyclomatic-complexity -MMD -MP -MF"Core/Src/stm32l4xx_it.d" -MT"Core/Src/stm32l4xx_it.o" --specs=nano.specs -mfpu=fpv4-sp-d16 -mfloat-abi=hard -mthumb -o "Core/Src/stm32l4xx_it.o"
arm-none-eabi-gcc "../Core/Src/syscalls.c" -mcpu=cortex-m4 -std=gnu11 -g3 -DDEBUG -DUSE_HAL_DRIVER -DSTM32L476xx -c -I../Core/Inc -I../Drivers/STM32L4xx_HAL_Driver/Inc -I../Drivers/STM32L4xx_HAL_Driver/Inc/Legacy -I../Drivers/CMSIS/Device/ST/STM32L4xx/Include -I../Drivers/CMSIS/Include -O0 -ffunction-sections -fdata-sections -Wall -fstack-usage -fcyclomatic-complexity -MMD -MP -MF"Core/Src/syscalls.d" -MT"Core/Src/syscalls.o" --specs=nano.specs -mfpu=fpv4-sp-d16 -mfloat-abi=hard -mthumb -o "Core/Src/syscalls.o"
arm-none-eabi-gcc "../Core/Src/sysmem.c" -mcpu=cortex-m4 -std=gnu11 -g3 -DDEBUG -DUSE_HAL_DRIVER -DSTM32L476xx -c -I../Core/Inc -I../Drivers/STM32L4xx_HAL_Driver/Inc -I../Drivers/STM32L4xx_HAL_Driver/Inc/Legacy -I../Drivers/CMSIS/Device/ST/STM32L4xx/Include -I../Drivers/CMSIS/Include -O0 -ffunction-sections -fdata-sections -Wall -fstack-usage -fcyclomatic-complexity -MMD -MP -MF"Core/Src/sysmem.d" -MT"Core/Src/sysmem.o" --specs=nano.specs -mfpu=fpv4-sp-d16 -mfloat-abi=hard -mthumb -o "Core/Src/sysmem.o"
../Core/Src/main.c: In function 'main':
../Core/Src/main.c:55:3: warning: implicit declaration of function 'SystemClock_Config'; did you mean 'SysTick_Config'? [-Wimplicit-function-declaration]
   55 |   SystemClock_Config();
      |   ^~~~~~~~~~~~~~~~~~
      |   SysTick_Config
../Core/Src/main.c:56:3: warning: implicit declaration of function 'MX_GPIO_Init'; did you mean 'HAL_GPIO_Init'? [-Wimplicit-function-declaration]
   56 |   MX_GPIO_Init();
      |   ^~~~~~~~~~~~
      |   HAL_GPIO_Init
arm-none-eabi-gcc "../Core/Src/system_stm32l4xx.c" -mcpu=cortex-m4 -std=gnu11 -g3 -DDEBUG -DUSE_HAL_DRIVER -DSTM32L476xx -c -I../Core/Inc -I../Drivers/STM32L4xx_HAL_Driver/Inc -I../Drivers/STM32L4xx_HAL_Driver/Inc/Legacy -I../Drivers/CMSIS/Device/ST/STM32L4xx/Include -I../Drivers/CMSIS/Include -O0 -ffunction-sections -fdata-sections -Wall -fstack-usage -fcyclomatic-complexity -MMD -MP -MF"Core/Src/system_stm32l4xx.d" -MT"Core/Src/system_stm32l4xx.o" --specs=nano.specs -mfpu=fpv4-sp-d16 -mfloat-abi=hard -mthumb -o "Core/Src/system_stm32l4xx.o"
../Core/Src/main.c:57:3: warning: implicit declaration of function 'MX_USART2_UART_Init' [-Wimplicit-function-declaration]
   57 |   MX_USART2_UART_Init();
      |   ^~~~~~~~~~~~~~~~~~~
../Core/Src/main.c: At top level:
../Core/Src/main.c:80:13: warning: conflicting types for 'MX_GPIO_Init'; have 'void(void)'
   80 | static void MX_GPIO_Init(void) {
      |             ^~~~~~~~~~~~
../Core/Src/main.c:80:13: error: static declaration of 'MX_GPIO_Init' follows non-static declaration
../Core/Src/main.c:56:3: note: previous implicit declaration of 'MX_GPIO_Init' with type 'void(void)'
   56 |   MX_GPIO_Init();
      |   ^~~~~~~~~~~~
../Core/Src/main.c:102:13: warning: conflicting types for 'MX_USART2_UART_Init'; have 'void(void)'
  102 | static void MX_USART2_UART_Init(void) {
      |             ^~~~~~~~~~~~~~~~~~~
../Core/Src/main.c:102:13: error: static declaration of 'MX_USART2_UART_Init' follows non-static declaration
../Core/Src/main.c:57:3: note: previous implicit declaration of 'MX_USART2_UART_Init' with type 'void(void)'
   57 |   MX_USART2_UART_Init();
      |   ^~~~~~~~~~~~~~~~~~~
../Core/Src/main.c:102:13: warning: 'MX_USART2_UART_Init' defined but not used [-Wunused-function]
  102 | static void MX_USART2_UART_Init(void) {
      |             ^~~~~~~~~~~~~~~~~~~
../Core/Src/main.c:80:13: warning: 'MX_GPIO_Init' defined but not used [-Wunused-function]
   80 | static void MX_GPIO_Init(void) {
      |             ^~~~~~~~~~~~
make: *** [Core/Src/subdir.mk:34: Core/Src/main.o] Error 1
make: *** Waiting for unfinished jobs....
"make -j12 all" terminated with exit code 2. Build might be incomplete.
15:35:53 **** Incremental Build of configuration Debug for project MCP3008 ****
make -j12 all 
arm-none-eabi-gcc "../Core/Src/main.c" -mcpu=cortex-m4 -std=gnu11 -g3 -DDEBUG -DUSE_HAL_DRIVER -DSTM32L476xx -c -I../Core/Inc -I../Drivers/STM32L4xx_HAL_Driver/Inc -I../Drivers/STM32L4xx_HAL_Driver/Inc/Legacy -I../Drivers/CMSIS/Device/ST/STM32L4xx/Include -I../Drivers/CMSIS/Include -O0 -ffunction-sections -fdata-sections -Wall -fstack-usage -fcyclomatic-complexity -MMD -MP -MF"Core/Src/main.d" -MT"Core/Src/main.o" --specs=nano.specs -mfpu=fpv4-sp-d16 -mfloat-abi=hard -mthumb -o "Core/Src/main.o"
arm-none-eabi-gcc "../Core/Src/stm32l4xx_hal_msp.c" -mcpu=cortex-m4 -std=gnu11 -g3 -DDEBUG -DUSE_HAL_DRIVER -DSTM32L476xx -c -I../Core/Inc -I../Drivers/STM32L4xx_HAL_Driver/Inc -I../Drivers/STM32L4xx_HAL_Driver/Inc/Legacy -I../Drivers/CMSIS/Device/ST/STM32L4xx/Include -I../Drivers/CMSIS/Include -O0 -ffunction-sections -fdata-sections -Wall -fstack-usage -fcyclomatic-complexity -MMD -MP -MF"Core/Src/stm32l4xx_hal_msp.d" -MT"Core/Src/stm32l4xx_hal_msp.o" --specs=nano.specs -mfpu=fpv4-sp-d16 -mfloat-abi=hard -mthumb -o "Core/Src/stm32l4xx_hal_msp.o"
arm-none-eabi-gcc "../Core/Src/stm32l4xx_it.c" -mcpu=cortex-m4 -std=gnu11 -g3 -DDEBUG -DUSE_HAL_DRIVER -DSTM32L476xx -c -I../Core/Inc -I../Drivers/STM32L4xx_HAL_Driver/Inc -I../Drivers/STM32L4xx_HAL_Driver/Inc/Legacy -I../Drivers/CMSIS/Device/ST/STM32L4xx/Include -I../Drivers/CMSIS/Include -O0 -ffunction-sections -fdata-sections -Wall -fstack-usage -fcyclomatic-complexity -MMD -MP -MF"Core/Src/stm32l4xx_it.d" -MT"Core/Src/stm32l4xx_it.o" --specs=nano.specs -mfpu=fpv4-sp-d16 -mfloat-abi=hard -mthumb -o "Core/Src/stm32l4xx_it.o"
arm-none-eabi-gcc -o "MCP3008.elf" @"objects.list"   -mcpu=cortex-m4 -T"D:\Develop\FYP\STM32CubeIDEworkspace_1.13.0\MCP3008\STM32L476RGTX_FLASH.ld" --specs=nosys.specs -Wl,-Map="MCP3008.map" -Wl,--gc-sections -static --specs=nano.specs -mfpu=fpv4-sp-d16 -mfloat-abi=hard -mthumb -Wl,--start-group -lc -lm -Wl,--end-group
Finished building target: MCP3008.elf
 
arm-none-eabi-size  MCP3008.elf 
arm-none-eabi-objdump -h -S MCP3008.elf  > "MCP3008.list"
   text	   data	    bss	    dec	    hex	filename
  13024	     12	   1804	  14840	   39f8	MCP3008.elf
Finished building: default.size.stdout
 
Finished building: MCP3008.list
 
15:37:19 **** Incremental Build of configuration Debug for project Pin_Config_Test ****
make -j12 all 
arm-none-eabi-gcc "../Core/Src/main.c" -mcpu=cortex-m4 -std=gnu11 -g3 -DDEBUG -DUSE_HAL_DRIVER -DSTM32L476xx -c -I../Core/Inc -I../Drivers/STM32L4xx_HAL_Driver/Inc -I../Drivers/STM32L4xx_HAL_Driver/Inc/Legacy -I../Drivers/CMSIS/Device/ST/STM32L4xx/Include -I../Drivers/CMSIS/Include -O0 -ffunction-sections -fdata-sections -Wall -fstack-usage -fcyclomatic-complexity -MMD -MP -MF"Core/Src/main.d" -MT"Core/Src/main.o" --specs=nano.specs -mfpu=fpv4-sp-d16 -mfloat-abi=hard -mthumb -o "Core/Src/main.o"
arm-none-eabi-gcc -o "Pin_Config_Test.elf" @"objects.list"   -mcpu=cortex-m4 -T"D:\Develop\FYP\STM32CubeIDEworkspace_1.13.0\Pin_Config_Test\STM32L476RGTX_FLASH.ld" --specs=nosys.specs -Wl,-Map="Pin_Config_Test.map" -Wl,--gc-sections -static --specs=nano.specs -mfpu=fpv4-sp-d16 -mfloat-abi=hard -mthumb -Wl,--start-group -lc -lm -Wl,--end-group
Finished building target: Pin_Config_Test.elf
 
arm-none-eabi-size  Pin_Config_Test.elf 
arm-none-eabi-objdump -h -S Pin_Config_Test.elf  > "Pin_Config_Test.list"
   text	   data	    bss	    dec	    hex	filename
  16968	    212	   2044	  19224	   4b18	Pin_Config_Test.elf
Finished building: default.size.stdout
 
Finished building: Pin_Config_Test.list
 
15:37:25 **** Incremental Build of configuration Debug for project Pin_Config_Test ****
make -j12 all 
arm-none-eabi-size  Pin_Config_Test.elf 
   text	   data	    bss	    dec	    hex	filename
  16968	    212	   2044	  19224	   4b18	Pin_Config_Test.elf
Finished building: default.size.stdout
 
15:39:53 **** Incremental Build of configuration Debug for project Pin_Config_Test ****
make -j12 all 
arm-none-eabi-gcc "../Core/Src/main.c" -mcpu=cortex-m4 -std=gnu11 -g3 -DDEBUG -DUSE_HAL_DRIVER -DSTM32L476xx -c -I../Core/Inc -I../Drivers/STM32L4xx_HAL_Driver/Inc -I../Drivers/STM32L4xx_HAL_Driver/Inc/Legacy -I../Drivers/CMSIS/Device/ST/STM32L4xx/Include -I../Drivers/CMSIS/Include -O0 -ffunction-sections -fdata-sections -Wall -fstack-usage -fcyclomatic-complexity -MMD -MP -MF"Core/Src/main.d" -MT"Core/Src/main.o" --specs=nano.specs -mfpu=fpv4-sp-d16 -mfloat-abi=hard -mthumb -o "Core/Src/main.o"
arm-none-eabi-gcc -o "Pin_Config_Test.elf" @"objects.list"   -mcpu=cortex-m4 -T"D:\Develop\FYP\STM32CubeIDEworkspace_1.13.0\Pin_Config_Test\STM32L476RGTX_FLASH.ld" --specs=nosys.specs -Wl,-Map="Pin_Config_Test.map" -Wl,--gc-sections -static --specs=nano.specs -mfpu=fpv4-sp-d16 -mfloat-abi=hard -mthumb -Wl,--start-group -lc -lm -Wl,--end-group
Finished building target: Pin_Config_Test.elf
 
arm-none-eabi-size  Pin_Config_Test.elf 
arm-none-eabi-objdump -h -S Pin_Config_Test.elf  > "Pin_Config_Test.list"
   text	   data	    bss	    dec	    hex	filename
  12536	    120	   1704	  14360	   3818	Pin_Config_Test.elf
Finished building: default.size.stdout
 
Finished building: Pin_Config_Test.list
 
15:40:24 **** Incremental Build of configuration Debug for project Pin_Config_Test ****
make -j12 all 
arm-none-eabi-gcc "../Core/Src/main.c" -mcpu=cortex-m4 -std=gnu11 -g3 -DDEBUG -DUSE_HAL_DRIVER -DSTM32L476xx -c -I../Core/Inc -I../Drivers/STM32L4xx_HAL_Driver/Inc -I../Drivers/STM32L4xx_HAL_Driver/Inc/Legacy -I../Drivers/CMSIS/Device/ST/STM32L4xx/Include -I../Drivers/CMSIS/Include -O0 -ffunction-sections -fdata-sections -Wall -fstack-usage -fcyclomatic-complexity -MMD -MP -MF"Core/Src/main.d" -MT"Core/Src/main.o" --specs=nano.specs -mfpu=fpv4-sp-d16 -mfloat-abi=hard -mthumb -o "Core/Src/main.o"
arm-none-eabi-gcc -o "Pin_Config_Test.elf" @"objects.list"   -mcpu=cortex-m4 -T"D:\Develop\FYP\STM32CubeIDEworkspace_1.13.0\Pin_Config_Test\STM32L476RGTX_FLASH.ld" --specs=nosys.specs -Wl,-Map="Pin_Config_Test.map" -Wl,--gc-sections -static --specs=nano.specs -mfpu=fpv4-sp-d16 -mfloat-abi=hard -mthumb -Wl,--start-group -lc -lm -Wl,--end-group
Finished building target: Pin_Config_Test.elf
 
arm-none-eabi-size  Pin_Config_Test.elf 
arm-none-eabi-objdump -h -S Pin_Config_Test.elf  > "Pin_Config_Test.list"
   text	   data	    bss	    dec	    hex	filename
  12536	    120	   1704	  14360	   3818	Pin_Config_Test.elf
Finished building: default.size.stdout
 
Finished building: Pin_Config_Test.list
 
15:42:18 **** Incremental Build of configuration Debug for project Pin_Config_Test ****
make -j12 all 
arm-none-eabi-gcc "../Core/Src/main.c" -mcpu=cortex-m4 -std=gnu11 -g3 -DDEBUG -DUSE_HAL_DRIVER -DSTM32L476xx -c -I../Core/Inc -I../Drivers/STM32L4xx_HAL_Driver/Inc -I../Drivers/STM32L4xx_HAL_Driver/Inc/Legacy -I../Drivers/CMSIS/Device/ST/STM32L4xx/Include -I../Drivers/CMSIS/Include -O0 -ffunction-sections -fdata-sections -Wall -fstack-usage -fcyclomatic-complexity -MMD -MP -MF"Core/Src/main.d" -MT"Core/Src/main.o" --specs=nano.specs -mfpu=fpv4-sp-d16 -mfloat-abi=hard -mthumb -o "Core/Src/main.o"
arm-none-eabi-gcc -o "Pin_Config_Test.elf" @"objects.list"   -mcpu=cortex-m4 -T"D:\Develop\FYP\STM32CubeIDEworkspace_1.13.0\Pin_Config_Test\STM32L476RGTX_FLASH.ld" --specs=nosys.specs -Wl,-Map="Pin_Config_Test.map" -Wl,--gc-sections -static --specs=nano.specs -mfpu=fpv4-sp-d16 -mfloat-abi=hard -mthumb -Wl,--start-group -lc -lm -Wl,--end-group
Finished building target: Pin_Config_Test.elf
 
arm-none-eabi-size  Pin_Config_Test.elf 
arm-none-eabi-objdump -h -S Pin_Config_Test.elf  > "Pin_Config_Test.list"
   text	   data	    bss	    dec	    hex	filename
  12628	    120	   1704	  14452	   3874	Pin_Config_Test.elf
Finished building: default.size.stdout
 
Finished building: Pin_Config_Test.list
 
16:08:26 **** Incremental Build of configuration Debug for project Pin_Config_Test ****
make -j12 all 
arm-none-eabi-gcc "../Core/Src/main.c" -mcpu=cortex-m4 -std=gnu11 -g3 -DDEBUG -DUSE_HAL_DRIVER -DSTM32L476xx -c -I../Core/Inc -I../Drivers/STM32L4xx_HAL_Driver/Inc -I../Drivers/STM32L4xx_HAL_Driver/Inc/Legacy -I../Drivers/CMSIS/Device/ST/STM32L4xx/Include -I../Drivers/CMSIS/Include -O0 -ffunction-sections -fdata-sections -Wall -fstack-usage -fcyclomatic-complexity -MMD -MP -MF"Core/Src/main.d" -MT"Core/Src/main.o" --specs=nano.specs -mfpu=fpv4-sp-d16 -mfloat-abi=hard -mthumb -o "Core/Src/main.o"
arm-none-eabi-gcc -o "Pin_Config_Test.elf" @"objects.list"   -mcpu=cortex-m4 -T"D:\Develop\FYP\STM32CubeIDEworkspace_1.13.0\Pin_Config_Test\STM32L476RGTX_FLASH.ld" --specs=nosys.specs -Wl,-Map="Pin_Config_Test.map" -Wl,--gc-sections -static --specs=nano.specs -mfpu=fpv4-sp-d16 -mfloat-abi=hard -mthumb -Wl,--start-group -lc -lm -Wl,--end-group
Finished building target: Pin_Config_Test.elf
 
arm-none-eabi-size  Pin_Config_Test.elf 
arm-none-eabi-objdump -h -S Pin_Config_Test.elf  > "Pin_Config_Test.list"
   text	   data	    bss	    dec	    hex	filename
  13172	     12	   1708	  14892	   3a2c	Pin_Config_Test.elf
Finished building: default.size.stdout
 
Finished building: Pin_Config_Test.list
 
16:12:53 **** Incremental Build of configuration Debug for project Pin_Config_Test ****
make -j12 all 
arm-none-eabi-gcc "../Core/Src/main.c" -mcpu=cortex-m4 -std=gnu11 -g3 -DDEBUG -DUSE_HAL_DRIVER -DSTM32L476xx -c -I../Core/Inc -I../Drivers/STM32L4xx_HAL_Driver/Inc -I../Drivers/STM32L4xx_HAL_Driver/Inc/Legacy -I../Drivers/CMSIS/Device/ST/STM32L4xx/Include -I../Drivers/CMSIS/Include -O0 -ffunction-sections -fdata-sections -Wall -fstack-usage -fcyclomatic-complexity -MMD -MP -MF"Core/Src/main.d" -MT"Core/Src/main.o" --specs=nano.specs -mfpu=fpv4-sp-d16 -mfloat-abi=hard -mthumb -o "Core/Src/main.o"
arm-none-eabi-gcc -o "Pin_Config_Test.elf" @"objects.list"   -mcpu=cortex-m4 -T"D:\Develop\FYP\STM32CubeIDEworkspace_1.13.0\Pin_Config_Test\STM32L476RGTX_FLASH.ld" --specs=nosys.specs -Wl,-Map="Pin_Config_Test.map" -Wl,--gc-sections -static --specs=nano.specs -mfpu=fpv4-sp-d16 -mfloat-abi=hard -mthumb -Wl,--start-group -lc -lm -Wl,--end-group
Finished building target: Pin_Config_Test.elf
 
arm-none-eabi-size  Pin_Config_Test.elf 
arm-none-eabi-objdump -h -S Pin_Config_Test.elf  > "Pin_Config_Test.list"
   text	   data	    bss	    dec	    hex	filename
  13476	     12	   1708	  15196	   3b5c	Pin_Config_Test.elf
Finished building: default.size.stdout
 
Finished building: Pin_Config_Test.list
 
16:17:50 **** Incremental Build of configuration Debug for project Pin_Config_Test ****
make -j12 all 
arm-none-eabi-gcc "../Core/Src/main.c" -mcpu=cortex-m4 -std=gnu11 -g3 -DDEBUG -DUSE_HAL_DRIVER -DSTM32L476xx -c -I../Core/Inc -I../Drivers/STM32L4xx_HAL_Driver/Inc -I../Drivers/STM32L4xx_HAL_Driver/Inc/Legacy -I../Drivers/CMSIS/Device/ST/STM32L4xx/Include -I../Drivers/CMSIS/Include -O0 -ffunction-sections -fdata-sections -Wall -fstack-usage -fcyclomatic-complexity -MMD -MP -MF"Core/Src/main.d" -MT"Core/Src/main.o" --specs=nano.specs -mfpu=fpv4-sp-d16 -mfloat-abi=hard -mthumb -o "Core/Src/main.o"
arm-none-eabi-gcc -o "Pin_Config_Test.elf" @"objects.list"   -mcpu=cortex-m4 -T"D:\Develop\FYP\STM32CubeIDEworkspace_1.13.0\Pin_Config_Test\STM32L476RGTX_FLASH.ld" --specs=nosys.specs -Wl,-Map="Pin_Config_Test.map" -Wl,--gc-sections -static --specs=nano.specs -mfpu=fpv4-sp-d16 -mfloat-abi=hard -mthumb -Wl,--start-group -lc -lm -Wl,--end-group
Finished building target: Pin_Config_Test.elf
 
arm-none-eabi-size  Pin_Config_Test.elf 
arm-none-eabi-objdump -h -S Pin_Config_Test.elf  > "Pin_Config_Test.list"
   text	   data	    bss	    dec	    hex	filename
  13512	     12	   1708	  15232	   3b80	Pin_Config_Test.elf
Finished building: default.size.stdout
 
Finished building: Pin_Config_Test.list
 
16:18:58 **** Incremental Build of configuration Debug for project Pin_Config_Test ****
make -j12 all 
arm-none-eabi-gcc "../Core/Src/main.c" -mcpu=cortex-m4 -std=gnu11 -g3 -DDEBUG -DUSE_HAL_DRIVER -DSTM32L476xx -c -I../Core/Inc -I../Drivers/STM32L4xx_HAL_Driver/Inc -I../Drivers/STM32L4xx_HAL_Driver/Inc/Legacy -I../Drivers/CMSIS/Device/ST/STM32L4xx/Include -I../Drivers/CMSIS/Include -O0 -ffunction-sections -fdata-sections -Wall -fstack-usage -fcyclomatic-complexity -MMD -MP -MF"Core/Src/main.d" -MT"Core/Src/main.o" --specs=nano.specs -mfpu=fpv4-sp-d16 -mfloat-abi=hard -mthumb -o "Core/Src/main.o"
arm-none-eabi-gcc -o "Pin_Config_Test.elf" @"objects.list"   -mcpu=cortex-m4 -T"D:\Develop\FYP\STM32CubeIDEworkspace_1.13.0\Pin_Config_Test\STM32L476RGTX_FLASH.ld" --specs=nosys.specs -Wl,-Map="Pin_Config_Test.map" -Wl,--gc-sections -static --specs=nano.specs -mfpu=fpv4-sp-d16 -mfloat-abi=hard -mthumb -Wl,--start-group -lc -lm -Wl,--end-group
Finished building target: Pin_Config_Test.elf
 
arm-none-eabi-size  Pin_Config_Test.elf 
arm-none-eabi-objdump -h -S Pin_Config_Test.elf  > "Pin_Config_Test.list"
   text	   data	    bss	    dec	    hex	filename
  13516	     12	   1708	  15236	   3b84	Pin_Config_Test.elf
Finished building: default.size.stdout
 
Finished building: Pin_Config_Test.list
 
16:20:08 **** Incremental Build of configuration Debug for project Pin_Config_Test ****
make -j12 all 
arm-none-eabi-gcc "../Core/Src/main.c" -mcpu=cortex-m4 -std=gnu11 -g3 -DDEBUG -DUSE_HAL_DRIVER -DSTM32L476xx -c -I../Core/Inc -I../Drivers/STM32L4xx_HAL_Driver/Inc -I../Drivers/STM32L4xx_HAL_Driver/Inc/Legacy -I../Drivers/CMSIS/Device/ST/STM32L4xx/Include -I../Drivers/CMSIS/Include -O0 -ffunction-sections -fdata-sections -Wall -fstack-usage -fcyclomatic-complexity -MMD -MP -MF"Core/Src/main.d" -MT"Core/Src/main.o" --specs=nano.specs -mfpu=fpv4-sp-d16 -mfloat-abi=hard -mthumb -o "Core/Src/main.o"
arm-none-eabi-gcc -o "Pin_Config_Test.elf" @"objects.list"   -mcpu=cortex-m4 -T"D:\Develop\FYP\STM32CubeIDEworkspace_1.13.0\Pin_Config_Test\STM32L476RGTX_FLASH.ld" --specs=nosys.specs -Wl,-Map="Pin_Config_Test.map" -Wl,--gc-sections -static --specs=nano.specs -mfpu=fpv4-sp-d16 -mfloat-abi=hard -mthumb -Wl,--start-group -lc -lm -Wl,--end-group
Finished building target: Pin_Config_Test.elf
 
arm-none-eabi-size  Pin_Config_Test.elf 
arm-none-eabi-objdump -h -S Pin_Config_Test.elf  > "Pin_Config_Test.list"
   text	   data	    bss	    dec	    hex	filename
  13516	     12	   1708	  15236	   3b84	Pin_Config_Test.elf
Finished building: default.size.stdout
 
Finished building: Pin_Config_Test.list
 
16:21:07 **** Incremental Build of configuration Debug for project Pin_Config_Test ****
make -j12 all 
arm-none-eabi-gcc "../Core/Src/main.c" -mcpu=cortex-m4 -std=gnu11 -g3 -DDEBUG -DUSE_HAL_DRIVER -DSTM32L476xx -c -I../Core/Inc -I../Drivers/STM32L4xx_HAL_Driver/Inc -I../Drivers/STM32L4xx_HAL_Driver/Inc/Legacy -I../Drivers/CMSIS/Device/ST/STM32L4xx/Include -I../Drivers/CMSIS/Include -O0 -ffunction-sections -fdata-sections -Wall -fstack-usage -fcyclomatic-complexity -MMD -MP -MF"Core/Src/main.d" -MT"Core/Src/main.o" --specs=nano.specs -mfpu=fpv4-sp-d16 -mfloat-abi=hard -mthumb -o "Core/Src/main.o"
arm-none-eabi-gcc -o "Pin_Config_Test.elf" @"objects.list"   -mcpu=cortex-m4 -T"D:\Develop\FYP\STM32CubeIDEworkspace_1.13.0\Pin_Config_Test\STM32L476RGTX_FLASH.ld" --specs=nosys.specs -Wl,-Map="Pin_Config_Test.map" -Wl,--gc-sections -static --specs=nano.specs -mfpu=fpv4-sp-d16 -mfloat-abi=hard -mthumb -Wl,--start-group -lc -lm -Wl,--end-group
Finished building target: Pin_Config_Test.elf
 
arm-none-eabi-size  Pin_Config_Test.elf 
arm-none-eabi-objdump -h -S Pin_Config_Test.elf  > "Pin_Config_Test.list"
   text	   data	    bss	    dec	    hex	filename
  13516	     12	   1708	  15236	   3b84	Pin_Config_Test.elf
Finished building: default.size.stdout
 
Finished building: Pin_Config_Test.list
 
16:26:47 **** Incremental Build of configuration Debug for project Pin_Config_Test ****
make -j12 all 
arm-none-eabi-gcc "../Core/Src/main.c" -mcpu=cortex-m4 -std=gnu11 -g3 -DDEBUG -DUSE_HAL_DRIVER -DSTM32L476xx -c -I../Core/Inc -I../Drivers/STM32L4xx_HAL_Driver/Inc -I../Drivers/STM32L4xx_HAL_Driver/Inc/Legacy -I../Drivers/CMSIS/Device/ST/STM32L4xx/Include -I../Drivers/CMSIS/Include -O0 -ffunction-sections -fdata-sections -Wall -fstack-usage -fcyclomatic-complexity -MMD -MP -MF"Core/Src/main.d" -MT"Core/Src/main.o" --specs=nano.specs -mfpu=fpv4-sp-d16 -mfloat-abi=hard -mthumb -o "Core/Src/main.o"
../Core/Src/main.c: In function 'main':
../Core/Src/main.c:100:9: warning: "/*" within comment [-Wcomment]
  100 |         /* 控制 PA12 *
      |          
../Core/Src/main.c:108:9: warning: "/*" within comment [-Wcomment]
  108 |         /* 控制 PA13 *
      |          
../Core/Src/main.c:116:9: warning: "/*" within comment [-Wcomment]
  116 |         /* 控制 PC6 */
      |          
../Core/Src/main.c:132:9: warning: "/*" within comment [-Wcomment]
  132 |         /* 控制 PB14 *
      |          
../Core/Src/main.c:140:9: warning: "/*" within comment [-Wcomment]
  140 |         /* 控制 PB15 *
      |          
../Core/Src/main.c:152:1: warning: "/*" within comment [-Wcomment]
  152 | /**
      |  
../Core/Src/main.c:206:13: error: invalid storage class for function 'MX_USART2_UART_Init'
  206 | static void MX_USART2_UART_Init(void)
      |             ^~~~~~~~~~~~~~~~~~~
../Core/Src/main.c:241:13: error: invalid storage class for function 'MX_GPIO_Init'
  241 | static void MX_GPIO_Init(void)
      |             ^~~~~~~~~~~~
../Core/Src/main.c:310:1: error: expected declaration or statement at end of input
  310 | }
      | ^
../Core/Src/main.c:310:1: error: expected declaration or statement at end of input
../Core/Src/main.c: At top level:
../Core/Src/main.c:60:13: warning: 'MX_GPIO_Init' used but never defined
   60 | static void MX_GPIO_Init(void);
      |             ^~~~~~~~~~~~
../Core/Src/main.c:61:13: warning: 'MX_USART2_UART_Init' used but never defined
   61 | static void MX_USART2_UART_Init(void);
      |             ^~~~~~~~~~~~~~~~~~~
../Core/Src/main.c:301:6: warning: 'Error_Handler' defined but not used [-Wunused-function]
  301 | void Error_Handler(void)
      |      ^~~~~~~~~~~~~
../Core/Src/main.c:241:13: warning: 'MX_GPIO_Init' defined but not used [-Wunused-function]
  241 | static void MX_GPIO_Init(void)
      |             ^~~~~~~~~~~~
../Core/Src/main.c:206:13: warning: 'MX_USART2_UART_Init' defined but not used [-Wunused-function]
  206 | static void MX_USART2_UART_Init(void)
      |             ^~~~~~~~~~~~~~~~~~~
../Core/Src/main.c:156:6: warning: 'SystemClock_Config' defined but not used [-Wunused-function]
  156 | void SystemClock_Config(void)
      |      ^~~~~~~~~~~~~~~~~~
make: *** [Core/Src/subdir.mk:34: Core/Src/main.o] Error 1
"make -j12 all" terminated with exit code 2. Build might be incomplete.
16:27:09 **** Incremental Build of configuration Debug for project Pin_Config_Test ****
make -j12 all 
arm-none-eabi-gcc "../Core/Src/main.c" -mcpu=cortex-m4 -std=gnu11 -g3 -DDEBUG -DUSE_HAL_DRIVER -DSTM32L476xx -c -I../Core/Inc -I../Drivers/STM32L4xx_HAL_Driver/Inc -I../Drivers/STM32L4xx_HAL_Driver/Inc/Legacy -I../Drivers/CMSIS/Device/ST/STM32L4xx/Include -I../Drivers/CMSIS/Include -O0 -ffunction-sections -fdata-sections -Wall -fstack-usage -fcyclomatic-complexity -MMD -MP -MF"Core/Src/main.d" -MT"Core/Src/main.o" --specs=nano.specs -mfpu=fpv4-sp-d16 -mfloat-abi=hard -mthumb -o "Core/Src/main.o"
../Core/Src/main.c: In function 'main':
../Core/Src/main.c:100:9: warning: "/*" within comment [-Wcomment]
  100 |         /* 控制 PA12 *
      |          
../Core/Src/main.c:108:9: warning: "/*" within comment [-Wcomment]
  108 |         /* 控制 PA13 *
      |          
../Core/Src/main.c:116:9: warning: "/*" within comment [-Wcomment]
  116 |         /* 控制 PC6 */
      |          
../Core/Src/main.c:132:9: warning: "/*" within comment [-Wcomment]
  132 |         /* 控制 PB14 *
      |          
../Core/Src/main.c:140:9: warning: "/*" within comment [-Wcomment]
  140 |         /* 控制 PB15 *
      |          
arm-none-eabi-gcc -o "Pin_Config_Test.elf" @"objects.list"   -mcpu=cortex-m4 -T"D:\Develop\FYP\STM32CubeIDEworkspace_1.13.0\Pin_Config_Test\STM32L476RGTX_FLASH.ld" --specs=nosys.specs -Wl,-Map="Pin_Config_Test.map" -Wl,--gc-sections -static --specs=nano.specs -mfpu=fpv4-sp-d16 -mfloat-abi=hard -mthumb -Wl,--start-group -lc -lm -Wl,--end-group
Finished building target: Pin_Config_Test.elf
 
arm-none-eabi-size  Pin_Config_Test.elf 
arm-none-eabi-objdump -h -S Pin_Config_Test.elf  > "Pin_Config_Test.list"
   text	   data	    bss	    dec	    hex	filename
  12900	     12	   1708	  14620	   391c	Pin_Config_Test.elf
Finished building: default.size.stdout
 
Finished building: Pin_Config_Test.list
 
16:27:47 **** Incremental Build of configuration Debug for project Pin_Config_Test ****
make -j12 all 
arm-none-eabi-gcc "../Core/Src/main.c" -mcpu=cortex-m4 -std=gnu11 -g3 -DDEBUG -DUSE_HAL_DRIVER -DSTM32L476xx -c -I../Core/Inc -I../Drivers/STM32L4xx_HAL_Driver/Inc -I../Drivers/STM32L4xx_HAL_Driver/Inc/Legacy -I../Drivers/CMSIS/Device/ST/STM32L4xx/Include -I../Drivers/CMSIS/Include -O0 -ffunction-sections -fdata-sections -Wall -fstack-usage -fcyclomatic-complexity -MMD -MP -MF"Core/Src/main.d" -MT"Core/Src/main.o" --specs=nano.specs -mfpu=fpv4-sp-d16 -mfloat-abi=hard -mthumb -o "Core/Src/main.o"
../Core/Src/main.c: In function 'main':
../Core/Src/main.c:100:9: warning: "/*" within comment [-Wcomment]
  100 |         /* 控制 PA12 *
      |          
../Core/Src/main.c:108:9: warning: "/*" within comment [-Wcomment]
  108 |         /* 控制 PA13 *
      |          
../Core/Src/main.c:116:9: warning: "/*" within comment [-Wcomment]
  116 |         /* 控制 PC6 */
      |          
../Core/Src/main.c:132:9: warning: "/*" within comment [-Wcomment]
  132 |         /* 控制 PB14 *
      |          
../Core/Src/main.c:140:9: warning: "/*" within comment [-Wcomment]
  140 |         /* 控制 PB15 *
      |          
arm-none-eabi-gcc -o "Pin_Config_Test.elf" @"objects.list"   -mcpu=cortex-m4 -T"D:\Develop\FYP\STM32CubeIDEworkspace_1.13.0\Pin_Config_Test\STM32L476RGTX_FLASH.ld" --specs=nosys.specs -Wl,-Map="Pin_Config_Test.map" -Wl,--gc-sections -static --specs=nano.specs -mfpu=fpv4-sp-d16 -mfloat-abi=hard -mthumb -Wl,--start-group -lc -lm -Wl,--end-group
Finished building target: Pin_Config_Test.elf
 
arm-none-eabi-size  Pin_Config_Test.elf 
arm-none-eabi-objdump -h -S Pin_Config_Test.elf  > "Pin_Config_Test.list"
   text	   data	    bss	    dec	    hex	filename
  12900	     12	   1708	  14620	   391c	Pin_Config_Test.elf
Finished building: default.size.stdout
 
Finished building: Pin_Config_Test.list
 
16:28:50 **** Incremental Build of configuration Debug for project Pin_Config_Test ****
make -j12 all 
arm-none-eabi-gcc "../Core/Src/main.c" -mcpu=cortex-m4 -std=gnu11 -g3 -DDEBUG -DUSE_HAL_DRIVER -DSTM32L476xx -c -I../Core/Inc -I../Drivers/STM32L4xx_HAL_Driver/Inc -I../Drivers/STM32L4xx_HAL_Driver/Inc/Legacy -I../Drivers/CMSIS/Device/ST/STM32L4xx/Include -I../Drivers/CMSIS/Include -O0 -ffunction-sections -fdata-sections -Wall -fstack-usage -fcyclomatic-complexity -MMD -MP -MF"Core/Src/main.d" -MT"Core/Src/main.o" --specs=nano.specs -mfpu=fpv4-sp-d16 -mfloat-abi=hard -mthumb -o "Core/Src/main.o"
../Core/Src/main.c: In function 'main':
../Core/Src/main.c:100:9: warning: "/*" within comment [-Wcomment]
  100 |         /* 控制 PA12 *
      |          
../Core/Src/main.c:108:9: warning: "/*" within comment [-Wcomment]
  108 |         /* 控制 PA13 *
      |          
../Core/Src/main.c:116:9: warning: "/*" within comment [-Wcomment]
  116 |         /* 控制 PC6 */
      |          
../Core/Src/main.c:132:9: warning: "/*" within comment [-Wcomment]
  132 |         /* 控制 PB14 *
      |          
../Core/Src/main.c:140:9: warning: "/*" within comment [-Wcomment]
  140 |         /* 控制 PB15 *
      |          
arm-none-eabi-gcc -o "Pin_Config_Test.elf" @"objects.list"   -mcpu=cortex-m4 -T"D:\Develop\FYP\STM32CubeIDEworkspace_1.13.0\Pin_Config_Test\STM32L476RGTX_FLASH.ld" --specs=nosys.specs -Wl,-Map="Pin_Config_Test.map" -Wl,--gc-sections -static --specs=nano.specs -mfpu=fpv4-sp-d16 -mfloat-abi=hard -mthumb -Wl,--start-group -lc -lm -Wl,--end-group
Finished building target: Pin_Config_Test.elf
 
arm-none-eabi-size  Pin_Config_Test.elf 
arm-none-eabi-objdump -h -S Pin_Config_Test.elf  > "Pin_Config_Test.list"
   text	   data	    bss	    dec	    hex	filename
  12904	     12	   1708	  14624	   3920	Pin_Config_Test.elf
Finished building: default.size.stdout
 
Finished building: Pin_Config_Test.list
 
16:30:34 **** Incremental Build of configuration Debug for project Pin_Config_Test ****
make -j12 all 
arm-none-eabi-gcc "../Core/Src/main.c" -mcpu=cortex-m4 -std=gnu11 -g3 -DDEBUG -DUSE_HAL_DRIVER -DSTM32L476xx -c -I../Core/Inc -I../Drivers/STM32L4xx_HAL_Driver/Inc -I../Drivers/STM32L4xx_HAL_Driver/Inc/Legacy -I../Drivers/CMSIS/Device/ST/STM32L4xx/Include -I../Drivers/CMSIS/Include -O0 -ffunction-sections -fdata-sections -Wall -fstack-usage -fcyclomatic-complexity -MMD -MP -MF"Core/Src/main.d" -MT"Core/Src/main.o" --specs=nano.specs -mfpu=fpv4-sp-d16 -mfloat-abi=hard -mthumb -o "Core/Src/main.o"
../Core/Src/main.c: In function 'main':
../Core/Src/main.c:100:9: warning: "/*" within comment [-Wcomment]
  100 |         /* 控制 PA12 *
      |          
../Core/Src/main.c:108:9: warning: "/*" within comment [-Wcomment]
  108 |         /* 控制 PA13 *
      |          
../Core/Src/main.c:116:9: warning: "/*" within comment [-Wcomment]
  116 |         /* 控制 PC6 */
      |          
../Core/Src/main.c:132:9: warning: "/*" within comment [-Wcomment]
  132 |         /* 控制 PB14 *
      |          
../Core/Src/main.c:140:9: warning: "/*" within comment [-Wcomment]
  140 |         /* 控制 PB15 *
      |          
arm-none-eabi-gcc -o "Pin_Config_Test.elf" @"objects.list"   -mcpu=cortex-m4 -T"D:\Develop\FYP\STM32CubeIDEworkspace_1.13.0\Pin_Config_Test\STM32L476RGTX_FLASH.ld" --specs=nosys.specs -Wl,-Map="Pin_Config_Test.map" -Wl,--gc-sections -static --specs=nano.specs -mfpu=fpv4-sp-d16 -mfloat-abi=hard -mthumb -Wl,--start-group -lc -lm -Wl,--end-group
Finished building target: Pin_Config_Test.elf
 
arm-none-eabi-size  Pin_Config_Test.elf 
arm-none-eabi-objdump -h -S Pin_Config_Test.elf  > "Pin_Config_Test.list"
   text	   data	    bss	    dec	    hex	filename
  12904	     12	   1708	  14624	   3920	Pin_Config_Test.elf
Finished building: default.size.stdout
 
Finished building: Pin_Config_Test.list
 
16:31:47 **** Incremental Build of configuration Debug for project Pin_Config_Test ****
make -j12 all 
arm-none-eabi-size  Pin_Config_Test.elf 
   text	   data	    bss	    dec	    hex	filename
  12904	     12	   1708	  14624	   3920	Pin_Config_Test.elf
Finished building: default.size.stdout
 
16:34:20 **** Incremental Build of configuration Debug for project Pin_Config_Test ****
make -j12 all 
arm-none-eabi-gcc "../Core/Src/main.c" -mcpu=cortex-m4 -std=gnu11 -g3 -DDEBUG -DUSE_HAL_DRIVER -DSTM32L476xx -c -I../Core/Inc -I../Drivers/STM32L4xx_HAL_Driver/Inc -I../Drivers/STM32L4xx_HAL_Driver/Inc/Legacy -I../Drivers/CMSIS/Device/ST/STM32L4xx/Include -I../Drivers/CMSIS/Include -O0 -ffunction-sections -fdata-sections -Wall -fstack-usage -fcyclomatic-complexity -MMD -MP -MF"Core/Src/main.d" -MT"Core/Src/main.o" --specs=nano.specs -mfpu=fpv4-sp-d16 -mfloat-abi=hard -mthumb -o "Core/Src/main.o"
../Core/Src/main.c: In function 'main':
../Core/Src/main.c:100:9: warning: "/*" within comment [-Wcomment]
  100 |         /* 控制 PA12 *
      |          
../Core/Src/main.c:108:9: warning: "/*" within comment [-Wcomment]
  108 |         /* 控制 PA13 *
      |          
../Core/Src/main.c:116:9: warning: "/*" within comment [-Wcomment]
  116 |         /* 控制 PC6 */
      |          
../Core/Src/main.c:132:9: warning: "/*" within comment [-Wcomment]
  132 |         /* 控制 PB14 *
      |          
../Core/Src/main.c:140:9: warning: "/*" within comment [-Wcomment]
  140 |         /* 控制 PB15 */
      |          
arm-none-eabi-gcc -o "Pin_Config_Test.elf" @"objects.list"   -mcpu=cortex-m4 -T"D:\Develop\FYP\STM32CubeIDEworkspace_1.13.0\Pin_Config_Test\STM32L476RGTX_FLASH.ld" --specs=nosys.specs -Wl,-Map="Pin_Config_Test.map" -Wl,--gc-sections -static --specs=nano.specs -mfpu=fpv4-sp-d16 -mfloat-abi=hard -mthumb -Wl,--start-group -lc -lm -Wl,--end-group
Finished building target: Pin_Config_Test.elf
 
arm-none-eabi-size  Pin_Config_Test.elf 
arm-none-eabi-objdump -h -S Pin_Config_Test.elf  > "Pin_Config_Test.list"
   text	   data	    bss	    dec	    hex	filename
  13004	     12	   1708	  14724	   3984	Pin_Config_Test.elf
Finished building: default.size.stdout
 
Finished building: Pin_Config_Test.list
 
16:36:23 **** Incremental Build of configuration Debug for project Pin_Config_Test ****
make -j12 all 
arm-none-eabi-gcc "../Core/Src/main.c" -mcpu=cortex-m4 -std=gnu11 -g3 -DDEBUG -DUSE_HAL_DRIVER -DSTM32L476xx -c -I../Core/Inc -I../Drivers/STM32L4xx_HAL_Driver/Inc -I../Drivers/STM32L4xx_HAL_Driver/Inc/Legacy -I../Drivers/CMSIS/Device/ST/STM32L4xx/Include -I../Drivers/CMSIS/Include -O0 -ffunction-sections -fdata-sections -Wall -fstack-usage -fcyclomatic-complexity -MMD -MP -MF"Core/Src/main.d" -MT"Core/Src/main.o" --specs=nano.specs -mfpu=fpv4-sp-d16 -mfloat-abi=hard -mthumb -o "Core/Src/main.o"
../Core/Src/main.c: In function 'main':
../Core/Src/main.c:112:11: warning: "/*" within comment [-Wcomment]
  112 |           /* 控制 PA12 *
      |            
../Core/Src/main.c:120:11: warning: "/*" within comment [-Wcomment]
  120 |           /* 控制 PA13 *
      |            
../Core/Src/main.c:128:11: warning: "/*" within comment [-Wcomment]
  128 |           /* 控制 PC6 */
      |            
../Core/Src/main.c:144:11: warning: "/*" within comment [-Wcomment]
  144 |           /* 控制 PB14 *
      |            
../Core/Src/main.c:152:11: warning: "/*" within comment [-Wcomment]
  152 |           /* 控制 PB15 */
      |            
arm-none-eabi-gcc -o "Pin_Config_Test.elf" @"objects.list"   -mcpu=cortex-m4 -T"D:\Develop\FYP\STM32CubeIDEworkspace_1.13.0\Pin_Config_Test\STM32L476RGTX_FLASH.ld" --specs=nosys.specs -Wl,-Map="Pin_Config_Test.map" -Wl,--gc-sections -static --specs=nano.specs -mfpu=fpv4-sp-d16 -mfloat-abi=hard -mthumb -Wl,--start-group -lc -lm -Wl,--end-group
Finished building target: Pin_Config_Test.elf
 
arm-none-eabi-size  Pin_Config_Test.elf 
arm-none-eabi-objdump -h -S Pin_Config_Test.elf  > "Pin_Config_Test.list"
   text	   data	    bss	    dec	    hex	filename
  13004	     12	   1708	  14724	   3984	Pin_Config_Test.elf
Finished building: default.size.stdout
 
Finished building: Pin_Config_Test.list
 
16:36:54 **** Incremental Build of configuration Debug for project Pin_Config_Test ****
make -j12 all 
arm-none-eabi-gcc "../Core/Src/main.c" -mcpu=cortex-m4 -std=gnu11 -g3 -DDEBUG -DUSE_HAL_DRIVER -DSTM32L476xx -c -I../Core/Inc -I../Drivers/STM32L4xx_HAL_Driver/Inc -I../Drivers/STM32L4xx_HAL_Driver/Inc/Legacy -I../Drivers/CMSIS/Device/ST/STM32L4xx/Include -I../Drivers/CMSIS/Include -O0 -ffunction-sections -fdata-sections -Wall -fstack-usage -fcyclomatic-complexity -MMD -MP -MF"Core/Src/main.d" -MT"Core/Src/main.o" --specs=nano.specs -mfpu=fpv4-sp-d16 -mfloat-abi=hard -mthumb -o "Core/Src/main.o"
../Core/Src/main.c: In function 'main':
../Core/Src/main.c:120:19: warning: "/*" within comment [-Wcomment]
  120 |                   /* 控制 PA12 *
      |                    
../Core/Src/main.c:128:19: warning: "/*" within comment [-Wcomment]
  128 |                   /* 控制 PA13 *
      |                    
../Core/Src/main.c:136:19: warning: "/*" within comment [-Wcomment]
  136 |                   /* 控制 PC6 */
      |                    
../Core/Src/main.c:152:19: warning: "/*" within comment [-Wcomment]
  152 |                   /* 控制 PB14 *
      |                    
../Core/Src/main.c:160:19: warning: "/*" within comment [-Wcomment]
  160 |                   /* 控制 PB15 */
      |                    
arm-none-eabi-gcc -o "Pin_Config_Test.elf" @"objects.list"   -mcpu=cortex-m4 -T"D:\Develop\FYP\STM32CubeIDEworkspace_1.13.0\Pin_Config_Test\STM32L476RGTX_FLASH.ld" --specs=nosys.specs -Wl,-Map="Pin_Config_Test.map" -Wl,--gc-sections -static --specs=nano.specs -mfpu=fpv4-sp-d16 -mfloat-abi=hard -mthumb -Wl,--start-group -lc -lm -Wl,--end-group
Finished building target: Pin_Config_Test.elf
 
arm-none-eabi-size  Pin_Config_Test.elf 
arm-none-eabi-objdump -h -S Pin_Config_Test.elf  > "Pin_Config_Test.list"
   text	   data	    bss	    dec	    hex	filename
  13004	     12	   1708	  14724	   3984	Pin_Config_Test.elf
Finished building: default.size.stdout
 
Finished building: Pin_Config_Test.list
 
16:37:46 **** Incremental Build of configuration Debug for project Pin_Config_Test ****
make -j12 all 
arm-none-eabi-gcc "../Core/Src/main.c" -mcpu=cortex-m4 -std=gnu11 -g3 -DDEBUG -DUSE_HAL_DRIVER -DSTM32L476xx -c -I../Core/Inc -I../Drivers/STM32L4xx_HAL_Driver/Inc -I../Drivers/STM32L4xx_HAL_Driver/Inc/Legacy -I../Drivers/CMSIS/Device/ST/STM32L4xx/Include -I../Drivers/CMSIS/Include -O0 -ffunction-sections -fdata-sections -Wall -fstack-usage -fcyclomatic-complexity -MMD -MP -MF"Core/Src/main.d" -MT"Core/Src/main.o" --specs=nano.specs -mfpu=fpv4-sp-d16 -mfloat-abi=hard -mthumb -o "Core/Src/main.o"
arm-none-eabi-gcc -o "Pin_Config_Test.elf" @"objects.list"   -mcpu=cortex-m4 -T"D:\Develop\FYP\STM32CubeIDEworkspace_1.13.0\Pin_Config_Test\STM32L476RGTX_FLASH.ld" --specs=nosys.specs -Wl,-Map="Pin_Config_Test.map" -Wl,--gc-sections -static --specs=nano.specs -mfpu=fpv4-sp-d16 -mfloat-abi=hard -mthumb -Wl,--start-group -lc -lm -Wl,--end-group
Finished building target: Pin_Config_Test.elf
 
arm-none-eabi-size  Pin_Config_Test.elf 
arm-none-eabi-objdump -h -S Pin_Config_Test.elf  > "Pin_Config_Test.list"
   text	   data	    bss	    dec	    hex	filename
  13516	     12	   1708	  15236	   3b84	Pin_Config_Test.elf
Finished building: default.size.stdout
 
Finished building: Pin_Config_Test.list
 
09:17:50 **** Incremental Build of configuration Debug for project Pin_Config_Test ****
make -j12 all 
arm-none-eabi-size  Pin_Config_Test.elf 
   text	   data	    bss	    dec	    hex	filename
  13516	     12	   1708	  15236	   3b84	Pin_Config_Test.elf
Finished building: default.size.stdout
 
09:19:07 **** Incremental Build of configuration Debug for project Pin_Config_Test ****
make -j12 all 
arm-none-eabi-gcc "../Core/Src/main.c" -mcpu=cortex-m4 -std=gnu11 -g3 -DDEBUG -DUSE_HAL_DRIVER -DSTM32L476xx -c -I../Core/Inc -I../Drivers/STM32L4xx_HAL_Driver/Inc -I../Drivers/STM32L4xx_HAL_Driver/Inc/Legacy -I../Drivers/CMSIS/Device/ST/STM32L4xx/Include -I../Drivers/CMSIS/Include -O0 -ffunction-sections -fdata-sections -Wall -fstack-usage -fcyclomatic-complexity -MMD -MP -MF"Core/Src/main.d" -MT"Core/Src/main.o" --specs=nano.specs -mfpu=fpv4-sp-d16 -mfloat-abi=hard -mthumb -o "Core/Src/main.o"
arm-none-eabi-gcc -o "Pin_Config_Test.elf" @"objects.list"   -mcpu=cortex-m4 -T"D:\Develop\FYP\STM32CubeIDEworkspace_1.13.0\Pin_Config_Test\STM32L476RGTX_FLASH.ld" --specs=nosys.specs -Wl,-Map="Pin_Config_Test.map" -Wl,--gc-sections -static --specs=nano.specs -mfpu=fpv4-sp-d16 -mfloat-abi=hard -mthumb -Wl,--start-group -lc -lm -Wl,--end-group
Finished building target: Pin_Config_Test.elf
 
arm-none-eabi-size  Pin_Config_Test.elf 
arm-none-eabi-objdump -h -S Pin_Config_Test.elf  > "Pin_Config_Test.list"
   text	   data	    bss	    dec	    hex	filename
  13512	     12	   1708	  15232	   3b80	Pin_Config_Test.elf
Finished building: default.size.stdout
 
Finished building: Pin_Config_Test.list
 
09:19:43 **** Incremental Build of configuration Debug for project Pin_Config_Test ****
make -j12 all 
arm-none-eabi-gcc "../Core/Src/main.c" -mcpu=cortex-m4 -std=gnu11 -g3 -DDEBUG -DUSE_HAL_DRIVER -DSTM32L476xx -c -I../Core/Inc -I../Drivers/STM32L4xx_HAL_Driver/Inc -I../Drivers/STM32L4xx_HAL_Driver/Inc/Legacy -I../Drivers/CMSIS/Device/ST/STM32L4xx/Include -I../Drivers/CMSIS/Include -O0 -ffunction-sections -fdata-sections -Wall -fstack-usage -fcyclomatic-complexity -MMD -MP -MF"Core/Src/main.d" -MT"Core/Src/main.o" --specs=nano.specs -mfpu=fpv4-sp-d16 -mfloat-abi=hard -mthumb -o "Core/Src/main.o"
arm-none-eabi-gcc -o "Pin_Config_Test.elf" @"objects.list"   -mcpu=cortex-m4 -T"D:\Develop\FYP\STM32CubeIDEworkspace_1.13.0\Pin_Config_Test\STM32L476RGTX_FLASH.ld" --specs=nosys.specs -Wl,-Map="Pin_Config_Test.map" -Wl,--gc-sections -static --specs=nano.specs -mfpu=fpv4-sp-d16 -mfloat-abi=hard -mthumb -Wl,--start-group -lc -lm -Wl,--end-group
Finished building target: Pin_Config_Test.elf
 
arm-none-eabi-size  Pin_Config_Test.elf 
arm-none-eabi-objdump -h -S Pin_Config_Test.elf  > "Pin_Config_Test.list"
   text	   data	    bss	    dec	    hex	filename
  13516	     12	   1708	  15236	   3b84	Pin_Config_Test.elf
Finished building: default.size.stdout
 
Finished building: Pin_Config_Test.list
 
09:20:11 **** Incremental Build of configuration Debug for project Pin_Config_Test ****
make -j12 all 
arm-none-eabi-gcc "../Core/Src/main.c" -mcpu=cortex-m4 -std=gnu11 -g3 -DDEBUG -DUSE_HAL_DRIVER -DSTM32L476xx -c -I../Core/Inc -I../Drivers/STM32L4xx_HAL_Driver/Inc -I../Drivers/STM32L4xx_HAL_Driver/Inc/Legacy -I../Drivers/CMSIS/Device/ST/STM32L4xx/Include -I../Drivers/CMSIS/Include -O0 -ffunction-sections -fdata-sections -Wall -fstack-usage -fcyclomatic-complexity -MMD -MP -MF"Core/Src/main.d" -MT"Core/Src/main.o" --specs=nano.specs -mfpu=fpv4-sp-d16 -mfloat-abi=hard -mthumb -o "Core/Src/main.o"
arm-none-eabi-gcc -o "Pin_Config_Test.elf" @"objects.list"   -mcpu=cortex-m4 -T"D:\Develop\FYP\STM32CubeIDEworkspace_1.13.0\Pin_Config_Test\STM32L476RGTX_FLASH.ld" --specs=nosys.specs -Wl,-Map="Pin_Config_Test.map" -Wl,--gc-sections -static --specs=nano.specs -mfpu=fpv4-sp-d16 -mfloat-abi=hard -mthumb -Wl,--start-group -lc -lm -Wl,--end-group
Finished building target: Pin_Config_Test.elf
 
arm-none-eabi-size  Pin_Config_Test.elf 
arm-none-eabi-objdump -h -S Pin_Config_Test.elf  > "Pin_Config_Test.list"
   text	   data	    bss	    dec	    hex	filename
  13512	     12	   1708	  15232	   3b80	Pin_Config_Test.elf
Finished building: default.size.stdout
 
Finished building: Pin_Config_Test.list
 
09:25:33 **** Incremental Build of configuration Debug for project Pin_Config_Test ****
make -j12 all 
arm-none-eabi-gcc "../Core/Src/main.c" -mcpu=cortex-m4 -std=gnu11 -g3 -DDEBUG -DUSE_HAL_DRIVER -DSTM32L476xx -c -I../Core/Inc -I../Drivers/STM32L4xx_HAL_Driver/Inc -I../Drivers/STM32L4xx_HAL_Driver/Inc/Legacy -I../Drivers/CMSIS/Device/ST/STM32L4xx/Include -I../Drivers/CMSIS/Include -O0 -ffunction-sections -fdata-sections -Wall -fstack-usage -fcyclomatic-complexity -MMD -MP -MF"Core/Src/main.d" -MT"Core/Src/main.o" --specs=nano.specs -mfpu=fpv4-sp-d16 -mfloat-abi=hard -mthumb -o "Core/Src/main.o"
arm-none-eabi-gcc -o "Pin_Config_Test.elf" @"objects.list"   -mcpu=cortex-m4 -T"D:\Develop\FYP\STM32CubeIDEworkspace_1.13.0\Pin_Config_Test\STM32L476RGTX_FLASH.ld" --specs=nosys.specs -Wl,-Map="Pin_Config_Test.map" -Wl,--gc-sections -static --specs=nano.specs -mfpu=fpv4-sp-d16 -mfloat-abi=hard -mthumb -Wl,--start-group -lc -lm -Wl,--end-group
Finished building target: Pin_Config_Test.elf
 
arm-none-eabi-size  Pin_Config_Test.elf 
arm-none-eabi-objdump -h -S Pin_Config_Test.elf  > "Pin_Config_Test.list"
   text	   data	    bss	    dec	    hex	filename
  13516	     12	   1708	  15236	   3b84	Pin_Config_Test.elf
Finished building: default.size.stdout
 
Finished building: Pin_Config_Test.list
 
09:26:59 **** Incremental Build of configuration Debug for project Pin_Config_Test ****
make -j12 all 
arm-none-eabi-gcc "../Core/Src/main.c" -mcpu=cortex-m4 -std=gnu11 -g3 -DDEBUG -DUSE_HAL_DRIVER -DSTM32L476xx -c -I../Core/Inc -I../Drivers/STM32L4xx_HAL_Driver/Inc -I../Drivers/STM32L4xx_HAL_Driver/Inc/Legacy -I../Drivers/CMSIS/Device/ST/STM32L4xx/Include -I../Drivers/CMSIS/Include -O0 -ffunction-sections -fdata-sections -Wall -fstack-usage -fcyclomatic-complexity -MMD -MP -MF"Core/Src/main.d" -MT"Core/Src/main.o" --specs=nano.specs -mfpu=fpv4-sp-d16 -mfloat-abi=hard -mthumb -o "Core/Src/main.o"
arm-none-eabi-gcc -o "Pin_Config_Test.elf" @"objects.list"   -mcpu=cortex-m4 -T"D:\Develop\FYP\STM32CubeIDEworkspace_1.13.0\Pin_Config_Test\STM32L476RGTX_FLASH.ld" --specs=nosys.specs -Wl,-Map="Pin_Config_Test.map" -Wl,--gc-sections -static --specs=nano.specs -mfpu=fpv4-sp-d16 -mfloat-abi=hard -mthumb -Wl,--start-group -lc -lm -Wl,--end-group
Finished building target: Pin_Config_Test.elf
 
arm-none-eabi-size  Pin_Config_Test.elf 
arm-none-eabi-objdump -h -S Pin_Config_Test.elf  > "Pin_Config_Test.list"
   text	   data	    bss	    dec	    hex	filename
  13412	     12	   1708	  15132	   3b1c	Pin_Config_Test.elf
Finished building: default.size.stdout
 
Finished building: Pin_Config_Test.list
 
09:27:21 **** Incremental Build of configuration Debug for project MCP3008 ****
make -j12 all 
arm-none-eabi-gcc "../Core/Src/main.c" -mcpu=cortex-m4 -std=gnu11 -g3 -DDEBUG -DUSE_HAL_DRIVER -DSTM32L476xx -c -I../Core/Inc -I../Drivers/STM32L4xx_HAL_Driver/Inc -I../Drivers/STM32L4xx_HAL_Driver/Inc/Legacy -I../Drivers/CMSIS/Device/ST/STM32L4xx/Include -I../Drivers/CMSIS/Include -O0 -ffunction-sections -fdata-sections -Wall -fstack-usage -fcyclomatic-complexity -MMD -MP -MF"Core/Src/main.d" -MT"Core/Src/main.o" --specs=nano.specs -mfpu=fpv4-sp-d16 -mfloat-abi=hard -mthumb -o "Core/Src/main.o"
arm-none-eabi-gcc -o "MCP3008.elf" @"objects.list"   -mcpu=cortex-m4 -T"D:\Develop\FYP\STM32CubeIDEworkspace_1.13.0\MCP3008\STM32L476RGTX_FLASH.ld" --specs=nosys.specs -Wl,-Map="MCP3008.map" -Wl,--gc-sections -static --specs=nano.specs -mfpu=fpv4-sp-d16 -mfloat-abi=hard -mthumb -Wl,--start-group -lc -lm -Wl,--end-group
Finished building target: MCP3008.elf
 
arm-none-eabi-size  MCP3008.elf 
arm-none-eabi-objdump -h -S MCP3008.elf  > "MCP3008.list"
   text	   data	    bss	    dec	    hex	filename
  13036	     12	   1804	  14852	   3a04	MCP3008.elf
Finished building: default.size.stdout
 
Finished building: MCP3008.list
 
09:28:07 **** Incremental Build of configuration Debug for project MCP3008 ****
make -j12 all 
arm-none-eabi-size  MCP3008.elf 
   text	   data	    bss	    dec	    hex	filename
  13036	     12	   1804	  14852	   3a04	MCP3008.elf
Finished building: default.size.stdout
 
09:28:31 **** Incremental Build of configuration Debug for project MCP3008 ****
make -j12 all 
arm-none-eabi-size  MCP3008.elf 
   text	   data	    bss	    dec	    hex	filename
  13036	     12	   1804	  14852	   3a04	MCP3008.elf
Finished building: default.size.stdout
 
09:42:21 **** Incremental Build of configuration Debug for project MCP3008 ****
make -j12 all 
arm-none-eabi-gcc "../Core/Src/main.c" -mcpu=cortex-m4 -std=gnu11 -g3 -DDEBUG -DUSE_HAL_DRIVER -DSTM32L476xx -c -I../Core/Inc -I../Drivers/STM32L4xx_HAL_Driver/Inc -I../Drivers/STM32L4xx_HAL_Driver/Inc/Legacy -I../Drivers/CMSIS/Device/ST/STM32L4xx/Include -I../Drivers/CMSIS/Include -O0 -ffunction-sections -fdata-sections -Wall -fstack-usage -fcyclomatic-complexity -MMD -MP -MF"Core/Src/main.d" -MT"Core/Src/main.o" --specs=nano.specs -mfpu=fpv4-sp-d16 -mfloat-abi=hard -mthumb -o "Core/Src/main.o"
arm-none-eabi-gcc -o "MCP3008.elf" @"objects.list"   -mcpu=cortex-m4 -T"D:\Develop\FYP\STM32CubeIDEworkspace_1.13.0\MCP3008\STM32L476RGTX_FLASH.ld" --specs=nosys.specs -Wl,-Map="MCP3008.map" -Wl,--gc-sections -static --specs=nano.specs -mfpu=fpv4-sp-d16 -mfloat-abi=hard -mthumb -Wl,--start-group -lc -lm -Wl,--end-group
Finished building target: MCP3008.elf
 
arm-none-eabi-size  MCP3008.elf 
arm-none-eabi-objdump -h -S MCP3008.elf  > "MCP3008.list"
   text	   data	    bss	    dec	    hex	filename
  19992	    104	   2160	  22256	   56f0	MCP3008.elf
Finished building: default.size.stdout
 
Finished building: MCP3008.list
 
09:43:37 **** Incremental Build of configuration Debug for project MCP3008 ****
make -j12 all 
arm-none-eabi-gcc "../Core/Src/main.c" -mcpu=cortex-m4 -std=gnu11 -g3 -DDEBUG -DUSE_HAL_DRIVER -DSTM32L476xx -c -I../Core/Inc -I../Drivers/STM32L4xx_HAL_Driver/Inc -I../Drivers/STM32L4xx_HAL_Driver/Inc/Legacy -I../Drivers/CMSIS/Device/ST/STM32L4xx/Include -I../Drivers/CMSIS/Include -O0 -ffunction-sections -fdata-sections -Wall -fstack-usage -fcyclomatic-complexity -MMD -MP -MF"Core/Src/main.d" -MT"Core/Src/main.o" --specs=nano.specs -mfpu=fpv4-sp-d16 -mfloat-abi=hard -mthumb -o "Core/Src/main.o"
arm-none-eabi-gcc -o "MCP3008.elf" @"objects.list"   -mcpu=cortex-m4 -T"D:\Develop\FYP\STM32CubeIDEworkspace_1.13.0\MCP3008\STM32L476RGTX_FLASH.ld" --specs=nosys.specs -Wl,-Map="MCP3008.map" -Wl,--gc-sections -static --specs=nano.specs -mfpu=fpv4-sp-d16 -mfloat-abi=hard -mthumb -Wl,--start-group -lc -lm -Wl,--end-group
Finished building target: MCP3008.elf
 
arm-none-eabi-size  MCP3008.elf 
arm-none-eabi-objdump -h -S MCP3008.elf  > "MCP3008.list"
   text	   data	    bss	    dec	    hex	filename
  19992	    104	   2160	  22256	   56f0	MCP3008.elf
Finished building: default.size.stdout
 
Finished building: MCP3008.list
 
09:55:28 **** Incremental Build of configuration Debug for project MCP3008 ****
make -j12 all 
arm-none-eabi-gcc "../Core/Src/main.c" -mcpu=cortex-m4 -std=gnu11 -g3 -DDEBUG -DUSE_HAL_DRIVER -DSTM32L476xx -c -I../Core/Inc -I../Drivers/STM32L4xx_HAL_Driver/Inc -I../Drivers/STM32L4xx_HAL_Driver/Inc/Legacy -I../Drivers/CMSIS/Device/ST/STM32L4xx/Include -I../Drivers/CMSIS/Include -O0 -ffunction-sections -fdata-sections -Wall -fstack-usage -fcyclomatic-complexity -MMD -MP -MF"Core/Src/main.d" -MT"Core/Src/main.o" --specs=nano.specs -mfpu=fpv4-sp-d16 -mfloat-abi=hard -mthumb -o "Core/Src/main.o"
../Core/Src/main.c: In function 'u':
../Core/Src/main.c:86:61: error: 'GPIO_PIN_HIGH' undeclared (first use in this function); did you mean 'GPIO_PIN_SET'?
   86 |         HAL_GPIO_WritePin(MCP3008_CS_PORT, MCP3008_CS1_PIN, GPIO_PIN_HIGH);
      |                                                             ^~~~~~~~~~~~~
      |                                                             GPIO_PIN_SET
../Core/Src/main.c:86:61: note: each undeclared identifier is reported only once for each function it appears in
../Core/Src/main.c: In function 'main':
../Core/Src/main.c:151:10: warning: implicit declaration of function 'SPI_TransmitReceive'; did you mean 'HAL_SPI_TransmitReceive'? [-Wimplicit-function-declaration]
  151 |          SPI_TransmitReceive(1, 0);
      |          ^~~~~~~~~~~~~~~~~~~
      |          HAL_SPI_TransmitReceive
make: *** [Core/Src/subdir.mk:34: Core/Src/main.o] Error 1
"make -j12 all" terminated with exit code 2. Build might be incomplete.
09:55:38 **** Incremental Build of configuration Debug for project MCP3008 ****
make -j12 all 
arm-none-eabi-gcc "../Core/Src/main.c" -mcpu=cortex-m4 -std=gnu11 -g3 -DDEBUG -DUSE_HAL_DRIVER -DSTM32L476xx -c -I../Core/Inc -I../Drivers/STM32L4xx_HAL_Driver/Inc -I../Drivers/STM32L4xx_HAL_Driver/Inc/Legacy -I../Drivers/CMSIS/Device/ST/STM32L4xx/Include -I../Drivers/CMSIS/Include -O0 -ffunction-sections -fdata-sections -Wall -fstack-usage -fcyclomatic-complexity -MMD -MP -MF"Core/Src/main.d" -MT"Core/Src/main.o" --specs=nano.specs -mfpu=fpv4-sp-d16 -mfloat-abi=hard -mthumb -o "Core/Src/main.o"
../Core/Src/main.c: In function 'u':
../Core/Src/main.c:86:61: error: 'GPIO_PIN_HIGH' undeclared (first use in this function); did you mean 'GPIO_PIN_SET'?
   86 |         HAL_GPIO_WritePin(MCP3008_CS_PORT, MCP3008_CS1_PIN, GPIO_PIN_HIGH);
      |                                                             ^~~~~~~~~~~~~
      |                                                             GPIO_PIN_SET
../Core/Src/main.c:86:61: note: each undeclared identifier is reported only once for each function it appears in
../Core/Src/main.c: In function 'main':
../Core/Src/main.c:151:10: warning: implicit declaration of function 'SPI_TransmitReceive'; did you mean 'HAL_SPI_TransmitReceive'? [-Wimplicit-function-declaration]
  151 |          SPI_TransmitReceive(1, 0);
      |          ^~~~~~~~~~~~~~~~~~~
      |          HAL_SPI_TransmitReceive
make: *** [Core/Src/subdir.mk:34: Core/Src/main.o] Error 1
"make -j12 all" terminated with exit code 2. Build might be incomplete.
09:55:58 **** Incremental Build of configuration Debug for project MCP3008 ****
make -j12 all 
arm-none-eabi-gcc "../Core/Src/main.c" -mcpu=cortex-m4 -std=gnu11 -g3 -DDEBUG -DUSE_HAL_DRIVER -DSTM32L476xx -c -I../Core/Inc -I../Drivers/STM32L4xx_HAL_Driver/Inc -I../Drivers/STM32L4xx_HAL_Driver/Inc/Legacy -I../Drivers/CMSIS/Device/ST/STM32L4xx/Include -I../Drivers/CMSIS/Include -O0 -ffunction-sections -fdata-sections -Wall -fstack-usage -fcyclomatic-complexity -MMD -MP -MF"Core/Src/main.d" -MT"Core/Src/main.o" --specs=nano.specs -mfpu=fpv4-sp-d16 -mfloat-abi=hard -mthumb -o "Core/Src/main.o"
../Core/Src/main.c: In function 'main':
../Core/Src/main.c:151:10: warning: implicit declaration of function 'SPI_TransmitReceive'; did you mean 'HAL_SPI_TransmitReceive'? [-Wimplicit-function-declaration]
  151 |          SPI_TransmitReceive(1, 0);
      |          ^~~~~~~~~~~~~~~~~~~
      |          HAL_SPI_TransmitReceive
arm-none-eabi-gcc -o "MCP3008.elf" @"objects.list"   -mcpu=cortex-m4 -T"D:\Develop\FYP\STM32CubeIDEworkspace_1.13.0\MCP3008\STM32L476RGTX_FLASH.ld" --specs=nosys.specs -Wl,-Map="MCP3008.map" -Wl,--gc-sections -static --specs=nano.specs -mfpu=fpv4-sp-d16 -mfloat-abi=hard -mthumb -Wl,--start-group -lc -lm -Wl,--end-group
D:/STM32CubeIDE_1.13.0/STM32CubeIDE/plugins/com.st.stm32cube.ide.mcu.externaltools.gnu-tools-for-stm32.12.3.rel1.win32_1.0.100.202403111256/tools/bin/../lib/gcc/arm-none-eabi/12.3.1/../../../../arm-none-eabi/bin/ld.exe: ./Core/Src/main.o: in function `main':
D:/Develop/FYP/STM32CubeIDEworkspace_1.13.0/MCP3008/Debug/../Core/Src/main.c:151: undefined reference to `SPI_TransmitReceive'
collect2.exe: error: ld returned 1 exit status
make: *** [makefile:64: MCP3008.elf] Error 1
"make -j12 all" terminated with exit code 2. Build might be incomplete.
09:56:03 **** Incremental Build of configuration Debug for project MCP3008 ****
make -j12 all 
arm-none-eabi-gcc -o "MCP3008.elf" @"objects.list"   -mcpu=cortex-m4 -T"D:\Develop\FYP\STM32CubeIDEworkspace_1.13.0\MCP3008\STM32L476RGTX_FLASH.ld" --specs=nosys.specs -Wl,-Map="MCP3008.map" -Wl,--gc-sections -static --specs=nano.specs -mfpu=fpv4-sp-d16 -mfloat-abi=hard -mthumb -Wl,--start-group -lc -lm -Wl,--end-group
D:/STM32CubeIDE_1.13.0/STM32CubeIDE/plugins/com.st.stm32cube.ide.mcu.externaltools.gnu-tools-for-stm32.12.3.rel1.win32_1.0.100.202403111256/tools/bin/../lib/gcc/arm-none-eabi/12.3.1/../../../../arm-none-eabi/bin/ld.exe: ./Core/Src/main.o: in function `main':
D:/Develop/FYP/STM32CubeIDEworkspace_1.13.0/MCP3008/Debug/../Core/Src/main.c:151: undefined reference to `SPI_TransmitReceive'
collect2.exe: error: ld returned 1 exit status
make: *** [makefile:64: MCP3008.elf] Error 1
"make -j12 all" terminated with exit code 2. Build might be incomplete.
09:56:40 **** Incremental Build of configuration Debug for project MCP3008 ****
make -j12 all 
arm-none-eabi-gcc "../Core/Src/main.c" -mcpu=cortex-m4 -std=gnu11 -g3 -DDEBUG -DUSE_HAL_DRIVER -DSTM32L476xx -c -I../Core/Inc -I../Drivers/STM32L4xx_HAL_Driver/Inc -I../Drivers/STM32L4xx_HAL_Driver/Inc/Legacy -I../Drivers/CMSIS/Device/ST/STM32L4xx/Include -I../Drivers/CMSIS/Include -O0 -ffunction-sections -fdata-sections -Wall -fstack-usage -fcyclomatic-complexity -MMD -MP -MF"Core/Src/main.d" -MT"Core/Src/main.o" --specs=nano.specs -mfpu=fpv4-sp-d16 -mfloat-abi=hard -mthumb -o "Core/Src/main.o"
arm-none-eabi-gcc -o "MCP3008.elf" @"objects.list"   -mcpu=cortex-m4 -T"D:\Develop\FYP\STM32CubeIDEworkspace_1.13.0\MCP3008\STM32L476RGTX_FLASH.ld" --specs=nosys.specs -Wl,-Map="MCP3008.map" -Wl,--gc-sections -static --specs=nano.specs -mfpu=fpv4-sp-d16 -mfloat-abi=hard -mthumb -Wl,--start-group -lc -lm -Wl,--end-group
Finished building target: MCP3008.elf
 
arm-none-eabi-size  MCP3008.elf 
arm-none-eabi-objdump -h -S MCP3008.elf  > "MCP3008.list"
   text	   data	    bss	    dec	    hex	filename
  19980	    104	   2160	  22244	   56e4	MCP3008.elf
Finished building: default.size.stdout
 
Finished building: MCP3008.list
 
10:01:20 **** Incremental Build of configuration Debug for project MCP3008 ****
make -j12 all 
arm-none-eabi-gcc "../Core/Src/main.c" -mcpu=cortex-m4 -std=gnu11 -g3 -DDEBUG -DUSE_HAL_DRIVER -DSTM32L476xx -c -I../Core/Inc -I../Drivers/STM32L4xx_HAL_Driver/Inc -I../Drivers/STM32L4xx_HAL_Driver/Inc/Legacy -I../Drivers/CMSIS/Device/ST/STM32L4xx/Include -I../Drivers/CMSIS/Include -O0 -ffunction-sections -fdata-sections -Wall -fstack-usage -fcyclomatic-complexity -MMD -MP -MF"Core/Src/main.d" -MT"Core/Src/main.o" --specs=nano.specs -mfpu=fpv4-sp-d16 -mfloat-abi=hard -mthumb -o "Core/Src/main.o"
arm-none-eabi-gcc -o "MCP3008.elf" @"objects.list"   -mcpu=cortex-m4 -T"D:\Develop\FYP\STM32CubeIDEworkspace_1.13.0\MCP3008\STM32L476RGTX_FLASH.ld" --specs=nosys.specs -Wl,-Map="MCP3008.map" -Wl,--gc-sections -static --specs=nano.specs -mfpu=fpv4-sp-d16 -mfloat-abi=hard -mthumb -Wl,--start-group -lc -lm -Wl,--end-group
Finished building target: MCP3008.elf
 
arm-none-eabi-size  MCP3008.elf 
arm-none-eabi-objdump -h -S MCP3008.elf  > "MCP3008.list"
   text	   data	    bss	    dec	    hex	filename
  19980	    104	   2160	  22244	   56e4	MCP3008.elf
Finished building: default.size.stdout
 
Finished building: MCP3008.list
 
10:21:20 **** Incremental Build of configuration Debug for project MCP3008 ****
make -j12 all 
arm-none-eabi-gcc "../Core/Src/main.c" -mcpu=cortex-m4 -std=gnu11 -g3 -DDEBUG -DUSE_HAL_DRIVER -DSTM32L476xx -c -I../Core/Inc -I../Drivers/STM32L4xx_HAL_Driver/Inc -I../Drivers/STM32L4xx_HAL_Driver/Inc/Legacy -I../Drivers/CMSIS/Device/ST/STM32L4xx/Include -I../Drivers/CMSIS/Include -O0 -ffunction-sections -fdata-sections -Wall -fstack-usage -fcyclomatic-complexity -MMD -MP -MF"Core/Src/main.d" -MT"Core/Src/main.o" --specs=nano.specs -mfpu=fpv4-sp-d16 -mfloat-abi=hard -mthumb -o "Core/Src/main.o"
arm-none-eabi-gcc "../Core/Src/stm32l4xx_hal_msp.c" -mcpu=cortex-m4 -std=gnu11 -g3 -DDEBUG -DUSE_HAL_DRIVER -DSTM32L476xx -c -I../Core/Inc -I../Drivers/STM32L4xx_HAL_Driver/Inc -I../Drivers/STM32L4xx_HAL_Driver/Inc/Legacy -I../Drivers/CMSIS/Device/ST/STM32L4xx/Include -I../Drivers/CMSIS/Include -O0 -ffunction-sections -fdata-sections -Wall -fstack-usage -fcyclomatic-complexity -MMD -MP -MF"Core/Src/stm32l4xx_hal_msp.d" -MT"Core/Src/stm32l4xx_hal_msp.o" --specs=nano.specs -mfpu=fpv4-sp-d16 -mfloat-abi=hard -mthumb -o "Core/Src/stm32l4xx_hal_msp.o"
arm-none-eabi-gcc -o "MCP3008.elf" @"objects.list"   -mcpu=cortex-m4 -T"D:\Develop\FYP\STM32CubeIDEworkspace_1.13.0\MCP3008\STM32L476RGTX_FLASH.ld" --specs=nosys.specs -Wl,-Map="MCP3008.map" -Wl,--gc-sections -static --specs=nano.specs -mfpu=fpv4-sp-d16 -mfloat-abi=hard -mthumb -Wl,--start-group -lc -lm -Wl,--end-group
Finished building target: MCP3008.elf
 
arm-none-eabi-size  MCP3008.elf 
arm-none-eabi-objdump -h -S MCP3008.elf  > "MCP3008.list"
   text	   data	    bss	    dec	    hex	filename
  15664	    104	   2144	  17912	   45f8	MCP3008.elf
Finished building: default.size.stdout
 
Finished building: MCP3008.list
 
10:25:22 **** Build of configuration Debug for project 74HC595_RTOS ****
make -j12 all 
arm-none-eabi-size  74HC595_RTOS.elf 
   text	   data	    bss	    dec	    hex	filename
  23656	     36	   8116	  31808	   7c40	74HC595_RTOS.elf
Finished building: default.size.stdout
 
10:25:23 **** Clean-only build of configuration Debug for project 74HC595_Test_2 ****
make -j12 clean 
[...]
arm-none-eabi-gcc "../Drivers/STM32L4xx_HAL_Driver/Src/stm32l4xx_hal_dma_ex.c" -mcpu=cortex-m4 -std=gnu11 -g3 -DDEBUG -DUSE_HAL_DRIVER -DSTM32L476xx -c -I../Core/Inc -I../Drivers/STM32L4xx_HAL_Driver/Inc -I../Drivers/STM32L4xx_HAL_Driver/Inc/Legacy -I../Drivers/CMSIS/Device/ST/STM32L4xx/Include -I../Drivers/CMSIS/Include -O0 -ffunction-sections -fdata-sections -Wall -fstack-usage -fcyclomatic-complexity -MMD -MP -MF"Drivers/STM32L4xx_HAL_Driver/Src/stm32l4xx_hal_dma_ex.d" -MT"Drivers/STM32L4xx_HAL_Driver/Src/stm32l4xx_hal_dma_ex.o" --specs=nano.specs -mfpu=fpv4-sp-d16 -mfloat-abi=hard -mthumb -o "Drivers/STM32L4xx_HAL_Driver/Src/stm32l4xx_hal_dma_ex.o"
arm-none-eabi-gcc "../Drivers/STM32L4xx_HAL_Driver/Src/stm32l4xx_hal_exti.c" -mcpu=cortex-m4 -std=gnu11 -g3 -DDEBUG -DUSE_HAL_DRIVER -DSTM32L476xx -c -I../Core/Inc -I../Drivers/STM32L4xx_HAL_Driver/Inc -I../Drivers/STM32L4xx_HAL_Driver/Inc/Legacy -I../Drivers/CMSIS/Device/ST/STM32L4xx/Include -I../Drivers/CMSIS/Include -O0 -ffunction-sections -fdata-sections -Wall -fstack-usage -fcyclomatic-complexity -MMD -MP -MF"Drivers/STM32L4xx_HAL_Driver/Src/stm32l4xx_hal_exti.d" -MT"Drivers/STM32L4xx_HAL_Driver/Src/stm32l4xx_hal_exti.o" --specs=nano.specs -mfpu=fpv4-sp-d16 -mfloat-abi=hard -mthumb -o "Drivers/STM32L4xx_HAL_Driver/Src/stm32l4xx_hal_exti.o"
arm-none-eabi-gcc "../Drivers/STM32L4xx_HAL_Driver/Src/stm32l4xx_hal_flash.c" -mcpu=cortex-m4 -std=gnu11 -g3 -DDEBUG -DUSE_HAL_DRIVER -DSTM32L476xx -c -I../Core/Inc -I../Drivers/STM32L4xx_HAL_Driver/Inc -I../Drivers/STM32L4xx_HAL_Driver/Inc/Legacy -I../Drivers/CMSIS/Device/ST/STM32L4xx/Include -I../Drivers/CMSIS/Include -O0 -ffunction-sections -fdata-sections -Wall -fstack-usage -fcyclomatic-complexity -MMD -MP -MF"Drivers/STM32L4xx_HAL_Driver/Src/stm32l4xx_hal_flash.d" -MT"Drivers/STM32L4xx_HAL_Driver/Src/stm32l4xx_hal_flash.o" --specs=nano.specs -mfpu=fpv4-sp-d16 -mfloat-abi=hard -mthumb -o "Drivers/STM32L4xx_HAL_Driver/Src/stm32l4xx_hal_flash.o"
arm-none-eabi-gcc "../Drivers/STM32L4xx_HAL_Driver/Src/stm32l4xx_hal_flash_ex.c" -mcpu=cortex-m4 -std=gnu11 -g3 -DDEBUG -DUSE_HAL_DRIVER -DSTM32L476xx -c -I../Core/Inc -I../Drivers/STM32L4xx_HAL_Driver/Inc -I../Drivers/STM32L4xx_HAL_Driver/Inc/Legacy -I../Drivers/CMSIS/Device/ST/STM32L4xx/Include -I../Drivers/CMSIS/Include -O0 -ffunction-sections -fdata-sections -Wall -fstack-usage -fcyclomatic-complexity -MMD -MP -MF"Drivers/STM32L4xx_HAL_Driver/Src/stm32l4xx_hal_flash_ex.d" -MT"Drivers/STM32L4xx_HAL_Driver/Src/stm32l4xx_hal_flash_ex.o" --specs=nano.specs -mfpu=fpv4-sp-d16 -mfloat-abi=hard -mthumb -o "Drivers/STM32L4xx_HAL_Driver/Src/stm32l4xx_hal_flash_ex.o"
arm-none-eabi-gcc "../Drivers/STM32L4xx_HAL_Driver/Src/stm32l4xx_hal_flash_ramfunc.c" -mcpu=cortex-m4 -std=gnu11 -g3 -DDEBUG -DUSE_HAL_DRIVER -DSTM32L476xx -c -I../Core/Inc -I../Drivers/STM32L4xx_HAL_Driver/Inc -I../Drivers/STM32L4xx_HAL_Driver/Inc/Legacy -I../Drivers/CMSIS/Device/ST/STM32L4xx/Include -I../Drivers/CMSIS/Include -O0 -ffunction-sections -fdata-sections -Wall -fstack-usage -fcyclomatic-complexity -MMD -MP -MF"Drivers/STM32L4xx_HAL_Driver/Src/stm32l4xx_hal_flash_ramfunc.d" -MT"Drivers/STM32L4xx_HAL_Driver/Src/stm32l4xx_hal_flash_ramfunc.o" --specs=nano.specs -mfpu=fpv4-sp-d16 -mfloat-abi=hard -mthumb -o "Drivers/STM32L4xx_HAL_Driver/Src/stm32l4xx_hal_flash_ramfunc.o"
arm-none-eabi-gcc "../Drivers/STM32L4xx_HAL_Driver/Src/stm32l4xx_hal_gpio.c" -mcpu=cortex-m4 -std=gnu11 -g3 -DDEBUG -DUSE_HAL_DRIVER -DSTM32L476xx -c -I../Core/Inc -I../Drivers/STM32L4xx_HAL_Driver/Inc -I../Drivers/STM32L4xx_HAL_Driver/Inc/Legacy -I../Drivers/CMSIS/Device/ST/STM32L4xx/Include -I../Drivers/CMSIS/Include -O0 -ffunction-sections -fdata-sections -Wall -fstack-usage -fcyclomatic-complexity -MMD -MP -MF"Drivers/STM32L4xx_HAL_Driver/Src/stm32l4xx_hal_gpio.d" -MT"Drivers/STM32L4xx_HAL_Driver/Src/stm32l4xx_hal_gpio.o" --specs=nano.specs -mfpu=fpv4-sp-d16 -mfloat-abi=hard -mthumb -o "Drivers/STM32L4xx_HAL_Driver/Src/stm32l4xx_hal_gpio.o"
arm-none-eabi-gcc "../Drivers/STM32L4xx_HAL_Driver/Src/stm32l4xx_hal_i2c.c" -mcpu=cortex-m4 -std=gnu11 -g3 -DDEBUG -DUSE_HAL_DRIVER -DSTM32L476xx -c -I../Core/Inc -I../Drivers/STM32L4xx_HAL_Driver/Inc -I../Drivers/STM32L4xx_HAL_Driver/Inc/Legacy -I../Drivers/CMSIS/Device/ST/STM32L4xx/Include -I../Drivers/CMSIS/Include -O0 -ffunction-sections -fdata-sections -Wall -fstack-usage -fcyclomatic-complexity -MMD -MP -MF"Drivers/STM32L4xx_HAL_Driver/Src/stm32l4xx_hal_i2c.d" -MT"Drivers/STM32L4xx_HAL_Driver/Src/stm32l4xx_hal_i2c.o" --specs=nano.specs -mfpu=fpv4-sp-d16 -mfloat-abi=hard -mthumb -o "Drivers/STM32L4xx_HAL_Driver/Src/stm32l4xx_hal_i2c.o"
arm-none-eabi-gcc "../Drivers/STM32L4xx_HAL_Driver/Src/stm32l4xx_hal_i2c_ex.c" -mcpu=cortex-m4 -std=gnu11 -g3 -DDEBUG -DUSE_HAL_DRIVER -DSTM32L476xx -c -I../Core/Inc -I../Drivers/STM32L4xx_HAL_Driver/Inc -I../Drivers/STM32L4xx_HAL_Driver/Inc/Legacy -I../Drivers/CMSIS/Device/ST/STM32L4xx/Include -I../Drivers/CMSIS/Include -O0 -ffunction-sections -fdata-sections -Wall -fstack-usage -fcyclomatic-complexity -MMD -MP -MF"Drivers/STM32L4xx_HAL_Driver/Src/stm32l4xx_hal_i2c_ex.d" -MT"Drivers/STM32L4xx_HAL_Driver/Src/stm32l4xx_hal_i2c_ex.o" --specs=nano.specs -mfpu=fpv4-sp-d16 -mfloat-abi=hard -mthumb -o "Drivers/STM32L4xx_HAL_Driver/Src/stm32l4xx_hal_i2c_ex.o"
arm-none-eabi-gcc "../Drivers/STM32L4xx_HAL_Driver/Src/stm32l4xx_hal_pwr.c" -mcpu=cortex-m4 -std=gnu11 -g3 -DDEBUG -DUSE_HAL_DRIVER -DSTM32L476xx -c -I../Core/Inc -I../Drivers/STM32L4xx_HAL_Driver/Inc -I../Drivers/STM32L4xx_HAL_Driver/Inc/Legacy -I../Drivers/CMSIS/Device/ST/STM32L4xx/Include -I../Drivers/CMSIS/Include -O0 -ffunction-sections -fdata-sections -Wall -fstack-usage -fcyclomatic-complexity -MMD -MP -MF"Drivers/STM32L4xx_HAL_Driver/Src/stm32l4xx_hal_pwr.d" -MT"Drivers/STM32L4xx_HAL_Driver/Src/stm32l4xx_hal_pwr.o" --specs=nano.specs -mfpu=fpv4-sp-d16 -mfloat-abi=hard -mthumb -o "Drivers/STM32L4xx_HAL_Driver/Src/stm32l4xx_hal_pwr.o"
arm-none-eabi-gcc "../Drivers/STM32L4xx_HAL_Driver/Src/stm32l4xx_hal_pwr_ex.c" -mcpu=cortex-m4 -std=gnu11 -g3 -DDEBUG -DUSE_HAL_DRIVER -DSTM32L476xx -c -I../Core/Inc -I../Drivers/STM32L4xx_HAL_Driver/Inc -I../Drivers/STM32L4xx_HAL_Driver/Inc/Legacy -I../Drivers/CMSIS/Device/ST/STM32L4xx/Include -I../Drivers/CMSIS/Include -O0 -ffunction-sections -fdata-sections -Wall -fstack-usage -fcyclomatic-complexity -MMD -MP -MF"Drivers/STM32L4xx_HAL_Driver/Src/stm32l4xx_hal_pwr_ex.d" -MT"Drivers/STM32L4xx_HAL_Driver/Src/stm32l4xx_hal_pwr_ex.o" --specs=nano.specs -mfpu=fpv4-sp-d16 -mfloat-abi=hard -mthumb -o "Drivers/STM32L4xx_HAL_Driver/Src/stm32l4xx_hal_pwr_ex.o"
arm-none-eabi-gcc "../Drivers/STM32L4xx_HAL_Driver/Src/stm32l4xx_hal_rcc.c" -mcpu=cortex-m4 -std=gnu11 -g3 -DDEBUG -DUSE_HAL_DRIVER -DSTM32L476xx -c -I../Core/Inc -I../Drivers/STM32L4xx_HAL_Driver/Inc -I../Drivers/STM32L4xx_HAL_Driver/Inc/Legacy -I../Drivers/CMSIS/Device/ST/STM32L4xx/Include -I../Drivers/CMSIS/Include -O0 -ffunction-sections -fdata-sections -Wall -fstack-usage -fcyclomatic-complexity -MMD -MP -MF"Drivers/STM32L4xx_HAL_Driver/Src/stm32l4xx_hal_rcc.d" -MT"Drivers/STM32L4xx_HAL_Driver/Src/stm32l4xx_hal_rcc.o" --specs=nano.specs -mfpu=fpv4-sp-d16 -mfloat-abi=hard -mthumb -o "Drivers/STM32L4xx_HAL_Driver/Src/stm32l4xx_hal_rcc.o"
arm-none-eabi-gcc "../Drivers/STM32L4xx_HAL_Driver/Src/stm32l4xx_hal_rcc_ex.c" -mcpu=cortex-m4 -std=gnu11 -g3 -DDEBUG -DUSE_HAL_DRIVER -DSTM32L476xx -c -I../Core/Inc -I../Drivers/STM32L4xx_HAL_Driver/Inc -I../Drivers/STM32L4xx_HAL_Driver/Inc/Legacy -I../Drivers/CMSIS/Device/ST/STM32L4xx/Include -I../Drivers/CMSIS/Include -O0 -ffunction-sections -fdata-sections -Wall -fstack-usage -fcyclomatic-complexity -MMD -MP -MF"Drivers/STM32L4xx_HAL_Driver/Src/stm32l4xx_hal_rcc_ex.d" -MT"Drivers/STM32L4xx_HAL_Driver/Src/stm32l4xx_hal_rcc_ex.o" --specs=nano.specs -mfpu=fpv4-sp-d16 -mfloat-abi=hard -mthumb -o "Drivers/STM32L4xx_HAL_Driver/Src/stm32l4xx_hal_rcc_ex.o"
arm-none-eabi-gcc "../Drivers/STM32L4xx_HAL_Driver/Src/stm32l4xx_hal_spi.c" -mcpu=cortex-m4 -std=gnu11 -g3 -DDEBUG -DUSE_HAL_DRIVER -DSTM32L476xx -c -I../Core/Inc -I../Drivers/STM32L4xx_HAL_Driver/Inc -I../Drivers/STM32L4xx_HAL_Driver/Inc/Legacy -I../Drivers/CMSIS/Device/ST/STM32L4xx/Include -I../Drivers/CMSIS/Include -O0 -ffunction-sections -fdata-sections -Wall -fstack-usage -fcyclomatic-complexity -MMD -MP -MF"Drivers/STM32L4xx_HAL_Driver/Src/stm32l4xx_hal_spi.d" -MT"Drivers/STM32L4xx_HAL_Driver/Src/stm32l4xx_hal_spi.o" --specs=nano.specs -mfpu=fpv4-sp-d16 -mfloat-abi=hard -mthumb -o "Drivers/STM32L4xx_HAL_Driver/Src/stm32l4xx_hal_spi.o"
arm-none-eabi-gcc "../Drivers/STM32L4xx_HAL_Driver/Src/stm32l4xx_hal_spi_ex.c" -mcpu=cortex-m4 -std=gnu11 -g3 -DDEBUG -DUSE_HAL_DRIVER -DSTM32L476xx -c -I../Core/Inc -I../Drivers/STM32L4xx_HAL_Driver/Inc -I../Drivers/STM32L4xx_HAL_Driver/Inc/Legacy -I../Drivers/CMSIS/Device/ST/STM32L4xx/Include -I../Drivers/CMSIS/Include -O0 -ffunction-sections -fdata-sections -Wall -fstack-usage -fcyclomatic-complexity -MMD -MP -MF"Drivers/STM32L4xx_HAL_Driver/Src/stm32l4xx_hal_spi_ex.d" -MT"Drivers/STM32L4xx_HAL_Driver/Src/stm32l4xx_hal_spi_ex.o" --specs=nano.specs -mfpu=fpv4-sp-d16 -mfloat-abi=hard -mthumb -o "Drivers/STM32L4xx_HAL_Driver/Src/stm32l4xx_hal_spi_ex.o"
arm-none-eabi-gcc "../Drivers/STM32L4xx_HAL_Driver/Src/stm32l4xx_hal_tim.c" -mcpu=cortex-m4 -std=gnu11 -g3 -DDEBUG -DUSE_HAL_DRIVER -DSTM32L476xx -c -I../Core/Inc -I../Drivers/STM32L4xx_HAL_Driver/Inc -I../Drivers/STM32L4xx_HAL_Driver/Inc/Legacy -I../Drivers/CMSIS/Device/ST/STM32L4xx/Include -I../Drivers/CMSIS/Include -O0 -ffunction-sections -fdata-sections -Wall -fstack-usage -fcyclomatic-complexity -MMD -MP -MF"Drivers/STM32L4xx_HAL_Driver/Src/stm32l4xx_hal_tim.d" -MT"Drivers/STM32L4xx_HAL_Driver/Src/stm32l4xx_hal_tim.o" --specs=nano.specs -mfpu=fpv4-sp-d16 -mfloat-abi=hard -mthumb -o "Drivers/STM32L4xx_HAL_Driver/Src/stm32l4xx_hal_tim.o"
arm-none-eabi-gcc "../Drivers/STM32L4xx_HAL_Driver/Src/stm32l4xx_hal_tim_ex.c" -mcpu=cortex-m4 -std=gnu11 -g3 -DDEBUG -DUSE_HAL_DRIVER -DSTM32L476xx -c -I../Core/Inc -I../Drivers/STM32L4xx_HAL_Driver/Inc -I../Drivers/STM32L4xx_HAL_Driver/Inc/Legacy -I../Drivers/CMSIS/Device/ST/STM32L4xx/Include -I../Drivers/CMSIS/Include -O0 -ffunction-sections -fdata-sections -Wall -fstack-usage -fcyclomatic-complexity -MMD -MP -MF"Drivers/STM32L4xx_HAL_Driver/Src/stm32l4xx_hal_tim_ex.d" -MT"Drivers/STM32L4xx_HAL_Driver/Src/stm32l4xx_hal_tim_ex.o" --specs=nano.specs -mfpu=fpv4-sp-d16 -mfloat-abi=hard -mthumb -o "Drivers/STM32L4xx_HAL_Driver/Src/stm32l4xx_hal_tim_ex.o"
arm-none-eabi-gcc "../Drivers/STM32L4xx_HAL_Driver/Src/stm32l4xx_hal_uart.c" -mcpu=cortex-m4 -std=gnu11 -g3 -DDEBUG -DUSE_HAL_DRIVER -DSTM32L476xx -c -I../Core/Inc -I../Drivers/STM32L4xx_HAL_Driver/Inc -I../Drivers/STM32L4xx_HAL_Driver/Inc/Legacy -I../Drivers/CMSIS/Device/ST/STM32L4xx/Include -I../Drivers/CMSIS/Include -O0 -ffunction-sections -fdata-sections -Wall -fstack-usage -fcyclomatic-complexity -MMD -MP -MF"Drivers/STM32L4xx_HAL_Driver/Src/stm32l4xx_hal_uart.d" -MT"Drivers/STM32L4xx_HAL_Driver/Src/stm32l4xx_hal_uart.o" --specs=nano.specs -mfpu=fpv4-sp-d16 -mfloat-abi=hard -mthumb -o "Drivers/STM32L4xx_HAL_Driver/Src/stm32l4xx_hal_uart.o"
arm-none-eabi-gcc "../Drivers/STM32L4xx_HAL_Driver/Src/stm32l4xx_hal_uart_ex.c" -mcpu=cortex-m4 -std=gnu11 -g3 -DDEBUG -DUSE_HAL_DRIVER -DSTM32L476xx -c -I../Core/Inc -I../Drivers/STM32L4xx_HAL_Driver/Inc -I../Drivers/STM32L4xx_HAL_Driver/Inc/Legacy -I../Drivers/CMSIS/Device/ST/STM32L4xx/Include -I../Drivers/CMSIS/Include -O0 -ffunction-sections -fdata-sections -Wall -fstack-usage -fcyclomatic-complexity -MMD -MP -MF"Drivers/STM32L4xx_HAL_Driver/Src/stm32l4xx_hal_uart_ex.d" -MT"Drivers/STM32L4xx_HAL_Driver/Src/stm32l4xx_hal_uart_ex.o" --specs=nano.specs -mfpu=fpv4-sp-d16 -mfloat-abi=hard -mthumb -o "Drivers/STM32L4xx_HAL_Driver/Src/stm32l4xx_hal_uart_ex.o"
arm-none-eabi-gcc "../Core/Src/main.c" -mcpu=cortex-m4 -std=gnu11 -g3 -DDEBUG -DUSE_HAL_DRIVER -DSTM32L476xx -c -I../Core/Inc -I../Drivers/STM32L4xx_HAL_Driver/Inc -I../Drivers/STM32L4xx_HAL_Driver/Inc/Legacy -I../Drivers/CMSIS/Device/ST/STM32L4xx/Include -I../Drivers/CMSIS/Include -O0 -ffunction-sections -fdata-sections -Wall -fstack-usage -fcyclomatic-complexity -MMD -MP -MF"Core/Src/main.d" -MT"Core/Src/main.o" --specs=nano.specs -mfpu=fpv4-sp-d16 -mfloat-abi=hard -mthumb -o "Core/Src/main.o"
arm-none-eabi-gcc "../Core/Src/stm32l4xx_hal_msp.c" -mcpu=cortex-m4 -std=gnu11 -g3 -DDEBUG -DUSE_HAL_DRIVER -DSTM32L476xx -c -I../Core/Inc -I../Drivers/STM32L4xx_HAL_Driver/Inc -I../Drivers/STM32L4xx_HAL_Driver/Inc/Legacy -I../Drivers/CMSIS/Device/ST/STM32L4xx/Include -I../Drivers/CMSIS/Include -O0 -ffunction-sections -fdata-sections -Wall -fstack-usage -fcyclomatic-complexity -MMD -MP -MF"Core/Src/stm32l4xx_hal_msp.d" -MT"Core/Src/stm32l4xx_hal_msp.o" --specs=nano.specs -mfpu=fpv4-sp-d16 -mfloat-abi=hard -mthumb -o "Core/Src/stm32l4xx_hal_msp.o"
arm-none-eabi-gcc "../Core/Src/stm32l4xx_it.c" -mcpu=cortex-m4 -std=gnu11 -g3 -DDEBUG -DUSE_HAL_DRIVER -DSTM32L476xx -c -I../Core/Inc -I../Drivers/STM32L4xx_HAL_Driver/Inc -I../Drivers/STM32L4xx_HAL_Driver/Inc/Legacy -I../Drivers/CMSIS/Device/ST/STM32L4xx/Include -I../Drivers/CMSIS/Include -O0 -ffunction-sections -fdata-sections -Wall -fstack-usage -fcyclomatic-complexity -MMD -MP -MF"Core/Src/stm32l4xx_it.d" -MT"Core/Src/stm32l4xx_it.o" --specs=nano.specs -mfpu=fpv4-sp-d16 -mfloat-abi=hard -mthumb -o "Core/Src/stm32l4xx_it.o"
arm-none-eabi-gcc "../Core/Src/system_stm32l4xx.c" -mcpu=cortex-m4 -std=gnu11 -g3 -DDEBUG -DUSE_HAL_DRIVER -DSTM32L476xx -c -I../Core/Inc -I../Drivers/STM32L4xx_HAL_Driver/Inc -I../Drivers/STM32L4xx_HAL_Driver/Inc/Legacy -I../Drivers/CMSIS/Device/ST/STM32L4xx/Include -I../Drivers/CMSIS/Include -O0 -ffunction-sections -fdata-sections -Wall -fstack-usage -fcyclomatic-complexity -MMD -MP -MF"Core/Src/system_stm32l4xx.d" -MT"Core/Src/system_stm32l4xx.o" --specs=nano.specs -mfpu=fpv4-sp-d16 -mfloat-abi=hard -mthumb -o "Core/Src/system_stm32l4xx.o"
arm-none-eabi-gcc -o "SPI_Test.elf" @"objects.list"   -mcpu=cortex-m4 -T"D:\Develop\FYP\STM32CubeIDEworkspace_1.13.0\SPI_Test\STM32L476RGTX_FLASH.ld" --specs=nosys.specs -Wl,-Map="SPI_Test.map" -Wl,--gc-sections -static --specs=nano.specs -mfpu=fpv4-sp-d16 -mfloat-abi=hard -mthumb -Wl,--start-group -lc -lm -Wl,--end-group
Finished building target: SPI_Test.elf
 
arm-none-eabi-size  SPI_Test.elf 
arm-none-eabi-objdump -h -S SPI_Test.elf  > "SPI_Test.list"
   text	   data	    bss	    dec	    hex	filename
  14476	     12	   1804	  16292	   3fa4	SPI_Test.elf
Finished building: default.size.stdout
 
Finished building: SPI_Test.list
 
13:40:43 **** Incremental Build of configuration Debug for project SPI_Test ****
make -j12 all 
arm-none-eabi-size  SPI_Test.elf 
   text	   data	    bss	    dec	    hex	filename
  14476	     12	   1804	  16292	   3fa4	SPI_Test.elf
Finished building: default.size.stdout
 
14:18:23 **** Build of configuration Debug for project 74HC595_RTOS ****
make -j12 all 
arm-none-eabi-size  74HC595_RTOS.elf 
   text	   data	    bss	    dec	    hex	filename
  23656	     36	   8116	  31808	   7c40	74HC595_RTOS.elf
Finished building: default.size.stdout
 
09:17:05 **** Build of configuration Debug for project 74HC595_RTOS ****
make -j12 all 
arm-none-eabi-size  74HC595_RTOS.elf 
   text	   data	    bss	    dec	    hex	filename
  23656	     36	   8116	  31808	   7c40	74HC595_RTOS.elf
Finished building: default.size.stdout
 
09:17:43 **** Incremental Build of configuration Debug for project 74HC595_RTOS ****
make -j12 all 
arm-none-eabi-size  74HC595_RTOS.elf 
   text	   data	    bss	    dec	    hex	filename
  23656	     36	   8116	  31808	   7c40	74HC595_RTOS.elf
Finished building: default.size.stdout
 
23:11:13 **** Incremental Build of configuration Debug for project 74HC595_RTOS ****
make -j12 all 
arm-none-eabi-size  74HC595_RTOS.elf 
   text	   data	    bss	    dec	    hex	filename
  23656	     36	   8116	  31808	   7c40	74HC595_RTOS.elf
Finished building: default.size.stdout
 
23:14:02 **** Incremental Build of configuration Debug for project 74HC595_RTOS ****
make -j12 all 
arm-none-eabi-size  74HC595_RTOS.elf 
   text	   data	    bss	    dec	    hex	filename
  23656	     36	   8116	  31808	   7c40	74HC595_RTOS.elf
Finished building: default.size.stdout
 
00:12:27 **** Build of configuration Debug for project 74HC595_Test_2 ****
make -j12 all 
arm-none-eabi-size  74HC595_Test_2.elf 
   text	   data	    bss	    dec	    hex	filename
  16824	    124	   2044	  18992	   4a30	74HC595_Test_2.elf
Finished building: default.size.stdout
 
00:25:55 **** Incremental Build of configuration Debug for project 74HC595_RTOS ****
make -j12 all 
arm-none-eabi-size  74HC595_RTOS.elf 
   text	   data	    bss	    dec	    hex	filename
  23656	     36	   8116	  31808	   7c40	74HC595_RTOS.elf
Finished building: default.size.stdout
 
00:26:39 **** Incremental Build of configuration Debug for project 74HC595_RTOS ****
make -j12 all 
arm-none-eabi-size  74HC595_RTOS.elf 
   text	   data	    bss	    dec	    hex	filename
  23656	     36	   8116	  31808	   7c40	74HC595_RTOS.elf
Finished building: default.size.stdout
 
00:27:07 **** Incremental Build of configuration Debug for project 74HC595_Test_2 ****
make -j12 all 
arm-none-eabi-size  74HC595_Test_2.elf 
   text	   data	    bss	    dec	    hex	filename
  16824	    124	   2044	  18992	   4a30	74HC595_Test_2.elf
Finished building: default.size.stdout
 
00:30:19 **** Incremental Build of configuration Debug for project 74HC595_Test_2 ****
make -j12 all 
arm-none-eabi-size  74HC595_Test_2.elf 
   text	   data	    bss	    dec	    hex	filename
  16824	    124	   2044	  18992	   4a30	74HC595_Test_2.elf
Finished building: default.size.stdout
 
00:34:37 **** Incremental Build of configuration Debug for project 74HC595_Test_2 ****
make -j12 all 
arm-none-eabi-size  74HC595_Test_2.elf 
   text	   data	    bss	    dec	    hex	filename
  16824	    124	   2044	  18992	   4a30	74HC595_Test_2.elf
Finished building: default.size.stdout
 
00:44:00 **** Incremental Build of configuration Debug for project 74HC595_Test_2 ****
make -j12 all 
arm-none-eabi-size  74HC595_Test_2.elf 
   text	   data	    bss	    dec	    hex	filename
  16824	    124	   2044	  18992	   4a30	74HC595_Test_2.elf
Finished building: default.size.stdout
 
00:44:28 **** Incremental Build of configuration Debug for project 74HC595_RTOS ****
make -j12 all 
arm-none-eabi-size  74HC595_RTOS.elf 
   text	   data	    bss	    dec	    hex	filename
  23656	     36	   8116	  31808	   7c40	74HC595_RTOS.elf
Finished building: default.size.stdout
 
00:44:35 **** Incremental Build of configuration Debug for project 74HC595_RTOS ****
make -j12 all 
arm-none-eabi-size  74HC595_RTOS.elf 
   text	   data	    bss	    dec	    hex	filename
  23656	     36	   8116	  31808	   7c40	74HC595_RTOS.elf
Finished building: default.size.stdout
 
00:51:25 **** Incremental Build of configuration Debug for project 74HC595_RTOS ****
make -j12 all 
arm-none-eabi-size  74HC595_RTOS.elf 
   text	   data	    bss	    dec	    hex	filename
  23656	     36	   8116	  31808	   7c40	74HC595_RTOS.elf
Finished building: default.size.stdout
 
00:51:39 **** Incremental Build of configuration Debug for project 74HC595_RTOS ****
make -j12 all 
arm-none-eabi-size  74HC595_RTOS.elf 
   text	   data	    bss	    dec	    hex	filename
  23656	     36	   8116	  31808	   7c40	74HC595_RTOS.elf
Finished building: default.size.stdout
 
