17:50:24 **** Incremental Build of configuration Debug for project Timer_Leraning_ISR_Demo ****
make -j12 all 
arm-none-eabi-gcc "../Core/Src/main.c" -mcpu=cortex-m4 -std=gnu11 -g3 -DDEBUG -DUSE_HAL_DRIVER -DSTM32L476xx -c -I../Core/Inc -I../Drivers/STM32L4xx_HAL_Driver/Inc -I../Drivers/STM32L4xx_HAL_Driver/Inc/Legacy -I../Drivers/CMSIS/Device/ST/STM32L4xx/Include -I../Drivers/CMSIS/Include -O0 -ffunction-sections -fdata-sections -Wall -fstack-usage -fcyclomatic-complexity -MMD -MP -MF"Core/Src/main.d" -MT"Core/Src/main.o" --specs=nano.specs -mfpu=fpv4-sp-d16 -mfloat-abi=hard -mthumb -o "Core/Src/main.o"
arm-none-eabi-gcc -o "Timer_Leraning_ISR_Demo.elf" @"objects.list"   -mcpu=cortex-m4 -T"D:\Develop\FYP\STM32CubeIDEworkspace_1.13.0\Timer_Leraning_ISR_Demo\STM32L476RGTX_FLASH.ld" --specs=nosys.specs -Wl,-Map="Timer_Leraning_ISR_Demo.map" -Wl,--gc-sections -static --specs=nano.specs -mfpu=fpv4-sp-d16 -mfloat-abi=hard -mthumb -Wl,--start-group -lc -lm -Wl,--end-group
Finished building target: Timer_Leraning_ISR_Demo.elf
 
arm-none-eabi-size  Timer_Leraning_ISR_Demo.elf 
arm-none-eabi-objdump -h -S Timer_Leraning_ISR_Demo.elf  > "Timer_Leraning_ISR_Demo.list"
   text	   data	    bss	    dec	    hex	filename
  14084	     12	   1780	  15876	   3e04	Timer_Leraning_ISR_Demo.elf
Finished building: default.size.stdout
 
Finished building: Timer_Leraning_ISR_Demo.list
 

17:50:25 Build Finished. 0 errors, 0 warnings. (took 1s.186ms)

